Archive member included because of file (symbol)

/home/zhouyongjian/wangshi/wmsdk_bundle-3.1.16/bin/wmsdk/libs/libdrv.a(mdev_startup.o)
                              (Reset_IRQHandler)
/home/zhouyongjian/wangshi/wmsdk_bundle-3.1.16/bin/wmsdk/libs/libdrv.a(mdev_pm.o)
                              /home/zhouyongjian/wangshi/wmsdk_bundle-3.1.16/bin/wmsdk/libs/libdrv.a(mdev_startup.o) (pm4_sig)
/home/zhouyongjian/wangshi/wmsdk_bundle-3.1.16/bin/wmsdk/libs/libdrv.a(mw300_clock.o)
                              /home/zhouyongjian/wangshi/wmsdk_bundle-3.1.16/bin/wmsdk/libs/libdrv.a(mdev_startup.o) (CLK_SystemClkSrc)
/home/zhouyongjian/wangshi/wmsdk_bundle-3.1.16/bin/wmsdk/libs/libdrv.a(mw300_driver.o)
                              /home/zhouyongjian/wangshi/wmsdk_bundle-3.1.16/bin/wmsdk/libs/libdrv.a(mdev_pm.o) (install_int_callback)
/home/zhouyongjian/wangshi/wmsdk_bundle-3.1.16/bin/wmsdk/libs/libdrv.a(mw300_pmu.o)
                              /home/zhouyongjian/wangshi/wmsdk_bundle-3.1.16/bin/wmsdk/libs/libdrv.a(mdev_pm.o) (PMU_SetSleepMode)
/home/zhouyongjian/wangshi/wmsdk_bundle-3.1.16/bin/wmsdk/libs/libdrv.a(mdev_rtc.o)
                              /home/zhouyongjian/wangshi/wmsdk_bundle-3.1.16/bin/wmsdk/libs/libdrv.a(mdev_pm.o) (rtc_drv_set_alarm_cb)
/home/zhouyongjian/wangshi/wmsdk_bundle-3.1.16/bin/wmsdk/libs/libdrv.a(mw300_pinmux.o)
                              /home/zhouyongjian/wangshi/wmsdk_bundle-3.1.16/bin/wmsdk/libs/libdrv.a(mdev_rtc.o) (GPIO_PinMuxFun)
/home/zhouyongjian/wangshi/wmsdk_bundle-3.1.16/bin/wmsdk/libs/libdrv.a(mw300_rtc.o)
                              /home/zhouyongjian/wangshi/wmsdk_bundle-3.1.16/bin/wmsdk/libs/libdrv.a(mdev_rtc.o) (RTC_CounterReset)
/home/zhouyongjian/wangshi/wmsdk_bundle-3.1.16/bin/wmsdk/libs/libdrv.a(mdev_gpt.o)
                              /home/zhouyongjian/wangshi/wmsdk_bundle-3.1.16/bin/wmsdk/libs/libdrv.a(mdev_rtc.o) (gpt_drv_open)
/home/zhouyongjian/wangshi/wmsdk_bundle-3.1.16/bin/wmsdk/libs/libdrv.a(mw300_gpt.o)
                              /home/zhouyongjian/wangshi/wmsdk_bundle-3.1.16/bin/wmsdk/libs/libdrv.a(mdev_gpt.o) (GPT_Init)
/home/zhouyongjian/wangshi/wmsdk_bundle-3.1.16/bin/wmsdk/libs/libfreertos.a(queue.o)
                              /home/zhouyongjian/wangshi/wmsdk_bundle-3.1.16/bin/wmsdk/libs/libdrv.a(mdev_gpt.o) (xQueueGenericSend)
/home/zhouyongjian/wangshi/wmsdk_bundle-3.1.16/bin/wmsdk/libs/libfreertos.a(tasks.o)
                              /home/zhouyongjian/wangshi/wmsdk_bundle-3.1.16/bin/wmsdk/libs/libfreertos.a(queue.o) (vTaskSuspendAll)
/home/zhouyongjian/wangshi/wmsdk_bundle-3.1.16/bin/wmsdk/libs/libfreertos.a(timers.o)
                              /home/zhouyongjian/wangshi/wmsdk_bundle-3.1.16/bin/wmsdk/libs/libfreertos.a(tasks.o) (xTimerCreateTimerTask)
/home/zhouyongjian/wangshi/wmsdk_bundle-3.1.16/bin/wmsdk/libs/libfreertos.a(port.o)
                              /home/zhouyongjian/wangshi/wmsdk_bundle-3.1.16/bin/wmsdk/libs/libfreertos.a(tasks.o) (pxPortInitialiseStack)
/home/zhouyongjian/wangshi/wmsdk_bundle-3.1.16/bin/wmsdk/libs/libfreertos.a(heap_4.o)
                              /home/zhouyongjian/wangshi/wmsdk_bundle-3.1.16/bin/wmsdk/libs/libfreertos.a(queue.o) (pvPortMalloc)
/home/zhouyongjian/wangshi/wmsdk_bundle-3.1.16/bin/wmsdk/libs/libfreertos.a(list.o)
                              /home/zhouyongjian/wangshi/wmsdk_bundle-3.1.16/bin/wmsdk/libs/libfreertos.a(queue.o) (vListInitialise)
/home/zhouyongjian/wangshi/wmsdk_bundle-3.1.16/bin/wmsdk/libs/libmdev.a(mdev.o)
                              /home/zhouyongjian/wangshi/wmsdk_bundle-3.1.16/bin/wmsdk/libs/libdrv.a(mdev_rtc.o) (mdev_register)
/home/zhouyongjian/wangshi/wmsdk_bundle-3.1.16/bin/wmsdk/libs/libos.a(os.o)
                              /home/zhouyongjian/wangshi/wmsdk_bundle-3.1.16/bin/wmsdk/libs/libfreertos.a(tasks.o) (vApplicationStackOverflowHook)
/home/zhouyongjian/wangshi/wmsdk_bundle-3.1.16/bin/wmsdk/libs/libpwrmgr.a(pwrmgr.o)
                              /home/zhouyongjian/wangshi/wmsdk_bundle-3.1.16/bin/wmsdk/libs/libdrv.a(mdev_rtc.o) (pm_register_cb)
/home/zhouyongjian/wangshi/wmsdk_bundle-3.1.16/bin/wmsdk/libs/libutil.a(boot_flags.o)
                              /home/zhouyongjian/wangshi/wmsdk_bundle-3.1.16/bin/wmsdk/libs/libdrv.a(mdev_startup.o) (boot_init)
/home/zhouyongjian/wangshi/wmsdk_bundle-3.1.16/bin/wmsdk/libs/libutil.a(critical_error.o)
                              /home/zhouyongjian/wangshi/wmsdk_bundle-3.1.16/bin/wmsdk/libs/libdrv.a(mdev_startup.o) (critical_error)
/home/zhouyongjian/wangshi/wmsdk_bundle-3.1.16/bin/wmsdk/libs/libwmstdio.a(wmstdio.o)
                              /home/zhouyongjian/wangshi/wmsdk_bundle-3.1.16/bin/wmsdk/libs/libdrv.a(mdev_pm.o) (wmprintf)
/home/zhouyongjian/wangshi/wmsdk_bundle-3.1.16/bin/wmsdk/libs/libwmstdio.a(console.o)
                              /home/zhouyongjian/wangshi/wmsdk_bundle-3.1.16/bin/wmsdk/libs/libwmstdio.a(wmstdio.o) (serial_console_printf)
[...]
Memory Configuration

Name             Origin             Length             Attributes
SRAM0            0x00100000         0x00060000         xrw
SRAM1            0x20000000         0x00020000         xrw
NVRAM            0x480c0000         0x00001000         rw
FLASHC           0x20020000         0x00008000         rw
*default*        0x00000000         0xffffffff

Linker script and memory map

                0x00000040                _rom_data = 0x40
START GROUP
LOAD /home/zhouyongjian/wangshi/wmsdk_bundle-3.1.16/bin/wmsdk/libs/libaca.a
LOAD /home/zhouyongjian/wangshi/wmsdk_bundle-3.1.16/bin/wmsdk/libs/libaescrypto.a
LOAD /home/zhouyongjian/wangshi/wmsdk_bundle-3.1.16/bin/wmsdk/libs/libapp_framework.a
LOAD /home/zhouyongjian/wangshi/wmsdk_bundle-3.1.16/bin/wmsdk/libs/libbn.a
LOAD /home/zhouyongjian/wangshi/wmsdk_bundle-3.1.16/bin/wmsdk/libs/libbtdriver.a
LOAD /home/zhouyongjian/wangshi/wmsdk_bundle-3.1.16/bin/wmsdk/libs/libc.a
LOAD /home/zhouyongjian/wangshi/wmsdk_bundle-3.1.16/bin/wmsdk/libs/libcacheprof.a
LOAD /home/zhouyongjian/wangshi/wmsdk_bundle-3.1.16/bin/wmsdk/libs/libchacha-20.a
LOAD /home/zhouyongjian/wangshi/wmsdk_bundle-3.1.16/bin/wmsdk/libs/libcli.a
LOAD /home/zhouyongjian/wangshi/wmsdk_bundle-3.1.16/bin/wmsdk/libs/libctaocrypt.a
LOAD /home/zhouyongjian/wangshi/wmsdk_bundle-3.1.16/bin/wmsdk/libs/libcurve25519.a
LOAD /home/zhouyongjian/wangshi/wmsdk_bundle-3.1.16/bin/wmsdk/libs/libcyassl.a
LOAD /home/zhouyongjian/wangshi/wmsdk_bundle-3.1.16/bin/wmsdk/libs/libdhcpd.a
LOAD /home/zhouyongjian/wangshi/wmsdk_bundle-3.1.16/bin/wmsdk/libs/libdiagnostics.a
LOAD /home/zhouyongjian/wangshi/wmsdk_bundle-3.1.16/bin/wmsdk/libs/libdrv.a
LOAD /home/zhouyongjian/wangshi/wmsdk_bundle-3.1.16/bin/wmsdk/libs/libed25519.a
LOAD /home/zhouyongjian/wangshi/wmsdk_bundle-3.1.16/bin/wmsdk/libs/libezxml.a
LOAD /home/zhouyongjian/wangshi/wmsdk_bundle-3.1.16/bin/wmsdk/libs/libfreertos.a
LOAD /home/zhouyongjian/wangshi/wmsdk_bundle-3.1.16/bin/wmsdk/libs/libftfs.a
LOAD /home/zhouyongjian/wangshi/wmsdk_bundle-3.1.16/bin/wmsdk/libs/libhealthmon.a
LOAD /home/zhouyongjian/wangshi/wmsdk_bundle-3.1.16/bin/wmsdk/libs/libhkdf-sha512.a
LOAD /home/zhouyongjian/wangshi/wmsdk_bundle-3.1.16/bin/wmsdk/libs/libhttpclient.a
LOAD /home/zhouyongjian/wangshi/wmsdk_bundle-3.1.16/bin/wmsdk/libs/libhttpd.a
LOAD /home/zhouyongjian/wangshi/wmsdk_bundle-3.1.16/bin/wmsdk/libs/libjson.a
LOAD /home/zhouyongjian/wangshi/wmsdk_bundle-3.1.16/bin/wmsdk/libs/libjson_generator.a
LOAD /home/zhouyongjian/wangshi/wmsdk_bundle-3.1.16/bin/wmsdk/libs/libled_indicator.a
LOAD /home/zhouyongjian/wangshi/wmsdk_bundle-3.1.16/bin/wmsdk/libs/liblwip.a
LOAD /home/zhouyongjian/wangshi/wmsdk_bundle-3.1.16/bin/wmsdk/libs/libmdev.a
LOAD /home/zhouyongjian/wangshi/wmsdk_bundle-3.1.16/bin/wmsdk/libs/libmdns.a
LOAD /home/zhouyongjian/wangshi/wmsdk_bundle-3.1.16/bin/wmsdk/libs/libnet.a
LOAD /home/zhouyongjian/wangshi/wmsdk_bundle-3.1.16/bin/wmsdk/libs/libnwutils.a
LOAD /home/zhouyongjian/wangshi/wmsdk_bundle-3.1.16/bin/wmsdk/libs/libos.a
LOAD /home/zhouyongjian/wangshi/wmsdk_bundle-3.1.16/bin/wmsdk/libs/liboverlays.a
LOAD /home/zhouyongjian/wangshi/wmsdk_bundle-3.1.16/bin/wmsdk/libs/libpart.a
LOAD /home/zhouyongjian/wangshi/wmsdk_bundle-3.1.16/bin/wmsdk/libs/libpoly1305.a
LOAD /home/zhouyongjian/wangshi/wmsdk_bundle-3.1.16/bin/wmsdk/libs/libprovisioning.a
LOAD /home/zhouyongjian/wangshi/wmsdk_bundle-3.1.16/bin/wmsdk/libs/libpsm.a
LOAD /home/zhouyongjian/wangshi/wmsdk_bundle-3.1.16/bin/wmsdk/libs/libpush_button.a
LOAD /home/zhouyongjian/wangshi/wmsdk_bundle-3.1.16/bin/wmsdk/libs/libpwrmgr.a
LOAD /home/zhouyongjian/wangshi/wmsdk_bundle-3.1.16/bin/wmsdk/libs/librfget.a
LOAD /home/zhouyongjian/wangshi/wmsdk_bundle-3.1.16/bin/wmsdk/libs/libsrp6a.a
LOAD /home/zhouyongjian/wangshi/wmsdk_bundle-3.1.16/bin/wmsdk/libs/libsysinfo.a
LOAD /home/zhouyongjian/wangshi/wmsdk_bundle-3.1.16/bin/wmsdk/libs/libtelnetd.a
LOAD /home/zhouyongjian/wangshi/wmsdk_bundle-3.1.16/bin/wmsdk/libs/libtls.a
LOAD /home/zhouyongjian/wangshi/wmsdk_bundle-3.1.16/bin/wmsdk/libs/libttcp.a
LOAD /home/zhouyongjian/wangshi/wmsdk_bundle-3.1.16/bin/wmsdk/libs/libutil.a
LOAD /home/zhouyongjian/wangshi/wmsdk_bundle-3.1.16/bin/wmsdk/libs/libwebsocket.a
LOAD /home/zhouyongjian/wangshi/wmsdk_bundle-3.1.16/bin/wmsdk/libs/libwifidriver.a
LOAD /home/zhouyongjian/wangshi/wmsdk_bundle-3.1.16/bin/wmsdk/libs/libwlcmgr.a
LOAD /home/zhouyongjian/wangshi/wmsdk_bundle-3.1.16/bin/wmsdk/libs/libwmcrypto.a
LOAD /home/zhouyongjian/wangshi/wmsdk_bundle-3.1.16/bin/wmsdk/libs/libwmstdio.a
LOAD /home/zhouyongjian/wangshi/wmsdk_bundle-3.1.16/bin/wmsdk/libs/libwmtime.a
LOAD /home/zhouyongjian/wangshi/wmsdk_bundle-3.1.16/bin/wmsdk/libs/libwps.a
LOAD /home/zhouyongjian/wangshi/wmsdk_bundle-3.1.16/bin/wmsdk/libs/libxively.a
LOAD /home/zhouyongjian/wangshi/wmsdk_bundle-3.1.16/bin/wmsdk/libs/libxz.a
LOAD obj/board.o
LOAD obj/electric_measure.o
LOAD obj/C_HLW8012_debug.o
END GROUP
START GROUP
LOAD /home/zhouyongjian/Intelligent_AC_Infrared/gcc-arm-none-eabi-4_8-2014q2/bin/../lib/gcc/arm-none-eabi/4.8.4/armv7e-m/libgcc.a
LOAD /home/zhouyongjian/Intelligent_AC_Infrared/gcc-arm-none-eabi-4_8-2014q2/bin/../lib/gcc/arm-none-eabi/4.8.4/../../../../arm-none-eabi/lib/armv7e-m/libg.a
LOAD /home/zhouyongjian/Intelligent_AC_Infrared/gcc-arm-none-eabi-4_8-2014q2/bin/../lib/gcc/arm-none-eabi/4.8.4/../../../../arm-none-eabi/lib/armv7e-m/libc.a
END GROUP
                0x20020000                _estack = 0x20020000
                0x00012000                _heap_size = 0x12000
                0x00000800                _min_stack_size = 0x800
                0x1f000000                _flashc_mem_start = 0x1f000000
                0x00001000                _keystore_size = 0x1000
                0x0015f000                _e_sram0 = ((ORIGIN (SRAM0) + 0x60000) - _keystore_size)

.text           0x00100000     0x68a8
                0x00100000                . = ALIGN (0x100)
 *(.isr_vector)
 .isr_vector    0x00100000      0x13c /home/zhouyongjian/wangshi/wmsdk_bundle-3.1.16/bin/wmsdk/libs/libdrv.a(mdev_startup.o)
                0x00100000                __vector_table
                0x0010013c                . = ALIGN (0x4)
 *(.text.Reset_IRQHandler)
 .text.Reset_IRQHandler
                0x0010013c        0xc /home/zhouyongjian/wangshi/wmsdk_bundle-3.1.16/bin/wmsdk/libs/libdrv.a(mdev_startup.o)
                0x0010013c                Reset_IRQHandler
 *(.text .text.* .gnu.linkonce.t.*)
 .text.Default_IRQHandler
                0x00100148       0x12 /home/zhouyongjian/wangshi/wmsdk_bundle-3.1.16/bin/wmsdk/libs/libdrv.a(mdev_startup.o)
                0x00100148                ExtPin24_IRQHandler
                0x00100148                ExtPin11_IRQHandler
                0x00100148                ExtPin8_IRQHandler
                0x00100148                I2C0_IRQHandler
                0x00100148                ExtPin4_IRQHandler
                0x00100148                ExtPin20_IRQHandler
                0x00100148                ExtPin13_IRQHandler
                0x00100148                BRNDET_IRQHandler
                0x00100148                SDIO_IRQHandler
                0x00100148                I2C1_IRQHandler
                0x00100148                ExtPin5_IRQHandler
                0x00100148                ExtPin27_IRQHandler
                0x00100148                ACOMPWKUP_IRQHandler
                0x00100148                ExtPin9_IRQHandler
                0x00100148                ExtPin17_IRQHandler
                0x00100148                ADC0_IRQHandler
                0x00100148                BusFault_IRQHandler
                0x00100148                SSP0_IRQHandler
                0x00100148                ExtPin21_IRQHandler
                0x00100148                ExtPin14_IRQHandler
                0x00100148                ExtPin23_IRQHandler
                0x00100148                ACOMP_IRQHandler
                0x00100148                ExtPin12_IRQHandler
                0x00100148                ExtPin16_IRQHandler
                0x00100148                ExtPin3_IRQHandler
                0x00100148                SSP1_IRQHandler
                0x00100148                ULPCOMP_IRQHandler
                0x00100148                UsageFault_IRQHandler
                0x00100148                USB_IRQHandler
                0x00100148                ExtPin19_IRQHandler
                0x00100148                WDT_IRQHandler
                0x00100148                DebugMonitor_IRQHandler
                0x00100148                PLL_IRQHandler
                0x00100148                Default_IRQHandler
                0x00100148                MemManage_IRQHandler
                0x00100148                SSP2_IRQHandler
                0x00100148                DAC_IRQHandler
                0x00100148                ExtPin26_IRQHandler
                0x00100148                AES_IRQHandler
                0x00100148                ExtPin6_IRQHandler
                0x00100148                CRC_IRQHandler
                0x00100148                ExtPin25_IRQHandler
                0x00100148                NMI_IRQHandler
                0x00100148                ExtPin18_IRQHandler
                0x00100148                ExtPin22_IRQHandler
                0x00100148                ExtPin10_IRQHandler
                0x00100148                ExtPin7_IRQHandler
                0x00100148                ExtPin15_IRQHandler
 .text.HardFault_IRQHandler
                0x0010015a        0xc /home/zhouyongjian/wangshi/wmsdk_bundle-3.1.16/bin/wmsdk/libs/libdrv.a(mdev_startup.o)
                0x0010015a                HardFault_IRQHandler
 *fill*         0x00100166        0x2 
 .text.Setup_RC32M
                0x00100168       0xa0 /home/zhouyongjian/wangshi/wmsdk_bundle-3.1.16/bin/wmsdk/libs/libdrv.a(mdev_startup.o)
 .text.CLK_Init
                0x00100208      0x1fc /home/zhouyongjian/wangshi/wmsdk_bundle-3.1.16/bin/wmsdk/libs/libdrv.a(mdev_startup.o)
                0x00100208                CLK_Init
 .text.Reset_IRQHandler_C
                0x00100404       0xc8 /home/zhouyongjian/wangshi/wmsdk_bundle-3.1.16/bin/wmsdk/libs/libdrv.a(mdev_startup.o)
                0x00100404                Reset_IRQHandler_C
 .text.Default_IRQHandler_C
                0x001004cc       0xa4 /home/zhouyongjian/wangshi/wmsdk_bundle-3.1.16/bin/wmsdk/libs/libdrv.a(mdev_startup.o)
                0x001004cc                Default_IRQHandler_C
 .text.HardFault_IRQHandler_C
                0x00100570       0xf8 /home/zhouyongjian/wangshi/wmsdk_bundle-3.1.16/bin/wmsdk/libs/libdrv.a(mdev_startup.o)
                0x00100570                HardFault_IRQHandler_C
 .text.CLK_SystemClkSrc
                0x00100668       0x98 /home/zhouyongjian/wangshi/wmsdk_bundle-3.1.16/bin/wmsdk/libs/libdrv.a(mw300_clock.o)
                0x00100668                CLK_SystemClkSrc
 .text.CLK_GetSystemClk
                0x00100700       0x80 /home/zhouyongjian/wangshi/wmsdk_bundle-3.1.16/bin/wmsdk/libs/libdrv.a(mw300_clock.o)
                0x00100700                CLK_GetSystemClk
 .text.CLK_GPTInternalClkSrc
                0x00100780      0x1a8 /home/zhouyongjian/wangshi/wmsdk_bundle-3.1.16/bin/wmsdk/libs/libdrv.a(mw300_clock.o)
                0x00100780                CLK_GPTInternalClkSrc
 .text.CLK_SfllEnable
                0x00100928       0x50 /home/zhouyongjian/wangshi/wmsdk_bundle-3.1.16/bin/wmsdk/libs/libdrv.a(mw300_clock.o)
                0x00100928                CLK_SfllEnable
 .text.CLK_SfllDisable
                0x00100978       0x10 /home/zhouyongjian/wangshi/wmsdk_bundle-3.1.16/bin/wmsdk/libs/libdrv.a(mw300_clock.o)
                0x00100978                CLK_SfllDisable
 .text.CLK_ModuleClkEnable
                0x00100988      0x188 /home/zhouyongjian/wangshi/wmsdk_bundle-3.1.16/bin/wmsdk/libs/libdrv.a(mw300_clock.o)
                0x00100988                CLK_ModuleClkEnable
 .text.CLK_ModuleClkDivider
                0x00100b10      0x180 /home/zhouyongjian/wangshi/wmsdk_bundle-3.1.16/bin/wmsdk/libs/libdrv.a(mw300_clock.o)
                0x00100b10                CLK_ModuleClkDivider
 .text.CLK_RefClkEnable
                0x00100c90       0x38 /home/zhouyongjian/wangshi/wmsdk_bundle-3.1.16/bin/wmsdk/libs/libdrv.a(mw300_clock.o)
                0x00100c90                CLK_RefClkEnable
 .text.CLK_RC32MCalibration
                0x00100cc8       0xd4 /home/zhouyongjian/wangshi/wmsdk_bundle-3.1.16/bin/wmsdk/libs/libdrv.a(mw300_clock.o)
                0x00100cc8                CLK_RC32MCalibration
 .text.CLK_GetClkStatus
                0x00100d9c       0x70 /home/zhouyongjian/wangshi/wmsdk_bundle-3.1.16/bin/wmsdk/libs/libdrv.a(mw300_clock.o)
                0x00100d9c                CLK_GetClkStatus
 .text.RC32M_IRQHandler
                0x00100e0c       0x54 /home/zhouyongjian/wangshi/wmsdk_bundle-3.1.16/bin/wmsdk/libs/libdrv.a(mw300_clock.o)
                0x00100e0c                RC32M_IRQHandler
 .text.install_int_callback
                0x00100e60       0x10 /home/zhouyongjian/wangshi/wmsdk_bundle-3.1.16/bin/wmsdk/libs/libdrv.a(mw300_driver.o)
                0x00100e60                install_int_callback
 .text.PMU_ConfigWakeupPin
                0x00100e70       0x28 /home/zhouyongjian/wangshi/wmsdk_bundle-3.1.16/bin/wmsdk/libs/libdrv.a(mw300_pmu.o)
                0x00100e70                PMU_ConfigWakeupPin
 .text.PMU_GetLastResetCause
                0x00100e98       0x10 /home/zhouyongjian/wangshi/wmsdk_bundle-3.1.16/bin/wmsdk/libs/libdrv.a(mw300_pmu.o)
                0x00100e98                PMU_GetLastResetCause
 .text.PMU_ClrLastResetCause
                0x00100ea8       0x48 /home/zhouyongjian/wangshi/wmsdk_bundle-3.1.16/bin/wmsdk/libs/libdrv.a(mw300_pmu.o)
                0x00100ea8                PMU_ClrLastResetCause
 .text.PMU_PowerOnVDDIO
                0x00100ef0       0x90 /home/zhouyongjian/wangshi/wmsdk_bundle-3.1.16/bin/wmsdk/libs/libdrv.a(mw300_pmu.o)
                0x00100ef0                PMU_PowerOnVDDIO
 .text.PMU_VbatBrndetCmd
                0x00100f80       0x1c /home/zhouyongjian/wangshi/wmsdk_bundle-3.1.16/bin/wmsdk/libs/libdrv.a(mw300_pmu.o)
                0x00100f80                PMU_VbatBrndetCmd
 .text.PMU_VbatBrndetRstCmd
                0x00100f9c       0x18 /home/zhouyongjian/wangshi/wmsdk_bundle-3.1.16/bin/wmsdk/libs/libdrv.a(mw300_pmu.o)
                0x00100f9c                PMU_VbatBrndetRstCmd
 .text.PMU_PowerOnWLAN
                0x00100fb4       0x14 /home/zhouyongjian/wangshi/wmsdk_bundle-3.1.16/bin/wmsdk/libs/libdrv.a(mw300_pmu.o)
                0x00100fb4                PMU_PowerOnWLAN
 .text.ExtPin0_IRQHandler
                0x00100fc8       0x3c /home/zhouyongjian/wangshi/wmsdk_bundle-3.1.16/bin/wmsdk/libs/libdrv.a(mw300_pmu.o)
                0x00100fc8                ExtPin0_IRQHandler
 .text.ExtPin1_IRQHandler
                0x00101004       0x3c /home/zhouyongjian/wangshi/wmsdk_bundle-3.1.16/bin/wmsdk/libs/libdrv.a(mw300_pmu.o)
                0x00101004                ExtPin1_IRQHandler
 .text.WIFIWKUP_IRQHandler
                0x00101040       0x40 /home/zhouyongjian/wangshi/wmsdk_bundle-3.1.16/bin/wmsdk/libs/libdrv.a(mw300_pmu.o)
                0x00101040                WIFIWKUP_IRQHandler
 .text.GPIO_PinMuxFun
                0x00101080       0x40 /home/zhouyongjian/wangshi/wmsdk_bundle-3.1.16/bin/wmsdk/libs/libdrv.a(mw300_pinmux.o)
                0x00101080                GPIO_PinMuxFun
 .text.RTC_IRQHandler
                0x001010c0       0x44 /home/zhouyongjian/wangshi/wmsdk_bundle-3.1.16/bin/wmsdk/libs/libdrv.a(mw300_rtc.o)
                0x001010c0                RTC_IRQHandler
 .text.gpt_drv_open
                0x00101104       0x68 /home/zhouyongjian/wangshi/wmsdk_bundle-3.1.16/bin/wmsdk/libs/libdrv.a(mdev_gpt.o)
                0x00101104                gpt_drv_open
 .text.gpt_drv_set
                0x0010116c       0x1e /home/zhouyongjian/wangshi/wmsdk_bundle-3.1.16/bin/wmsdk/libs/libdrv.a(mdev_gpt.o)
                0x0010116c                gpt_drv_set
 .text.gpt_drv_setcb
                0x0010118a        0xe /home/zhouyongjian/wangshi/wmsdk_bundle-3.1.16/bin/wmsdk/libs/libdrv.a(mdev_gpt.o)
                0x0010118a                gpt_drv_setcb
 .text.gpt_drv_start
                0x00101198       0x64 /home/zhouyongjian/wangshi/wmsdk_bundle-3.1.16/bin/wmsdk/libs/libdrv.a(mdev_gpt.o)
                0x00101198                gpt_drv_start
 .text.gpt_drv_init
                0x001011fc       0x94 /home/zhouyongjian/wangshi/wmsdk_bundle-3.1.16/bin/wmsdk/libs/libdrv.a(mdev_gpt.o)
                0x001011fc                gpt_drv_init
 .text.GPT_IRQHandler
                0x00101290       0xe0 /home/zhouyongjian/wangshi/wmsdk_bundle-3.1.16/bin/wmsdk/libs/libdrv.a(mw300_gpt.o)
 .text.GPT_Init
                0x00101370       0x44 /home/zhouyongjian/wangshi/wmsdk_bundle-3.1.16/bin/wmsdk/libs/libdrv.a(mw300_gpt.o)
                0x00101370                GPT_Init
 .text.GPT_CounterReset
                0x001013b4       0x38 /home/zhouyongjian/wangshi/wmsdk_bundle-3.1.16/bin/wmsdk/libs/libdrv.a(mw300_gpt.o)
                0x001013b4                GPT_CounterReset
 .text.GPT_Start
                0x001013ec       0x14 /home/zhouyongjian/wangshi/wmsdk_bundle-3.1.16/bin/wmsdk/libs/libdrv.a(mw300_gpt.o)
                0x001013ec                GPT_Start
 .text.GPT_IntMask
                0x00101400       0x84 /home/zhouyongjian/wangshi/wmsdk_bundle-3.1.16/bin/wmsdk/libs/libdrv.a(mw300_gpt.o)
                0x00101400                GPT_IntMask
 .text.GPT0_IRQHandler
                0x00101484        0x8 /home/zhouyongjian/wangshi/wmsdk_bundle-3.1.16/bin/wmsdk/libs/libdrv.a(mw300_gpt.o)
                0x00101484                GPT0_IRQHandler
 .text.GPT1_IRQHandler
                0x0010148c        0x8 /home/zhouyongjian/wangshi/wmsdk_bundle-3.1.16/bin/wmsdk/libs/libdrv.a(mw300_gpt.o)
                0x0010148c                GPT1_IRQHandler
 .text.GPT2_IRQHandler
                0x00101494        0x8 /home/zhouyongjian/wangshi/wmsdk_bundle-3.1.16/bin/wmsdk/libs/libdrv.a(mw300_gpt.o)
                0x00101494                GPT2_IRQHandler
 .text.GPT3_IRQHandler
                0x0010149c        0x8 /home/zhouyongjian/wangshi/wmsdk_bundle-3.1.16/bin/wmsdk/libs/libdrv.a(mw300_gpt.o)
                0x0010149c                GPT3_IRQHandler
 .text.prvCopyDataToQueue
                0x001014a4       0x6c /home/zhouyongjian/wangshi/wmsdk_bundle-3.1.16/bin/wmsdk/libs/libfreertos.a(queue.o)
 .text.prvCopyDataFromQueue
                0x00101510       0x28 /home/zhouyongjian/wangshi/wmsdk_bundle-3.1.16/bin/wmsdk/libs/libfreertos.a(queue.o)
 .text.prvUnlockQueue
                0x00101538       0x90 /home/zhouyongjian/wangshi/wmsdk_bundle-3.1.16/bin/wmsdk/libs/libfreertos.a(queue.o)
 .text.xQueueCreate
                0x001015c8       0x70 /home/zhouyongjian/wangshi/wmsdk_bundle-3.1.16/bin/wmsdk/libs/libfreertos.a(queue.o)
                0x001015c8                xQueueCreate
 .text.xQueueGenericSend
                0x00101638       0xe0 /home/zhouyongjian/wangshi/wmsdk_bundle-3.1.16/bin/wmsdk/libs/libfreertos.a(queue.o)
                0x00101638                xQueueGenericSend
 .text.xQueueCreateMutex
                0x00101718       0x44 /home/zhouyongjian/wangshi/wmsdk_bundle-3.1.16/bin/wmsdk/libs/libfreertos.a(queue.o)
                0x00101718                xQueueCreateMutex
 .text.xQueueGenericSendFromISR
                0x0010175c       0x54 /home/zhouyongjian/wangshi/wmsdk_bundle-3.1.16/bin/wmsdk/libs/libfreertos.a(queue.o)
                0x0010175c                xQueueGenericSendFromISR
 .text.xQueueGenericReceive
                0x001017b0      0x118 /home/zhouyongjian/wangshi/wmsdk_bundle-3.1.16/bin/wmsdk/libs/libfreertos.a(queue.o)
                0x001017b0                xQueueGenericReceive
 .text.vQueueWaitForMessageRestricted
                0x001018c8       0x3c /home/zhouyongjian/wangshi/wmsdk_bundle-3.1.16/bin/wmsdk/libs/libfreertos.a(queue.o)
                0x001018c8                vQueueWaitForMessageRestricted
 .text.prvAddCurrentTaskToDelayedList
                0x00101904       0x50 /home/zhouyongjian/wangshi/wmsdk_bundle-3.1.16/bin/wmsdk/libs/libfreertos.a(tasks.o)
 .text.xTaskGenericCreate
                0x00101954      0x1c4 /home/zhouyongjian/wangshi/wmsdk_bundle-3.1.16/bin/wmsdk/libs/libfreertos.a(tasks.o)
                0x00101954                xTaskGenericCreate
 .text.vTaskDelete
                0x00101b18       0x90 /home/zhouyongjian/wangshi/wmsdk_bundle-3.1.16/bin/wmsdk/libs/libfreertos.a(tasks.o)
                0x00101b18                vTaskDelete
 .text.vTaskStartScheduler
                0x00101ba8       0x58 /home/zhouyongjian/wangshi/wmsdk_bundle-3.1.16/bin/wmsdk/libs/libfreertos.a(tasks.o)
                0x00101ba8                vTaskStartScheduler
 .text.vTaskSuspendAll
                0x00101c00       0x10 /home/zhouyongjian/wangshi/wmsdk_bundle-3.1.16/bin/wmsdk/libs/libfreertos.a(tasks.o)
                0x00101c00                vTaskSuspendAll
 .text.xTaskGetTickCount
                0x00101c10       0x18 /home/zhouyongjian/wangshi/wmsdk_bundle-3.1.16/bin/wmsdk/libs/libfreertos.a(tasks.o)
                0x00101c10                xTaskGetTickCount
 .text.vTaskIncrementTick
                0x00101c28      0x120 /home/zhouyongjian/wangshi/wmsdk_bundle-3.1.16/bin/wmsdk/libs/libfreertos.a(tasks.o)
                0x00101c28                vTaskIncrementTick
 .text.xTaskResumeAll
                0x00101d48       0xd4 /home/zhouyongjian/wangshi/wmsdk_bundle-3.1.16/bin/wmsdk/libs/libfreertos.a(tasks.o)
                0x00101d48                xTaskResumeAll
 .text.vTaskDelay
                0x00101e1c       0x50 /home/zhouyongjian/wangshi/wmsdk_bundle-3.1.16/bin/wmsdk/libs/libfreertos.a(tasks.o)
                0x00101e1c                vTaskDelay
 .text.prvIdleTask
                0x00101e6c       0x98 /home/zhouyongjian/wangshi/wmsdk_bundle-3.1.16/bin/wmsdk/libs/libfreertos.a(tasks.o)
 .text.vTaskSwitchContext
                0x00101f04      0x104 /home/zhouyongjian/wangshi/wmsdk_bundle-3.1.16/bin/wmsdk/libs/libfreertos.a(tasks.o)
                0x00101f04                vTaskSwitchContext
 .text.vTaskSuspend
                0x00102008       0x74 /home/zhouyongjian/wangshi/wmsdk_bundle-3.1.16/bin/wmsdk/libs/libfreertos.a(tasks.o)
                0x00102008                vTaskSuspend
 .text.vTaskPlaceOnEventList
                0x0010207c       0x44 /home/zhouyongjian/wangshi/wmsdk_bundle-3.1.16/bin/wmsdk/libs/libfreertos.a(tasks.o)
                0x0010207c                vTaskPlaceOnEventList
 .text.vTaskPlaceOnEventListRestricted
                0x001020c0       0x2c /home/zhouyongjian/wangshi/wmsdk_bundle-3.1.16/bin/wmsdk/libs/libfreertos.a(tasks.o)
                0x001020c0                vTaskPlaceOnEventListRestricted
 .text.xTaskRemoveFromEventList
                0x001020ec       0x6c /home/zhouyongjian/wangshi/wmsdk_bundle-3.1.16/bin/wmsdk/libs/libfreertos.a(tasks.o)
                0x001020ec                xTaskRemoveFromEventList
 .text.vTaskSetTimeOutState
                0x00102158       0x18 /home/zhouyongjian/wangshi/wmsdk_bundle-3.1.16/bin/wmsdk/libs/libfreertos.a(tasks.o)
                0x00102158                vTaskSetTimeOutState
 .text.xTaskCheckForTimeOut
                0x00102170       0x74 /home/zhouyongjian/wangshi/wmsdk_bundle-3.1.16/bin/wmsdk/libs/libfreertos.a(tasks.o)
                0x00102170                xTaskCheckForTimeOut
 .text.vTaskMissedYield
                0x001021e4        0xc /home/zhouyongjian/wangshi/wmsdk_bundle-3.1.16/bin/wmsdk/libs/libfreertos.a(tasks.o)
                0x001021e4                vTaskMissedYield
 .text.xTaskGetCurrentTaskHandle
                0x001021f0        0xc /home/zhouyongjian/wangshi/wmsdk_bundle-3.1.16/bin/wmsdk/libs/libfreertos.a(tasks.o)
                0x001021f0                xTaskGetCurrentTaskHandle
 .text.xTaskGetSchedulerState
                0x001021fc       0x1c /home/zhouyongjian/wangshi/wmsdk_bundle-3.1.16/bin/wmsdk/libs/libfreertos.a(tasks.o)
                0x001021fc                xTaskGetSchedulerState
 .text.vTaskPriorityInherit
                0x00102218       0x68 /home/zhouyongjian/wangshi/wmsdk_bundle-3.1.16/bin/wmsdk/libs/libfreertos.a(tasks.o)
                0x00102218                vTaskPriorityInherit
 .text.vTaskPriorityDisinherit
                0x00102280       0x48 /home/zhouyongjian/wangshi/wmsdk_bundle-3.1.16/bin/wmsdk/libs/libfreertos.a(tasks.o)
                0x00102280                vTaskPriorityDisinherit
 .text.get_current_taskname
                0x001022c8        0xc /home/zhouyongjian/wangshi/wmsdk_bundle-3.1.16/bin/wmsdk/libs/libfreertos.a(tasks.o)
                0x001022c8                get_current_taskname
 .text.prvCheckForValidListAndQueue
                0x001022d4       0x54 /home/zhouyongjian/wangshi/wmsdk_bundle-3.1.16/bin/wmsdk/libs/libfreertos.a(timers.o)
 .text.prvInsertTimerInActiveList
                0x00102328       0x44 /home/zhouyongjian/wangshi/wmsdk_bundle-3.1.16/bin/wmsdk/libs/libfreertos.a(timers.o)
 .text.xTimerCreateTimerTask
                0x0010236c       0x38 /home/zhouyongjian/wangshi/wmsdk_bundle-3.1.16/bin/wmsdk/libs/libfreertos.a(timers.o)
                0x0010236c                xTimerCreateTimerTask
 .text.xTimerGenericCommand
                0x001023a4       0x50 /home/zhouyongjian/wangshi/wmsdk_bundle-3.1.16/bin/wmsdk/libs/libfreertos.a(timers.o)
                0x001023a4                xTimerGenericCommand
 .text.prvSwitchTimerLists.isra.1
                0x001023f4       0x7c /home/zhouyongjian/wangshi/wmsdk_bundle-3.1.16/bin/wmsdk/libs/libfreertos.a(timers.o)
 .text.prvTimerTask
                0x00102470      0x158 /home/zhouyongjian/wangshi/wmsdk_bundle-3.1.16/bin/wmsdk/libs/libfreertos.a(timers.o)
 .text.pxPortInitialiseStack
                0x001025c8       0x20 /home/zhouyongjian/wangshi/wmsdk_bundle-3.1.16/bin/wmsdk/libs/libfreertos.a(port.o)
                0x001025c8                pxPortInitialiseStack
 .text.SVC_IRQHandler
                0x001025e8       0x20 /home/zhouyongjian/wangshi/wmsdk_bundle-3.1.16/bin/wmsdk/libs/libfreertos.a(port.o)
                0x001025e8                SVC_IRQHandler
 .text.vPortStartFirstTask
                0x00102608       0x14 /home/zhouyongjian/wangshi/wmsdk_bundle-3.1.16/bin/wmsdk/libs/libfreertos.a(port.o)
                0x00102608                vPortStartFirstTask
 .text.xPortStartScheduler
                0x0010261c       0x50 /home/zhouyongjian/wangshi/wmsdk_bundle-3.1.16/bin/wmsdk/libs/libfreertos.a(port.o)
                0x0010261c                xPortStartScheduler
 .text.vPortYieldFromISR
                0x0010266c       0x14 /home/zhouyongjian/wangshi/wmsdk_bundle-3.1.16/bin/wmsdk/libs/libfreertos.a(port.o)
                0x0010266c                vPortYieldFromISR
 .text.vPortEnterCritical
                0x00102680       0x18 /home/zhouyongjian/wangshi/wmsdk_bundle-3.1.16/bin/wmsdk/libs/libfreertos.a(port.o)
                0x00102680                vPortEnterCritical
 .text.vPortExitCritical
                0x00102698       0x18 /home/zhouyongjian/wangshi/wmsdk_bundle-3.1.16/bin/wmsdk/libs/libfreertos.a(port.o)
                0x00102698                vPortExitCritical
 .text.PendSV_IRQHandler
                0x001026b0       0x3c /home/zhouyongjian/wangshi/wmsdk_bundle-3.1.16/bin/wmsdk/libs/libfreertos.a(port.o)
                0x001026b0                PendSV_IRQHandler
 .text.SysTick_IRQHandler
                0x001026ec       0x24 /home/zhouyongjian/wangshi/wmsdk_bundle-3.1.16/bin/wmsdk/libs/libfreertos.a(port.o)
                0x001026ec                SysTick_IRQHandler
 .text.prvInsertBlockIntoFreeList
                0x00102710       0xa0 /home/zhouyongjian/wangshi/wmsdk_bundle-3.1.16/bin/wmsdk/libs/libfreertos.a(heap_4.o)
 .text.prvHeapInit
                0x001027b0       0x98 /home/zhouyongjian/wangshi/wmsdk_bundle-3.1.16/bin/wmsdk/libs/libfreertos.a(heap_4.o)
                0x001027b0                prvHeapInit
 .text.pvPortMalloc
                0x00102848       0xe8 /home/zhouyongjian/wangshi/wmsdk_bundle-3.1.16/bin/wmsdk/libs/libfreertos.a(heap_4.o)
                0x00102848                pvPortMalloc
 .text.vPortFree
                0x00102930       0x5c /home/zhouyongjian/wangshi/wmsdk_bundle-3.1.16/bin/wmsdk/libs/libfreertos.a(heap_4.o)
                0x00102930                vPortFree
 .text.vListInitialise
                0x0010298c       0x18 /home/zhouyongjian/wangshi/wmsdk_bundle-3.1.16/bin/wmsdk/libs/libfreertos.a(list.o)
                0x0010298c                vListInitialise
 .text.vListInitialiseItem
                0x001029a4        0x8 /home/zhouyongjian/wangshi/wmsdk_bundle-3.1.16/bin/wmsdk/libs/libfreertos.a(list.o)
                0x001029a4                vListInitialiseItem
 .text.vListInsertEnd
                0x001029ac       0x1c /home/zhouyongjian/wangshi/wmsdk_bundle-3.1.16/bin/wmsdk/libs/libfreertos.a(list.o)
                0x001029ac                vListInsertEnd
 .text.vListInsert
                0x001029c8       0x3c /home/zhouyongjian/wangshi/wmsdk_bundle-3.1.16/bin/wmsdk/libs/libfreertos.a(list.o)
                0x001029c8                vListInsert
 .text.vListRemove
                0x00102a04       0x28 /home/zhouyongjian/wangshi/wmsdk_bundle-3.1.16/bin/wmsdk/libs/libfreertos.a(list.o)
                0x00102a04                vListRemove
 .text.mdev_register
                0x00102a2c       0x50 /home/zhouyongjian/wangshi/wmsdk_bundle-3.1.16/bin/wmsdk/libs/libmdev.a(mdev.o)
                0x00102a2c                mdev_register
 .text.mdev_get_handle
                0x00102a7c       0x28 /home/zhouyongjian/wangshi/wmsdk_bundle-3.1.16/bin/wmsdk/libs/libmdev.a(mdev.o)
                0x00102a7c                mdev_get_handle
 .text.app_start
                0x00102aa4       0x34 /home/zhouyongjian/wangshi/wmsdk_bundle-3.1.16/bin/wmsdk/libs/libos.a(os.o)
                0x00102aa4                app_start
 .text.os_init  0x00102ad8       0x34 /home/zhouyongjian/wangshi/wmsdk_bundle-3.1.16/bin/wmsdk/libs/libos.a(os.o)
                0x00102ad8                os_init
 .text.vApplicationStackOverflowHook
                0x00102b0c       0x10 /home/zhouyongjian/wangshi/wmsdk_bundle-3.1.16/bin/wmsdk/libs/libos.a(os.o)
                0x00102b0c                vApplicationStackOverflowHook
 .text.vApplicationTickHook
                0x00102b1c       0x18 /home/zhouyongjian/wangshi/wmsdk_bundle-3.1.16/bin/wmsdk/libs/libos.a(os.o)
                0x00102b1c                vApplicationTickHook
 .text.vApplicationIdleHook
                0x00102b34       0x18 /home/zhouyongjian/wangshi/wmsdk_bundle-3.1.16/bin/wmsdk/libs/libos.a(os.o)
                0x00102b34                vApplicationIdleHook
 .text.boot_init
                0x00102b4c       0x38 /home/zhouyongjian/wangshi/wmsdk_bundle-3.1.16/bin/wmsdk/libs/libutil.a(boot_flags.o)
                0x00102b4c                boot_init
 .text.critical_error
                0x00102b84       0x28 /home/zhouyongjian/wangshi/wmsdk_bundle-3.1.16/bin/wmsdk/libs/libutil.a(critical_error.o)
                0x00102b84                critical_error
 .text.os_mutex_put.constprop.1
                0x00102bac       0x48 /home/zhouyongjian/wangshi/wmsdk_bundle-3.1.16/bin/wmsdk/libs/libwmstdio.a(wmstdio.o)
 .text.os_mutex_get.constprop.2
                0x00102bf4       0x28 /home/zhouyongjian/wangshi/wmsdk_bundle-3.1.16/bin/wmsdk/libs/libwmstdio.a(wmstdio.o)
 .text.wmprintf
                0x00102c1c       0x44 /home/zhouyongjian/wangshi/wmsdk_bundle-3.1.16/bin/wmsdk/libs/libwmstdio.a(wmstdio.o)
                0x00102c1c                wmprintf
 .text.ll_printf
                0x00102c60       0x34 /home/zhouyongjian/wangshi/wmsdk_bundle-3.1.16/bin/wmsdk/libs/libwmstdio.a(wmstdio.o)
                0x00102c60                ll_printf
 .text.serial_console_get_portid
                0x00102c94       0x18 /home/zhouyongjian/wangshi/wmsdk_bundle-3.1.16/bin/wmsdk/libs/libwmstdio.a(console.o)
                0x00102c94                serial_console_get_portid
 .text.board_main_xtal
                0x00102cac        0x8 obj/board.o
                0x00102cac                board_main_xtal
 .text.board_cpu_freq
                0x00102cb4        0x8 obj/board.o
                0x00102cb4                board_cpu_freq
 .text.board_gpio_power_on
                0x00102cbc       0x16 obj/board.o
                0x00102cbc                board_gpio_power_on
 *fill*         0x00102cd2        0x2 
 .text.Timing_cb
                0x00102cd4       0x88 obj/electric_measure.o
                0x00102cd4                Timing_cb
 .text.InitGPIO
                0x00102d5c       0x54 obj/electric_measure.o
                0x00102d5c                InitGPIO
 .text.Load_CalData_Flash
                0x00102db0      0x10c obj/electric_measure.o
                0x00102db0                Load_CalData_Flash
 .text.MsTimer  0x00102ebc       0x44 obj/electric_measure.o
                0x00102ebc                MsTimer
 .text.startup.main
                0x00102f00       0xc0 obj/electric_measure.o
                0x00102f00                main
 .text.Init_Rom
                0x00102fc0      0x11c obj/C_HLW8012_debug.o
                0x00102fc0                Init_Rom
 .text.PC5_EXTI_Interrupt
                0x001030dc       0xd4 obj/C_HLW8012_debug.o
                0x001030dc                PC5_EXTI_Interrupt
 .text.PD2_EXTI_Interrupt
                0x001031b0      0x130 obj/C_HLW8012_debug.o
                0x001031b0                PD2_EXTI_Interrupt
 .text.TIM1_UPD_Interrupt
                0x001032e0      0x194 obj/C_HLW8012_debug.o
                0x001032e0                TIM1_UPD_Interrupt
 .text.HLW8012_Measure_P
                0x00103474       0x68 obj/C_HLW8012_debug.o
                0x00103474                HLW8012_Measure_P
 .text.HLW8012_Measure_V
                0x001034dc       0x80 obj/C_HLW8012_debug.o
                0x001034dc                HLW8012_Measure_V
 .text.HLW8012_Measure_I
                0x0010355c       0x98 obj/C_HLW8012_debug.o
                0x0010355c                HLW8012_Measure_I
 .text.HLW8012_Measure_COS
                0x001035f4       0x44 obj/C_HLW8012_debug.o
                0x001035f4                HLW8012_Measure_COS
 .text.HLW8012_Measure_E
                0x00103638       0x18 obj/C_HLW8012_debug.o
                0x00103638                HLW8012_Measure_E
 .text.memcmp   0x00103650       0x1c /home/zhouyongjian/wangshi/wmsdk_bundle-3.1.16/bin/wmsdk/libs/libc.a(memcmp.o)
                0x00103650                memcmp
 .text.vsnprintf
                0x0010366c      0x640 /home/zhouyongjian/wangshi/wmsdk_bundle-3.1.16/bin/wmsdk/libs/libc.a(vsnprintf.o)
                0x0010366c                vsnprintf
 .text.strcmp   0x00103cac       0x16 /home/zhouyongjian/wangshi/wmsdk_bundle-3.1.16/bin/wmsdk/libs/libc.a(strcmp.o)
                0x00103cac                strcmp
 .text.strncpy  0x00103cc2       0x22 /home/zhouyongjian/wangshi/wmsdk_bundle-3.1.16/bin/wmsdk/libs/libc.a(strncpy.o)
                0x00103cc2                strncpy
 .text.strlen   0x00103ce4       0x10 /home/zhouyongjian/wangshi/wmsdk_bundle-3.1.16/bin/wmsdk/libs/libc.a(strlen.o)
                0x00103ce4                strlen
 .text.GPIO_SetPinDir
                0x00103cf4       0x28 /home/zhouyongjian/wangshi/wmsdk_bundle-3.1.16/bin/wmsdk/libs/libdrv.a(mw300_gpio.o)
                0x00103cf4                GPIO_SetPinDir
 .text.GPIO_WritePinOutput
                0x00103d1c       0x28 /home/zhouyongjian/wangshi/wmsdk_bundle-3.1.16/bin/wmsdk/libs/libdrv.a(mw300_gpio.o)
                0x00103d1c                GPIO_WritePinOutput
 .text.GPIO_IntConfig
                0x00103d44       0x7c /home/zhouyongjian/wangshi/wmsdk_bundle-3.1.16/bin/wmsdk/libs/libdrv.a(mw300_gpio.o)
                0x00103d44                GPIO_IntConfig
 .text.GPIO_IntMask
                0x00103dc0       0x30 /home/zhouyongjian/wangshi/wmsdk_bundle-3.1.16/bin/wmsdk/libs/libdrv.a(mw300_gpio.o)
                0x00103dc0                GPIO_IntMask
 .text.GPIO_GetIntStatus
                0x00103df0       0x24 /home/zhouyongjian/wangshi/wmsdk_bundle-3.1.16/bin/wmsdk/libs/libdrv.a(mw300_gpio.o)
                0x00103df0                GPIO_GetIntStatus
 .text.GPIO_IntClr
                0x00103e14       0x1c /home/zhouyongjian/wangshi/wmsdk_bundle-3.1.16/bin/wmsdk/libs/libdrv.a(mw300_gpio.o)
                0x00103e14                GPIO_IntClr
 .text.UART_IntHandler
                0x00103e30       0x78 /home/zhouyongjian/wangshi/wmsdk_bundle-3.1.16/bin/wmsdk/libs/libdrv.a(mw300_uart.o)
                0x00103e30                UART_IntHandler
 .text.UART_WriteLine
                0x00103ea8       0x20 /home/zhouyongjian/wangshi/wmsdk_bundle-3.1.16/bin/wmsdk/libs/libdrv.a(mw300_uart.o)
                0x00103ea8                UART_WriteLine
 .text.UART0_IRQHandler
                0x00103ec8        0x8 /home/zhouyongjian/wangshi/wmsdk_bundle-3.1.16/bin/wmsdk/libs/libdrv.a(mw300_uart.o)
                0x00103ec8                UART0_IRQHandler
 .text.UART1_IRQHandler
                0x00103ed0        0x8 /home/zhouyongjian/wangshi/wmsdk_bundle-3.1.16/bin/wmsdk/libs/libdrv.a(mw300_uart.o)
                0x00103ed0                UART1_IRQHandler
 .text.UART2_IRQHandler
                0x00103ed8        0x8 /home/zhouyongjian/wangshi/wmsdk_bundle-3.1.16/bin/wmsdk/libs/libdrv.a(mw300_uart.o)
                0x00103ed8                UART2_IRQHandler
 .text.os_mutex_put.constprop.1
                0x00103ee0       0x48 /home/zhouyongjian/wangshi/wmsdk_bundle-3.1.16/bin/wmsdk/libs/libdrv.a(mdev_gpio.o)
 .text.os_mutex_get.constprop.2
                0x00103f28       0x28 /home/zhouyongjian/wangshi/wmsdk_bundle-3.1.16/bin/wmsdk/libs/libdrv.a(mdev_gpio.o)
 .text.gpio_drv_write
                0x00103f50       0x34 /home/zhouyongjian/wangshi/wmsdk_bundle-3.1.16/bin/wmsdk/libs/libdrv.a(mdev_gpio.o)
                0x00103f50                gpio_drv_write
 .text.gpio_drv_setdir
                0x00103f84       0x34 /home/zhouyongjian/wangshi/wmsdk_bundle-3.1.16/bin/wmsdk/libs/libdrv.a(mdev_gpio.o)
                0x00103f84                gpio_drv_setdir
 .text.GPIO_IRQHandler
                0x00103fb8       0x60 /home/zhouyongjian/wangshi/wmsdk_bundle-3.1.16/bin/wmsdk/libs/libdrv.a(mdev_gpio.o)
                0x00103fb8                GPIO_IRQHandler
 .text.gpio_drv_set_cb
                0x00104018       0x8c /home/zhouyongjian/wangshi/wmsdk_bundle-3.1.16/bin/wmsdk/libs/libdrv.a(mdev_gpio.o)
                0x00104018                gpio_drv_set_cb
 .text.gpio_drv_open
                0x001040a4       0x24 /home/zhouyongjian/wangshi/wmsdk_bundle-3.1.16/bin/wmsdk/libs/libdrv.a(mdev_gpio.o)
                0x001040a4                gpio_drv_open
 .text.gpio_drv_init
                0x001040c8       0x3c /home/zhouyongjian/wangshi/wmsdk_bundle-3.1.16/bin/wmsdk/libs/libdrv.a(mdev_gpio.o)
                0x001040c8                gpio_drv_init
 .text.uart_drv_get_portid
                0x00104104        0x4 /home/zhouyongjian/wangshi/wmsdk_bundle-3.1.16/bin/wmsdk/libs/libdrv.a(mdev_uart.o)
                0x00104104                uart_drv_get_portid
 .text.os_semaphore_put
                0x00104108       0x42 /home/zhouyongjian/wangshi/wmsdk_bundle-3.1.16/bin/wmsdk/libs/libdrv.a(mdev_dma.o)
 *fill*         0x0010414a        0x2 
 .text.DMA_IRQHandler
                0x0010414c       0x90 /home/zhouyongjian/wangshi/wmsdk_bundle-3.1.16/bin/wmsdk/libs/libdrv.a(mdev_dma.o)
                0x0010414c                DMA_IRQHandler
 .text.flash_drv_read
                0x001041dc       0x16 /home/zhouyongjian/wangshi/wmsdk_bundle-3.1.16/bin/wmsdk/libs/libutil.a(flash.o)
                0x001041dc                flash_drv_read
 .text.flash_drv_close
                0x001041f2       0x10 /home/zhouyongjian/wangshi/wmsdk_bundle-3.1.16/bin/wmsdk/libs/libutil.a(flash.o)
                0x001041f2                flash_drv_close
 *fill*         0x00104202        0x2 
 .text.flash_drv_open
                0x00104204       0x14 /home/zhouyongjian/wangshi/wmsdk_bundle-3.1.16/bin/wmsdk/libs/libutil.a(flash.o)
                0x00104204                flash_drv_open
 .text.flash_drv_init
                0x00104218        0x4 /home/zhouyongjian/wangshi/wmsdk_bundle-3.1.16/bin/wmsdk/libs/libutil.a(flash.o)
                0x00104218                flash_drv_init
 .text.os_mutex_put.constprop.1
                0x0010421c       0x48 /home/zhouyongjian/wangshi/wmsdk_bundle-3.1.16/bin/wmsdk/libs/libdrv.a(mdev_iflash.o)
 .text.os_mutex_get.constprop.2
                0x00104264       0x28 /home/zhouyongjian/wangshi/wmsdk_bundle-3.1.16/bin/wmsdk/libs/libdrv.a(mdev_iflash.o)
 .text.iflash_drv_open
                0x0010428c        0x4 /home/zhouyongjian/wangshi/wmsdk_bundle-3.1.16/bin/wmsdk/libs/libdrv.a(mdev_iflash.o)
                0x0010428c                iflash_drv_open
 .text.iflash_drv_close
                0x00104290        0x4 /home/zhouyongjian/wangshi/wmsdk_bundle-3.1.16/bin/wmsdk/libs/libdrv.a(mdev_iflash.o)
                0x00104290                iflash_drv_close
 .text.iflash_drv_read
                0x00104294       0x7c /home/zhouyongjian/wangshi/wmsdk_bundle-3.1.16/bin/wmsdk/libs/libdrv.a(mdev_iflash.o)
                0x00104294                iflash_drv_read
 .text.iflash_drv_init
                0x00104310       0xe4 /home/zhouyongjian/wangshi/wmsdk_bundle-3.1.16/bin/wmsdk/libs/libdrv.a(mdev_iflash.o)
                0x00104310                iflash_drv_init
 .text.FLASH_SetWriteEnableBit
                0x001043f4       0x34 /home/zhouyongjian/wangshi/wmsdk_bundle-3.1.16/bin/wmsdk/libs/libdrv.a(mw300_flash.o)
                0x001043f4                FLASH_SetWriteEnableBit
 .text.FLASH_WriteEnableVSR
                0x00104428       0x2c /home/zhouyongjian/wangshi/wmsdk_bundle-3.1.16/bin/wmsdk/libs/libdrv.a(mw300_flash.o)
                0x00104428                FLASH_WriteEnableVSR
 .text.FLASH_ResetFastReadQuad
                0x00104454       0x4c /home/zhouyongjian/wangshi/wmsdk_bundle-3.1.16/bin/wmsdk/libs/libdrv.a(mw300_flash.o)
                0x00104454                FLASH_ResetFastReadQuad
 .text.FLASH_GetStatus
                0x001044a0       0x58 /home/zhouyongjian/wangshi/wmsdk_bundle-3.1.16/bin/wmsdk/libs/libdrv.a(mw300_flash.o)
                0x001044a0                FLASH_GetStatus
 .text.FLASH_GetBusyStatus
                0x001044f8       0x4c /home/zhouyongjian/wangshi/wmsdk_bundle-3.1.16/bin/wmsdk/libs/libdrv.a(mw300_flash.o)
                0x001044f8                FLASH_GetBusyStatus
 .text.FLASH_WriteStatus
                0x00104544       0x60 /home/zhouyongjian/wangshi/wmsdk_bundle-3.1.16/bin/wmsdk/libs/libdrv.a(mw300_flash.o)
                0x00104544                FLASH_WriteStatus
 .text.FLASH_EraseAll
                0x001045a4       0x40 /home/zhouyongjian/wangshi/wmsdk_bundle-3.1.16/bin/wmsdk/libs/libdrv.a(mw300_flash.o)
                0x001045a4                FLASH_EraseAll
 .text.FLASH_SectorErase
                0x001045e4       0x78 /home/zhouyongjian/wangshi/wmsdk_bundle-3.1.16/bin/wmsdk/libs/libdrv.a(mw300_flash.o)
                0x001045e4                FLASH_SectorErase
 .text.FLASH_Block32KErase
                0x0010465c       0x6c /home/zhouyongjian/wangshi/wmsdk_bundle-3.1.16/bin/wmsdk/libs/libdrv.a(mw300_flash.o)
                0x0010465c                FLASH_Block32KErase
 .text.FLASH_Block64KErase
                0x001046c8       0x6c /home/zhouyongjian/wangshi/wmsdk_bundle-3.1.16/bin/wmsdk/libs/libdrv.a(mw300_flash.o)
                0x001046c8                FLASH_Block64KErase
 .text.FLASH_Erase
                0x00104734       0x80 /home/zhouyongjian/wangshi/wmsdk_bundle-3.1.16/bin/wmsdk/libs/libdrv.a(mw300_flash.o)
                0x00104734                FLASH_Erase
 .text.FLASH_Read
                0x001047b4      0x158 /home/zhouyongjian/wangshi/wmsdk_bundle-3.1.16/bin/wmsdk/libs/libdrv.a(mw300_flash.o)
                0x001047b4                FLASH_Read
 .text.FLASH_PageWrite
                0x0010490c       0xd4 /home/zhouyongjian/wangshi/wmsdk_bundle-3.1.16/bin/wmsdk/libs/libdrv.a(mw300_flash.o)
                0x0010490c                FLASH_PageWrite
 .text.FLASH_Write
                0x001049e0       0x84 /home/zhouyongjian/wangshi/wmsdk_bundle-3.1.16/bin/wmsdk/libs/libdrv.a(mw300_flash.o)
                0x001049e0                FLASH_Write
 .text.FLASH_GetUniqueID
                0x00104a64       0xe4 /home/zhouyongjian/wangshi/wmsdk_bundle-3.1.16/bin/wmsdk/libs/libdrv.a(mw300_flash.o)
                0x00104a64                FLASH_GetUniqueID
 .text.FLASH_GetJEDECID
                0x00104b48       0x60 /home/zhouyongjian/wangshi/wmsdk_bundle-3.1.16/bin/wmsdk/libs/libdrv.a(mw300_flash.o)
                0x00104b48                FLASH_GetJEDECID
 .text.FLASH_SetConfig
                0x00104ba8       0x54 /home/zhouyongjian/wangshi/wmsdk_bundle-3.1.16/bin/wmsdk/libs/libdrv.a(mw300_flash.o)
                0x00104ba8                FLASH_SetConfig
 .text.FLASH_GetConfig
                0x00104bfc        0xc /home/zhouyongjian/wangshi/wmsdk_bundle-3.1.16/bin/wmsdk/libs/libdrv.a(mw300_flash.o)
                0x00104bfc                FLASH_GetConfig
 .text.QSPI_IRQHandler
                0x00104c08      0x164 /home/zhouyongjian/wangshi/wmsdk_bundle-3.1.16/bin/wmsdk/libs/libdrv.a(mw300_qspi.o)
                0x00104c08                QSPI_IRQHandler
 .text.QSPI_FlushFIFO
                0x00104d6c       0x38 /home/zhouyongjian/wangshi/wmsdk_bundle-3.1.16/bin/wmsdk/libs/libdrv.a(mw300_qspi.o)
                0x00104d6c                QSPI_FlushFIFO
 .text.QSPI_SetHdrcnt
                0x00104da4       0x2c /home/zhouyongjian/wangshi/wmsdk_bundle-3.1.16/bin/wmsdk/libs/libdrv.a(mw300_qspi.o)
                0x00104da4                QSPI_SetHdrcnt
 .text.QSPI_SetAddrCnt
                0x00104dd0       0x10 /home/zhouyongjian/wangshi/wmsdk_bundle-3.1.16/bin/wmsdk/libs/libdrv.a(mw300_qspi.o)
                0x00104dd0                QSPI_SetAddrCnt
 .text.QSPI_SetRModeCnt
                0x00104de0       0x10 /home/zhouyongjian/wangshi/wmsdk_bundle-3.1.16/bin/wmsdk/libs/libdrv.a(mw300_qspi.o)
                0x00104de0                QSPI_SetRModeCnt
 .text.QSPI_SetDummyCnt
                0x00104df0       0x10 /home/zhouyongjian/wangshi/wmsdk_bundle-3.1.16/bin/wmsdk/libs/libdrv.a(mw300_qspi.o)
                0x00104df0                QSPI_SetDummyCnt
 .text.QSPI_SetInstr
                0x00104e00        0xc /home/zhouyongjian/wangshi/wmsdk_bundle-3.1.16/bin/wmsdk/libs/libdrv.a(mw300_qspi.o)
                0x00104e00                QSPI_SetInstr
 .text.QSPI_SetAddr
                0x00104e0c        0xc /home/zhouyongjian/wangshi/wmsdk_bundle-3.1.16/bin/wmsdk/libs/libdrv.a(mw300_qspi.o)
                0x00104e0c                QSPI_SetAddr
 .text.QSPI_SetRMode
                0x00104e18        0xc /home/zhouyongjian/wangshi/wmsdk_bundle-3.1.16/bin/wmsdk/libs/libdrv.a(mw300_qspi.o)
                0x00104e18                QSPI_SetRMode
 .text.QSPI_SetDInCnt
                0x00104e24       0x10 /home/zhouyongjian/wangshi/wmsdk_bundle-3.1.16/bin/wmsdk/libs/libdrv.a(mw300_qspi.o)
                0x00104e24                QSPI_SetDInCnt
 .text.QSPI_SetSSEnable
                0x00104e34       0x18 /home/zhouyongjian/wangshi/wmsdk_bundle-3.1.16/bin/wmsdk/libs/libdrv.a(mw300_qspi.o)
                0x00104e34                QSPI_SetSSEnable
 .text.QSPI_StartTransfer
                0x00104e4c       0x24 /home/zhouyongjian/wangshi/wmsdk_bundle-3.1.16/bin/wmsdk/libs/libdrv.a(mw300_qspi.o)
                0x00104e4c                QSPI_StartTransfer
 .text.QSPI_StopTransfer
                0x00104e70       0x2c /home/zhouyongjian/wangshi/wmsdk_bundle-3.1.16/bin/wmsdk/libs/libdrv.a(mw300_qspi.o)
                0x00104e70                QSPI_StopTransfer
 .text.QSPI_WriteByte
                0x00104e9c       0x10 /home/zhouyongjian/wangshi/wmsdk_bundle-3.1.16/bin/wmsdk/libs/libdrv.a(mw300_qspi.o)
                0x00104e9c                QSPI_WriteByte
 .text.QSPI_ReadByte
                0x00104eac       0x14 /home/zhouyongjian/wangshi/wmsdk_bundle-3.1.16/bin/wmsdk/libs/libdrv.a(mw300_qspi.o)
                0x00104eac                QSPI_ReadByte
 .text          0x00104ec0      0x370 /home/zhouyongjian/Intelligent_AC_Infrared/gcc-arm-none-eabi-4_8-2014q2/bin/../lib/gcc/arm-none-eabi/4.8.4/armv7e-m/libgcc.a(_arm_addsubdf3.o)
                0x00104ec0                __aeabi_drsub
                0x00104ec8                __aeabi_dsub
                0x00104ec8                __subdf3
                0x00104ecc                __adddf3
                0x00104ecc                __aeabi_dadd
                0x00105144                __aeabi_ui2d
                0x00105144                __floatunsidf
                0x00105164                __floatsidf
                0x00105164                __aeabi_i2d
                0x00105188                __extendsfdf2
                0x00105188                __aeabi_f2d
                0x001051c4                __aeabi_ul2d
                0x001051c4                __floatundidf
                0x001051d4                __floatdidf
                0x001051d4                __aeabi_l2d
 .text          0x00105230      0x424 /home/zhouyongjian/Intelligent_AC_Infrared/gcc-arm-none-eabi-4_8-2014q2/bin/../lib/gcc/arm-none-eabi/4.8.4/armv7e-m/libgcc.a(_arm_muldivdf3.o)
                0x00105230                __aeabi_dmul
                0x00105230                __muldf3
                0x00105484                __aeabi_ddiv
                0x00105484                __divdf3
 .text          0x00105654       0x50 /home/zhouyongjian/Intelligent_AC_Infrared/gcc-arm-none-eabi-4_8-2014q2/bin/../lib/gcc/arm-none-eabi/4.8.4/armv7e-m/libgcc.a(_arm_fixdfsi.o)
                0x00105654                __fixdfsi
                0x00105654                __aeabi_d2iz
 .text          0x001056a4       0x2c /home/zhouyongjian/Intelligent_AC_Infrared/gcc-arm-none-eabi-4_8-2014q2/bin/../lib/gcc/arm-none-eabi/4.8.4/armv7e-m/libgcc.a(_aeabi_uldivmod.o)
                0x001056a4                __aeabi_uldivmod
 .text          0x001056d0       0x60 /home/zhouyongjian/Intelligent_AC_Infrared/gcc-arm-none-eabi-4_8-2014q2/bin/../lib/gcc/arm-none-eabi/4.8.4/armv7e-m/libgcc.a(bpabi.o)
                0x001056d0                __gnu_ldivmod_helper
                0x00105700                __gnu_uldivmod_helper
 .text          0x00105730        0x4 /home/zhouyongjian/Intelligent_AC_Infrared/gcc-arm-none-eabi-4_8-2014q2/bin/../lib/gcc/arm-none-eabi/4.8.4/armv7e-m/libgcc.a(_dvmd_tls.o)
                0x00105730                __aeabi_ldiv0
                0x00105730                __aeabi_idiv0
 .text          0x00105734      0x298 /home/zhouyongjian/Intelligent_AC_Infrared/gcc-arm-none-eabi-4_8-2014q2/bin/../lib/gcc/arm-none-eabi/4.8.4/armv7e-m/libgcc.a(_divdi3.o)
                0x00105734                __divdi3
 .text          0x001059cc      0x284 /home/zhouyongjian/Intelligent_AC_Infrared/gcc-arm-none-eabi-4_8-2014q2/bin/../lib/gcc/arm-none-eabi/4.8.4/armv7e-m/libgcc.a(_udivdi3.o)
                0x001059cc                __udivdi3
 .text          0x00105c50      0x134 /home/zhouyongjian/Intelligent_AC_Infrared/gcc-arm-none-eabi-4_8-2014q2/bin/../lib/gcc/arm-none-eabi/4.8.4/../../../../arm-none-eabi/lib/armv7e-m/libg.a(lib_a-memcpy.o)
                0x00105c50                memcpy
 .text.memset   0x00105d84       0x94 /home/zhouyongjian/Intelligent_AC_Infrared/gcc-arm-none-eabi-4_8-2014q2/bin/../lib/gcc/arm-none-eabi/4.8.4/../../../../arm-none-eabi/lib/armv7e-m/libg.a(lib_a-memset.o)
                0x00105d84                memset
 *(.ram .ram.*)
 .ram           0x00105e18      0x268 /home/zhouyongjian/wangshi/wmsdk_bundle-3.1.16/bin/wmsdk/libs/libdrv.a(mdev_iflash.o)
                0x00105e18                iflash_flashc_to_qspi_read_jedecid
                0x00105e70                iflash_flashc_to_qspi_read_uniqid
                0x00105ec8                iflash_flashc_to_qspi_read
                0x00105f54                iflash_flashc_to_qspi_write
                0x00105fcc                iflash_flashc_to_qspi_erase
                0x00106028                iflash_flashc_to_qspi_eraseall
 *(.rodata .rodata.* .gnu.linkonce.r.*)
 .rodata.str1.1
                0x00106080      0x288 /home/zhouyongjian/wangshi/wmsdk_bundle-3.1.16/bin/wmsdk/libs/libdrv.a(mdev_startup.o)
                                0x2b2 (size before relaxing)
 .rodata.str1.1
                0x00106308       0x7a /home/zhouyongjian/wangshi/wmsdk_bundle-3.1.16/bin/wmsdk/libs/libdrv.a(mdev_gpt.o)
 .rodata.CSWTCH.23
                0x00106382        0x4 /home/zhouyongjian/wangshi/wmsdk_bundle-3.1.16/bin/wmsdk/libs/libdrv.a(mdev_gpt.o)
 .rodata.CSWTCH.24
                0x00106386        0x4 /home/zhouyongjian/wangshi/wmsdk_bundle-3.1.16/bin/wmsdk/libs/libdrv.a(mdev_gpt.o)
 *fill*         0x0010638a        0x2 
 .rodata.mdev_gpt_name
                0x0010638c       0x10 /home/zhouyongjian/wangshi/wmsdk_bundle-3.1.16/bin/wmsdk/libs/libdrv.a(mdev_gpt.o)
 .rodata.gptAddr
                0x0010639c       0x10 /home/zhouyongjian/wangshi/wmsdk_bundle-3.1.16/bin/wmsdk/libs/libdrv.a(mw300_gpt.o)
 .rodata.ucExpectedStackBytes.5962
                0x001063ac       0x14 /home/zhouyongjian/wangshi/wmsdk_bundle-3.1.16/bin/wmsdk/libs/libfreertos.a(tasks.o)
 .rodata.str1.4
                0x001063c0       0x3a /home/zhouyongjian/wangshi/wmsdk_bundle-3.1.16/bin/wmsdk/libs/libfreertos.a(tasks.o)
                                 0x3c (size before relaxing)
 *fill*         0x001063fa        0x2 
 .rodata.str1.4
                0x001063fc        0x8 /home/zhouyongjian/wangshi/wmsdk_bundle-3.1.16/bin/wmsdk/libs/libfreertos.a(timers.o)
 .rodata.str1.1
                0x00106404      0x188 /home/zhouyongjian/wangshi/wmsdk_bundle-3.1.16/bin/wmsdk/libs/libos.a(os.o)
                                0x18b (size before relaxing)
 .rodata.str1.1
                0x0010658c       0xb6 /home/zhouyongjian/wangshi/wmsdk_bundle-3.1.16/bin/wmsdk/libs/libutil.a(critical_error.o)
 .rodata.str1.1
                0x00106642       0xc4 obj/electric_measure.o
                                 0xda (size before relaxing)
 .rodata.lcdigits.3829
                0x00106706       0x11 /home/zhouyongjian/wangshi/wmsdk_bundle-3.1.16/bin/wmsdk/libs/libc.a(vsnprintf.o)
 .rodata.str1.1
                0x00106717        0x7 /home/zhouyongjian/wangshi/wmsdk_bundle-3.1.16/bin/wmsdk/libs/libc.a(vsnprintf.o)
 .rodata.ucdigits.3830
                0x0010671e       0x11 /home/zhouyongjian/wangshi/wmsdk_bundle-3.1.16/bin/wmsdk/libs/libc.a(vsnprintf.o)
 *fill*         0x0010672f        0x1 
 .rodata.uartAddr
                0x00106730        0xc /home/zhouyongjian/wangshi/wmsdk_bundle-3.1.16/bin/wmsdk/libs/libdrv.a(mw300_uart.o)
 .rodata.str1.1
                0x0010673c       0x68 /home/zhouyongjian/wangshi/wmsdk_bundle-3.1.16/bin/wmsdk/libs/libdrv.a(mdev_gpio.o)
 .rodata.str1.1
                0x001067a4        0x7 /home/zhouyongjian/wangshi/wmsdk_bundle-3.1.16/bin/wmsdk/libs/libutil.a(flash.o)
 .rodata.str1.1
                0x001067ab       0x46 /home/zhouyongjian/wangshi/wmsdk_bundle-3.1.16/bin/wmsdk/libs/libdrv.a(mdev_iflash.o)
                                 0x56 (size before relaxing)
 *fill*         0x001067f1        0x3 
 .rodata.fl_dev_list
                0x001067f4       0xb4 /home/zhouyongjian/wangshi/wmsdk_bundle-3.1.16/bin/wmsdk/libs/libdrv.a(mw300_flash.o)
                0x001067f4                fl_dev_list
                0x001068a8                . = ALIGN (0x4)
                0x001068a8                _etext = .

.glue_7         0x001068a8        0x0
 .glue_7        0x00000000        0x0 linker stubs

.glue_7t        0x001068a8        0x0
 .glue_7t       0x00000000        0x0 linker stubs

.vfp11_veneer   0x001068a8        0x0
 .vfp11_veneer  0x00000000        0x0 linker stubs

.v4_bx          0x001068a8        0x0
 .v4_bx         0x00000000        0x0 linker stubs

.iplt           0x001068a8        0x0
 .iplt          0x00000000        0x0 /home/zhouyongjian/wangshi/wmsdk_bundle-3.1.16/bin/wmsdk/libs/libdrv.a(mdev_startup.o)

.rel.dyn        0x001068a8        0x0
 .rel.iplt      0x00000000        0x0 /home/zhouyongjian/wangshi/wmsdk_bundle-3.1.16/bin/wmsdk/libs/libdrv.a(mdev_startup.o)
                0x001068a8                . = ALIGN (0x4)
                0x001068a8                _heap_start = .
                0x0015f000                . = _e_sram0
                0x0015f000                _heap_end = .
                0x00058758                _actual_heap_size = (_heap_end - _heap_start)
                0x00000001                ASSERT ((_actual_heap_size >= _heap_size), Text overflow in heap area.)

.rom_data       0x20000000       0x40
                0x20000000                _rom_data_start = .
                0x20000040                . = (. + _rom_data)
 *fill*         0x20000000       0x40 
                0x00000001                ASSERT ((_rom_data_start == ORIGIN (SRAM1)), Invalid start address of .rom_data)

.data           0x20000040      0x104
                0x20000040                _data = .
 *(.data)
 *(.data.*)
 .data.intCbfArra
                0x20000040       0xf0 /home/zhouyongjian/wangshi/wmsdk_bundle-3.1.16/bin/wmsdk/libs/libdrv.a(mw300_driver.o)
                0x20000040                intCbfArra
 .data.uxPreviousTask
                0x20000130        0x4 /home/zhouyongjian/wangshi/wmsdk_bundle-3.1.16/bin/wmsdk/libs/libfreertos.a(tasks.o)
 .data.xNextTaskUnblockTime
                0x20000134        0x4 /home/zhouyongjian/wangshi/wmsdk_bundle-3.1.16/bin/wmsdk/libs/libfreertos.a(tasks.o)
 .data.uxCriticalNesting
                0x20000138        0x4 /home/zhouyongjian/wangshi/wmsdk_bundle-3.1.16/bin/wmsdk/libs/libfreertos.a(port.o)
 .data.c_stdio_funcs
                0x2000013c        0x4 /home/zhouyongjian/wangshi/wmsdk_bundle-3.1.16/bin/wmsdk/libs/libwmstdio.a(wmstdio.o)
                0x2000013c                c_stdio_funcs
 .data.g_fl_cfg
                0x20000140        0x4 /home/zhouyongjian/wangshi/wmsdk_bundle-3.1.16/bin/wmsdk/libs/libdrv.a(mw300_flash.o)
                0x20000144                _edata = .

.igot.plt       0x20000144        0x0
 .igot.plt      0x00000000        0x0 /home/zhouyongjian/wangshi/wmsdk_bundle-3.1.16/bin/wmsdk/libs/libdrv.a(mdev_startup.o)

.bss            0x20000148      0xbc8
                0x20000148                _bss = .
 *(.bss)
 *(.bss.*)
 .bss.stptr     0x20000148        0x4 /home/zhouyongjian/wangshi/wmsdk_bundle-3.1.16/bin/wmsdk/libs/libdrv.a(mdev_startup.o)
 .bss.dmaCh24IntCb
                0x2000014c       0x10 /home/zhouyongjian/wangshi/wmsdk_bundle-3.1.16/bin/wmsdk/libs/libdrv.a(mw300_driver.o)
                0x2000014c                dmaCh24IntCb
 .bss.dmaCh9IntCb
                0x2000015c       0x10 /home/zhouyongjian/wangshi/wmsdk_bundle-3.1.16/bin/wmsdk/libs/libdrv.a(mw300_driver.o)
                0x2000015c                dmaCh9IntCb
 .bss.rtcIntCb  0x2000016c       0x20 /home/zhouyongjian/wangshi/wmsdk_bundle-3.1.16/bin/wmsdk/libs/libdrv.a(mw300_driver.o)
                0x2000016c                rtcIntCb
 .bss.dacIntCb  0x2000018c       0x14 /home/zhouyongjian/wangshi/wmsdk_bundle-3.1.16/bin/wmsdk/libs/libdrv.a(mw300_driver.o)
                0x2000018c                dacIntCb
 .bss.wdtIntCb  0x200001a0       0x14 /home/zhouyongjian/wangshi/wmsdk_bundle-3.1.16/bin/wmsdk/libs/libdrv.a(mw300_driver.o)
                0x200001a0                wdtIntCb
 .bss.usbIntCb  0x200001b4        0xc /home/zhouyongjian/wangshi/wmsdk_bundle-3.1.16/bin/wmsdk/libs/libdrv.a(mw300_driver.o)
                0x200001b4                usbIntCb
 .bss.wifiwakeupIntCb
                0x200001c0        0x4 /home/zhouyongjian/wangshi/wmsdk_bundle-3.1.16/bin/wmsdk/libs/libdrv.a(mw300_driver.o)
                0x200001c0                wifiwakeupIntCb
 .bss.dmaCh0IntCb
                0x200001c4       0x10 /home/zhouyongjian/wangshi/wmsdk_bundle-3.1.16/bin/wmsdk/libs/libdrv.a(mw300_driver.o)
                0x200001c4                dmaCh0IntCb
 .bss.dmaCh15IntCb
                0x200001d4       0x10 /home/zhouyongjian/wangshi/wmsdk_bundle-3.1.16/bin/wmsdk/libs/libdrv.a(mw300_driver.o)
                0x200001d4                dmaCh15IntCb
 .bss.dmaCh31IntCb
                0x200001e4       0x10 /home/zhouyongjian/wangshi/wmsdk_bundle-3.1.16/bin/wmsdk/libs/libdrv.a(mw300_driver.o)
                0x200001e4                dmaCh31IntCb
 .bss.dmaCh28IntCb
                0x200001f4       0x10 /home/zhouyongjian/wangshi/wmsdk_bundle-3.1.16/bin/wmsdk/libs/libdrv.a(mw300_driver.o)
                0x200001f4                dmaCh28IntCb
 .bss.i2c1IntCb
                0x20000204       0x30 /home/zhouyongjian/wangshi/wmsdk_bundle-3.1.16/bin/wmsdk/libs/libdrv.a(mw300_driver.o)
                0x20000204                i2c1IntCb
 .bss.dmaCh12IntCb
                0x20000234       0x10 /home/zhouyongjian/wangshi/wmsdk_bundle-3.1.16/bin/wmsdk/libs/libdrv.a(mw300_driver.o)
                0x20000234                dmaCh12IntCb
 .bss.gpt1IntCb
                0x20000244       0x3c /home/zhouyongjian/wangshi/wmsdk_bundle-3.1.16/bin/wmsdk/libs/libdrv.a(mw300_driver.o)
                0x20000244                gpt1IntCb
 .bss.rc32mIntCb
                0x20000280        0x8 /home/zhouyongjian/wangshi/wmsdk_bundle-3.1.16/bin/wmsdk/libs/libdrv.a(mw300_driver.o)
                0x20000280                rc32mIntCb
 .bss.dmaCh25IntCb
                0x20000288       0x10 /home/zhouyongjian/wangshi/wmsdk_bundle-3.1.16/bin/wmsdk/libs/libdrv.a(mw300_driver.o)
                0x20000288                dmaCh25IntCb
 .bss.uart1IntCb
                0x20000298       0x18 /home/zhouyongjian/wangshi/wmsdk_bundle-3.1.16/bin/wmsdk/libs/libdrv.a(mw300_driver.o)
                0x20000298                uart1IntCb
 .bss.adc0IntCb
                0x200002b0       0x1c /home/zhouyongjian/wangshi/wmsdk_bundle-3.1.16/bin/wmsdk/libs/libdrv.a(mw300_driver.o)
                0x200002b0                adc0IntCb
 .bss.dmaCh3IntCb
                0x200002cc       0x10 /home/zhouyongjian/wangshi/wmsdk_bundle-3.1.16/bin/wmsdk/libs/libdrv.a(mw300_driver.o)
                0x200002cc                dmaCh3IntCb
 .bss.dmaCh22IntCb
                0x200002dc       0x10 /home/zhouyongjian/wangshi/wmsdk_bundle-3.1.16/bin/wmsdk/libs/libdrv.a(mw300_driver.o)
                0x200002dc                dmaCh22IntCb
 .bss.dmaCh7IntCb
                0x200002ec       0x10 /home/zhouyongjian/wangshi/wmsdk_bundle-3.1.16/bin/wmsdk/libs/libdrv.a(mw300_driver.o)
                0x200002ec                dmaCh7IntCb
 .bss.acompIntCb
                0x200002fc       0x10 /home/zhouyongjian/wangshi/wmsdk_bundle-3.1.16/bin/wmsdk/libs/libdrv.a(mw300_driver.o)
                0x200002fc                acompIntCb
 .bss.ssp2IntCb
                0x2000030c       0x20 /home/zhouyongjian/wangshi/wmsdk_bundle-3.1.16/bin/wmsdk/libs/libdrv.a(mw300_driver.o)
                0x2000030c                ssp2IntCb
 .bss.dmaCh6IntCb
                0x2000032c       0x10 /home/zhouyongjian/wangshi/wmsdk_bundle-3.1.16/bin/wmsdk/libs/libdrv.a(mw300_driver.o)
                0x2000032c                dmaCh6IntCb
 .bss.dmaCh19IntCb
                0x2000033c       0x10 /home/zhouyongjian/wangshi/wmsdk_bundle-3.1.16/bin/wmsdk/libs/libdrv.a(mw300_driver.o)
                0x2000033c                dmaCh19IntCb
 .bss.gpt2IntCb
                0x2000034c       0x3c /home/zhouyongjian/wangshi/wmsdk_bundle-3.1.16/bin/wmsdk/libs/libdrv.a(mw300_driver.o)
                0x2000034c                gpt2IntCb
 .bss.uart0IntCb
                0x20000388       0x18 /home/zhouyongjian/wangshi/wmsdk_bundle-3.1.16/bin/wmsdk/libs/libdrv.a(mw300_driver.o)
                0x20000388                uart0IntCb
 .bss.mpuIntCb  0x200003a0       0x10 /home/zhouyongjian/wangshi/wmsdk_bundle-3.1.16/bin/wmsdk/libs/libdrv.a(mw300_driver.o)
                0x200003a0                mpuIntCb
 .bss.dmaCh16IntCb
                0x200003b0       0x10 /home/zhouyongjian/wangshi/wmsdk_bundle-3.1.16/bin/wmsdk/libs/libdrv.a(mw300_driver.o)
                0x200003b0                dmaCh16IntCb
 .bss.uart2IntCb
                0x200003c0       0x18 /home/zhouyongjian/wangshi/wmsdk_bundle-3.1.16/bin/wmsdk/libs/libdrv.a(mw300_driver.o)
                0x200003c0                uart2IntCb
 .bss.dmaCh29IntCb
                0x200003d8       0x10 /home/zhouyongjian/wangshi/wmsdk_bundle-3.1.16/bin/wmsdk/libs/libdrv.a(mw300_driver.o)
                0x200003d8                dmaCh29IntCb
 .bss.gpt3IntCb
                0x200003e8       0x3c /home/zhouyongjian/wangshi/wmsdk_bundle-3.1.16/bin/wmsdk/libs/libdrv.a(mw300_driver.o)
                0x200003e8                gpt3IntCb
 .bss.dmaCh13IntCb
                0x20000424       0x10 /home/zhouyongjian/wangshi/wmsdk_bundle-3.1.16/bin/wmsdk/libs/libdrv.a(mw300_driver.o)
                0x20000424                dmaCh13IntCb
 .bss.dmaCh18IntCb
                0x20000434       0x10 /home/zhouyongjian/wangshi/wmsdk_bundle-3.1.16/bin/wmsdk/libs/libdrv.a(mw300_driver.o)
                0x20000434                dmaCh18IntCb
 .bss.extpin0IntCb
                0x20000444        0x4 /home/zhouyongjian/wangshi/wmsdk_bundle-3.1.16/bin/wmsdk/libs/libdrv.a(mw300_driver.o)
                0x20000444                extpin0IntCb
 .bss.sdioIntCb
                0x20000448       0x50 /home/zhouyongjian/wangshi/wmsdk_bundle-3.1.16/bin/wmsdk/libs/libdrv.a(mw300_driver.o)
                0x20000448                sdioIntCb
 .bss.ssp0IntCb
                0x20000498       0x20 /home/zhouyongjian/wangshi/wmsdk_bundle-3.1.16/bin/wmsdk/libs/libdrv.a(mw300_driver.o)
                0x20000498                ssp0IntCb
 .bss.dmaCh10IntCb
                0x200004b8       0x10 /home/zhouyongjian/wangshi/wmsdk_bundle-3.1.16/bin/wmsdk/libs/libdrv.a(mw300_driver.o)
                0x200004b8                dmaCh10IntCb
 .bss.dmaCh23IntCb
                0x200004c8       0x10 /home/zhouyongjian/wangshi/wmsdk_bundle-3.1.16/bin/wmsdk/libs/libdrv.a(mw300_driver.o)
                0x200004c8                dmaCh23IntCb
 .bss.dmaCh8IntCb
                0x200004d8       0x10 /home/zhouyongjian/wangshi/wmsdk_bundle-3.1.16/bin/wmsdk/libs/libdrv.a(mw300_driver.o)
                0x200004d8                dmaCh8IntCb
 .bss.aesIntCb  0x200004e8       0x20 /home/zhouyongjian/wangshi/wmsdk_bundle-3.1.16/bin/wmsdk/libs/libdrv.a(mw300_driver.o)
                0x200004e8                aesIntCb
 .bss.dmaCh1IntCb
                0x20000508       0x10 /home/zhouyongjian/wangshi/wmsdk_bundle-3.1.16/bin/wmsdk/libs/libdrv.a(mw300_driver.o)
                0x20000508                dmaCh1IntCb
 .bss.dmaCh20IntCb
                0x20000518       0x10 /home/zhouyongjian/wangshi/wmsdk_bundle-3.1.16/bin/wmsdk/libs/libdrv.a(mw300_driver.o)
                0x20000518                dmaCh20IntCb
 .bss.dmaCh5IntCb
                0x20000528       0x10 /home/zhouyongjian/wangshi/wmsdk_bundle-3.1.16/bin/wmsdk/libs/libdrv.a(mw300_driver.o)
                0x20000528                dmaCh5IntCb
 .bss.qspiIntCb
                0x20000538       0x30 /home/zhouyongjian/wangshi/wmsdk_bundle-3.1.16/bin/wmsdk/libs/libdrv.a(mw300_driver.o)
                0x20000538                qspiIntCb
 .bss.dmaCh2IntCb
                0x20000568       0x10 /home/zhouyongjian/wangshi/wmsdk_bundle-3.1.16/bin/wmsdk/libs/libdrv.a(mw300_driver.o)
                0x20000568                dmaCh2IntCb
 .bss.dmaCh21IntCb
                0x20000578       0x10 /home/zhouyongjian/wangshi/wmsdk_bundle-3.1.16/bin/wmsdk/libs/libdrv.a(mw300_driver.o)
                0x20000578                dmaCh21IntCb
 .bss.extpin1IntCb
                0x20000588        0x4 /home/zhouyongjian/wangshi/wmsdk_bundle-3.1.16/bin/wmsdk/libs/libdrv.a(mw300_driver.o)
                0x20000588                extpin1IntCb
 .bss.dmaCh30IntCb
                0x2000058c       0x10 /home/zhouyongjian/wangshi/wmsdk_bundle-3.1.16/bin/wmsdk/libs/libdrv.a(mw300_driver.o)
                0x2000058c                dmaCh30IntCb
 .bss.ssp1IntCb
                0x2000059c       0x20 /home/zhouyongjian/wangshi/wmsdk_bundle-3.1.16/bin/wmsdk/libs/libdrv.a(mw300_driver.o)
                0x2000059c                ssp1IntCb
 .bss.dmaCh17IntCb
                0x200005bc       0x10 /home/zhouyongjian/wangshi/wmsdk_bundle-3.1.16/bin/wmsdk/libs/libdrv.a(mw300_driver.o)
                0x200005bc                dmaCh17IntCb
 .bss.gpt0IntCb
                0x200005cc       0x3c /home/zhouyongjian/wangshi/wmsdk_bundle-3.1.16/bin/wmsdk/libs/libdrv.a(mw300_driver.o)
                0x200005cc                gpt0IntCb
 .bss.dmaCh26IntCb
                0x20000608       0x10 /home/zhouyongjian/wangshi/wmsdk_bundle-3.1.16/bin/wmsdk/libs/libdrv.a(mw300_driver.o)
                0x20000608                dmaCh26IntCb
 .bss.dmaCh14IntCb
                0x20000618       0x10 /home/zhouyongjian/wangshi/wmsdk_bundle-3.1.16/bin/wmsdk/libs/libdrv.a(mw300_driver.o)
                0x20000618                dmaCh14IntCb
 .bss.dmaCh27IntCb
                0x20000628       0x10 /home/zhouyongjian/wangshi/wmsdk_bundle-3.1.16/bin/wmsdk/libs/libdrv.a(mw300_driver.o)
                0x20000628                dmaCh27IntCb
 .bss.crcIntCb  0x20000638       0x20 /home/zhouyongjian/wangshi/wmsdk_bundle-3.1.16/bin/wmsdk/libs/libdrv.a(mw300_driver.o)
                0x20000638                crcIntCb
 .bss.i2c0IntCb
                0x20000658       0x30 /home/zhouyongjian/wangshi/wmsdk_bundle-3.1.16/bin/wmsdk/libs/libdrv.a(mw300_driver.o)
                0x20000658                i2c0IntCb
 .bss.dmaCh11IntCb
                0x20000688       0x10 /home/zhouyongjian/wangshi/wmsdk_bundle-3.1.16/bin/wmsdk/libs/libdrv.a(mw300_driver.o)
                0x20000688                dmaCh11IntCb
 .bss.dmaCh4IntCb
                0x20000698       0x10 /home/zhouyongjian/wangshi/wmsdk_bundle-3.1.16/bin/wmsdk/libs/libdrv.a(mw300_driver.o)
                0x20000698                dmaCh4IntCb
 .bss.mdev_gpt  0x200006a8       0x50 /home/zhouyongjian/wangshi/wmsdk_bundle-3.1.16/bin/wmsdk/libs/libdrv.a(mdev_gpt.o)
 .bss.gptdev_data
                0x200006f8       0x40 /home/zhouyongjian/wangshi/wmsdk_bundle-3.1.16/bin/wmsdk/libs/libdrv.a(mdev_gpt.o)
 .bss.gpt_mutex
                0x20000738       0x10 /home/zhouyongjian/wangshi/wmsdk_bundle-3.1.16/bin/wmsdk/libs/libdrv.a(mdev_gpt.o)
 .bss.uxTopReadyPriority
                0x20000748        0x4 /home/zhouyongjian/wangshi/wmsdk_bundle-3.1.16/bin/wmsdk/libs/libfreertos.a(tasks.o)
 .bss.uxTasksDeleted
                0x2000074c        0x4 /home/zhouyongjian/wangshi/wmsdk_bundle-3.1.16/bin/wmsdk/libs/libfreertos.a(tasks.o)
 .bss.xTickCount
                0x20000750        0x4 /home/zhouyongjian/wangshi/wmsdk_bundle-3.1.16/bin/wmsdk/libs/libfreertos.a(tasks.o)
 .bss.pxReadyTasksLists
                0x20000754       0x64 /home/zhouyongjian/wangshi/wmsdk_bundle-3.1.16/bin/wmsdk/libs/libfreertos.a(tasks.o)
 .bss.pxOverflowDelayedTaskList
                0x200007b8        0x4 /home/zhouyongjian/wangshi/wmsdk_bundle-3.1.16/bin/wmsdk/libs/libfreertos.a(tasks.o)
 .bss.xTasksWaitingTermination
                0x200007bc       0x14 /home/zhouyongjian/wangshi/wmsdk_bundle-3.1.16/bin/wmsdk/libs/libfreertos.a(tasks.o)
 .bss.xTracing  0x200007d0        0x4 /home/zhouyongjian/wangshi/wmsdk_bundle-3.1.16/bin/wmsdk/libs/libfreertos.a(tasks.o)
 .bss.pxDelayedTaskList
                0x200007d4        0x4 /home/zhouyongjian/wangshi/wmsdk_bundle-3.1.16/bin/wmsdk/libs/libfreertos.a(tasks.o)
 .bss.uxCurrentNumberOfTasks
                0x200007d8        0x4 /home/zhouyongjian/wangshi/wmsdk_bundle-3.1.16/bin/wmsdk/libs/libfreertos.a(tasks.o)
 .bss.xPendingReadyList
                0x200007dc       0x14 /home/zhouyongjian/wangshi/wmsdk_bundle-3.1.16/bin/wmsdk/libs/libfreertos.a(tasks.o)
 .bss.xSchedulerRunning
                0x200007f0        0x4 /home/zhouyongjian/wangshi/wmsdk_bundle-3.1.16/bin/wmsdk/libs/libfreertos.a(tasks.o)
 .bss.xMissedYield
                0x200007f4        0x4 /home/zhouyongjian/wangshi/wmsdk_bundle-3.1.16/bin/wmsdk/libs/libfreertos.a(tasks.o)
 .bss.uxTaskNumber
                0x200007f8        0x4 /home/zhouyongjian/wangshi/wmsdk_bundle-3.1.16/bin/wmsdk/libs/libfreertos.a(tasks.o)
 .bss.pcTraceBuffer
                0x200007fc        0x4 /home/zhouyongjian/wangshi/wmsdk_bundle-3.1.16/bin/wmsdk/libs/libfreertos.a(tasks.o)
 .bss.pxCurrentTCB
                0x20000800        0x4 /home/zhouyongjian/wangshi/wmsdk_bundle-3.1.16/bin/wmsdk/libs/libfreertos.a(tasks.o)
                0x20000800                pxCurrentTCB
 .bss.xSuspendedTaskList
                0x20000804       0x14 /home/zhouyongjian/wangshi/wmsdk_bundle-3.1.16/bin/wmsdk/libs/libfreertos.a(tasks.o)
 .bss.xDelayedTaskList1
                0x20000818       0x14 /home/zhouyongjian/wangshi/wmsdk_bundle-3.1.16/bin/wmsdk/libs/libfreertos.a(tasks.o)
 .bss.xDelayedTaskList2
                0x2000082c       0x14 /home/zhouyongjian/wangshi/wmsdk_bundle-3.1.16/bin/wmsdk/libs/libfreertos.a(tasks.o)
 .bss.uxSchedulerSuspended
                0x20000840        0x4 /home/zhouyongjian/wangshi/wmsdk_bundle-3.1.16/bin/wmsdk/libs/libfreertos.a(tasks.o)
 .bss.uxMissedTicks
                0x20000844        0x4 /home/zhouyongjian/wangshi/wmsdk_bundle-3.1.16/bin/wmsdk/libs/libfreertos.a(tasks.o)
 .bss.pcTraceBufferEnd
                0x20000848        0x4 /home/zhouyongjian/wangshi/wmsdk_bundle-3.1.16/bin/wmsdk/libs/libfreertos.a(tasks.o)
 .bss.xNumOfOverflows
                0x2000084c        0x4 /home/zhouyongjian/wangshi/wmsdk_bundle-3.1.16/bin/wmsdk/libs/libfreertos.a(tasks.o)
 .bss.uxTopUsedPriority
                0x20000850        0x4 /home/zhouyongjian/wangshi/wmsdk_bundle-3.1.16/bin/wmsdk/libs/libfreertos.a(tasks.o)
 .bss.pxCurrentTimerList
                0x20000854        0x4 /home/zhouyongjian/wangshi/wmsdk_bundle-3.1.16/bin/wmsdk/libs/libfreertos.a(timers.o)
 .bss.xActiveTimerList1
                0x20000858       0x14 /home/zhouyongjian/wangshi/wmsdk_bundle-3.1.16/bin/wmsdk/libs/libfreertos.a(timers.o)
 .bss.xActiveTimerList2
                0x2000086c       0x14 /home/zhouyongjian/wangshi/wmsdk_bundle-3.1.16/bin/wmsdk/libs/libfreertos.a(timers.o)
 .bss.xLastTime.4447
                0x20000880        0x4 /home/zhouyongjian/wangshi/wmsdk_bundle-3.1.16/bin/wmsdk/libs/libfreertos.a(timers.o)
 .bss.xTimerQueue
                0x20000884        0x4 /home/zhouyongjian/wangshi/wmsdk_bundle-3.1.16/bin/wmsdk/libs/libfreertos.a(timers.o)
 .bss.pxOverflowTimerList
                0x20000888        0x4 /home/zhouyongjian/wangshi/wmsdk_bundle-3.1.16/bin/wmsdk/libs/libfreertos.a(timers.o)
 .bss.hI        0x2000088c       0x18 /home/zhouyongjian/wangshi/wmsdk_bundle-3.1.16/bin/wmsdk/libs/libfreertos.a(heap_4.o)
 .bss.lastHeapAddress
                0x200008a4        0x4 /home/zhouyongjian/wangshi/wmsdk_bundle-3.1.16/bin/wmsdk/libs/libfreertos.a(heap_4.o)
 .bss.xFreeBytesRemaining
                0x200008a8        0x4 /home/zhouyongjian/wangshi/wmsdk_bundle-3.1.16/bin/wmsdk/libs/libfreertos.a(heap_4.o)
 .bss.xStart    0x200008ac        0xc /home/zhouyongjian/wangshi/wmsdk_bundle-3.1.16/bin/wmsdk/libs/libfreertos.a(heap_4.o)
 .bss.startHeapAddress
                0x200008b8        0x4 /home/zhouyongjian/wangshi/wmsdk_bundle-3.1.16/bin/wmsdk/libs/libfreertos.a(heap_4.o)
 .bss.configTOTAL_HEAP_SIZE
                0x200008bc        0x4 /home/zhouyongjian/wangshi/wmsdk_bundle-3.1.16/bin/wmsdk/libs/libfreertos.a(heap_4.o)
 .bss.xEnd      0x200008c0        0xc /home/zhouyongjian/wangshi/wmsdk_bundle-3.1.16/bin/wmsdk/libs/libfreertos.a(heap_4.o)
 .bss.xHeapHasBeenInitialised.5075
                0x200008cc        0x4 /home/zhouyongjian/wangshi/wmsdk_bundle-3.1.16/bin/wmsdk/libs/libfreertos.a(heap_4.o)
 .bss.xHeap     0x200008d0        0x8 /home/zhouyongjian/wangshi/wmsdk_bundle-3.1.16/bin/wmsdk/libs/libfreertos.a(heap_4.o)
 .bss.pMdevList
                0x200008d8        0x4 /home/zhouyongjian/wangshi/wmsdk_bundle-3.1.16/bin/wmsdk/libs/libmdev.a(mdev.o)
                0x200008d8                pMdevList
 .bss.g_os_tick_hooks
                0x200008dc       0x10 /home/zhouyongjian/wangshi/wmsdk_bundle-3.1.16/bin/wmsdk/libs/libos.a(os.o)
                0x200008dc                g_os_tick_hooks
 .bss.g_sys_lock
                0x200008ec        0x4 /home/zhouyongjian/wangshi/wmsdk_bundle-3.1.16/bin/wmsdk/libs/libos.a(os.o)
                0x200008ec                g_sys_lock
 .bss.g_os_idle_hooks
                0x200008f0       0x10 /home/zhouyongjian/wangshi/wmsdk_bundle-3.1.16/bin/wmsdk/libs/libos.a(os.o)
                0x200008f0                g_os_idle_hooks
 .bss.g_rst_cause
                0x20000900        0x4 /home/zhouyongjian/wangshi/wmsdk_bundle-3.1.16/bin/wmsdk/libs/libutil.a(boot_flags.o)
                0x20000900                g_rst_cause
 .bss.g_boot_flags
                0x20000904        0x4 /home/zhouyongjian/wangshi/wmsdk_bundle-3.1.16/bin/wmsdk/libs/libutil.a(boot_flags.o)
                0x20000904                g_boot_flags
 .bss.g_prev_version_fw
                0x20000908        0x4 /home/zhouyongjian/wangshi/wmsdk_bundle-3.1.16/bin/wmsdk/libs/libutil.a(boot_flags.o)
                0x20000908                g_prev_version_fw
 .bss.ll_msg_buf_
                0x2000090c       0x7f /home/zhouyongjian/wangshi/wmsdk_bundle-3.1.16/bin/wmsdk/libs/libwmstdio.a(wmstdio.o)
 *fill*         0x2000098b        0x1 
 .bss.wmstdio_mutex
                0x2000098c        0x4 /home/zhouyongjian/wangshi/wmsdk_bundle-3.1.16/bin/wmsdk/libs/libwmstdio.a(wmstdio.o)
 .bss.empty_funcs
                0x20000990       0x10 /home/zhouyongjian/wangshi/wmsdk_bundle-3.1.16/bin/wmsdk/libs/libwmstdio.a(wmstdio.o)
                0x20000990                empty_funcs
 .bss.wmstdio_msg_buf_
                0x200009a0       0x7f /home/zhouyongjian/wangshi/wmsdk_bundle-3.1.16/bin/wmsdk/libs/libwmstdio.a(wmstdio.o)
 *fill*         0x20000a1f        0x1 
 .bss.mdev_uart_
                0x20000a20        0x4 /home/zhouyongjian/wangshi/wmsdk_bundle-3.1.16/bin/wmsdk/libs/libwmstdio.a(console.o)
 .bss.gpio_dev  0x20000a24        0x4 obj/electric_measure.o
                0x20000a24                gpio_dev
 .bss.gpio_OUT  0x20000a28        0x1 obj/electric_measure.o
                0x20000a28                gpio_OUT
 .bss.data_exist_flashflag
                0x20000a29        0x1 obj/electric_measure.o
 *fill*         0x20000a2a        0x2 
 .bss.gpt_dev   0x20000a2c        0x4 obj/electric_measure.o
                0x20000a2c                gpt_dev
 .bss.gpio_P    0x20000a30        0x1 obj/electric_measure.o
                0x20000a30                gpio_P
 .bss.gpio_IV   0x20000a31        0x1 obj/electric_measure.o
                0x20000a31                gpio_IV
 *fill*         0x20000a32        0x2 
 .bss.U32_P_REF_PLUSEWIDTH_TIME
                0x20000a34        0x4 obj/C_HLW8012_debug.o
                0x20000a34                U32_P_REF_PLUSEWIDTH_TIME
 .bss.U16_E_Pluse_CNT
                0x20000a38        0x4 obj/C_HLW8012_debug.o
                0x20000a38                U16_E_Pluse_CNT
 .bss.U16_AC_P  0x20000a3c        0x4 obj/C_HLW8012_debug.o
                0x20000a3c                U16_AC_P
 .bss.U16_REF_001_E_Pluse_CNT
                0x20000a40        0x4 obj/C_HLW8012_debug.o
                0x20000a40                U16_REF_001_E_Pluse_CNT
 .bss.U16_AC_V  0x20000a44        0x4 obj/C_HLW8012_debug.o
                0x20000a44                U16_AC_V
 .bss.B_VI_Test_Mode
                0x20000a48        0x1 obj/C_HLW8012_debug.o
                0x20000a48                B_VI_Test_Mode
 *fill*         0x20000a49        0x3 
 .bss.U32_P_CURRENT_PLUSEWIDTH_TIME
                0x20000a4c        0x4 obj/C_HLW8012_debug.o
                0x20000a4c                U32_P_CURRENT_PLUSEWIDTH_TIME
 .bss.B_V_Last_TestOneCycle_Mode
                0x20000a50        0x1 obj/C_HLW8012_debug.o
                0x20000a50                B_V_Last_TestOneCycle_Mode
 .bss.Measure_COS_Flag
                0x20000a51        0x1 obj/C_HLW8012_debug.o
                0x20000a51                Measure_COS_Flag
 .bss.U8_CURR_WorkMode
                0x20000a52        0x1 obj/C_HLW8012_debug.o
                0x20000a52                U8_CURR_WorkMode
 .bss.B_I_Last_TestOneCycle_Mode
                0x20000a53        0x1 obj/C_HLW8012_debug.o
                0x20000a53                B_I_Last_TestOneCycle_Mode
 .bss.U16_P_OneCycleTime
                0x20000a54        0x4 obj/C_HLW8012_debug.o
                0x20000a54                U16_P_OneCycleTime
 .bss.U32_I_REF_PLUSEWIDTH_TIME
                0x20000a58        0x4 obj/C_HLW8012_debug.o
                0x20000a58                U32_I_REF_PLUSEWIDTH_TIME
 .bss.Measure_I_Flag
                0x20000a5c        0x1 obj/C_HLW8012_debug.o
                0x20000a5c                Measure_I_Flag
 *fill*         0x20000a5d        0x3 
 .bss.U16_P_Last_CNT
                0x20000a60        0x4 obj/C_HLW8012_debug.o
                0x20000a60                U16_P_Last_CNT
 .bss.B_I_TestOneCycle_Mode
                0x20000a64        0x1 obj/C_HLW8012_debug.o
                0x20000a64                B_I_TestOneCycle_Mode
 *fill*         0x20000a65        0x3 
 .bss.U16_P_Last_OneCycleTime
                0x20000a68        0x4 obj/C_HLW8012_debug.o
                0x20000a68                U16_P_Last_OneCycleTime
 .bss.U16_P_REF_Data
                0x20000a6c        0x4 obj/C_HLW8012_debug.o
                0x20000a6c                U16_P_REF_Data
 .bss.Measure_V_Flag
                0x20000a70        0x1 obj/C_HLW8012_debug.o
                0x20000a70                Measure_V_Flag
 *fill*         0x20000a71        0x3 
 .bss.U16_P_CNT
                0x20000a74        0x4 obj/C_HLW8012_debug.o
                0x20000a74                U16_P_CNT
 .bss.Measure_P_Flag
                0x20000a78        0x1 obj/C_HLW8012_debug.o
                0x20000a78                Measure_P_Flag
 *fill*         0x20000a79        0x3 
 .bss.U16_I_OneCycleTime
                0x20000a7c        0x4 obj/C_HLW8012_debug.o
                0x20000a7c                U16_I_OneCycleTime
 .bss.U16_V_REF_Data
                0x20000a80        0x4 obj/C_HLW8012_debug.o
                0x20000a80                U16_V_REF_Data
 .bss.U16_VI_Test_Times
                0x20000a84        0x4 obj/C_HLW8012_debug.o
                0x20000a84                U16_VI_Test_Times
 .bss.B_V_TestOneCycle_Mode
                0x20000a88        0x1 obj/C_HLW8012_debug.o
                0x20000a88                B_V_TestOneCycle_Mode
 *fill*         0x20000a89        0x3 
 .bss.U32_AC_BACKUP_E
                0x20000a8c        0x4 obj/C_HLW8012_debug.o
                0x20000a8c                U32_AC_BACKUP_E
 .bss.U32_AC_SAVE_E
                0x20000a90        0x4 obj/C_HLW8012_debug.o
                0x20000a90                U32_AC_SAVE_E
 .bss.B_V_Last_OVERFLOW
                0x20000a94        0x1 obj/C_HLW8012_debug.o
                0x20000a94                B_V_Last_OVERFLOW
 *fill*         0x20000a95        0x3 
 .bss.U16_V_Last_CNT
                0x20000a98        0x4 obj/C_HLW8012_debug.o
                0x20000a98                U16_V_Last_CNT
 .bss.U16_V_OneCycleTime
                0x20000a9c        0x4 obj/C_HLW8012_debug.o
                0x20000a9c                U16_V_OneCycleTime
 .bss.B_P_Last_OVERFLOW
                0x20000aa0        0x1 obj/C_HLW8012_debug.o
                0x20000aa0                B_P_Last_OVERFLOW
 *fill*         0x20000aa1        0x3 
 .bss.U16_V_TotalTimes
                0x20000aa4        0x4 obj/C_HLW8012_debug.o
                0x20000aa4                U16_V_TotalTimes
 .bss.U32_V_CURRENT_PLUSEWIDTH_TIME
                0x20000aa8        0x4 obj/C_HLW8012_debug.o
                0x20000aa8                U32_V_CURRENT_PLUSEWIDTH_TIME
 .bss.U32_Cal_Times
                0x20000aac        0x4 obj/C_HLW8012_debug.o
                0x20000aac                U32_Cal_Times
 .bss.U8_AC_COS
                0x20000ab0        0x1 obj/C_HLW8012_debug.o
                0x20000ab0                U8_AC_COS
 *fill*         0x20000ab1        0x3 
 .bss.U16_I_Last_OneCycleTime
                0x20000ab4        0x4 obj/C_HLW8012_debug.o
                0x20000ab4                U16_I_Last_OneCycleTime
 .bss.U16_I_CNT
                0x20000ab8        0x4 obj/C_HLW8012_debug.o
                0x20000ab8                U16_I_CNT
 .bss.B_P_OVERFLOW
                0x20000abc        0x1 obj/C_HLW8012_debug.o
                0x20000abc                B_P_OVERFLOW
 .bss.B_I_OVERFLOW
                0x20000abd        0x1 obj/C_HLW8012_debug.o
                0x20000abd                B_I_OVERFLOW
 *fill*         0x20000abe        0x2 
 .bss.U16_I_REF_Data
                0x20000ac0        0x4 obj/C_HLW8012_debug.o
                0x20000ac0                U16_I_REF_Data
 .bss.U16_I_TotalTimes
                0x20000ac4        0x4 obj/C_HLW8012_debug.o
                0x20000ac4                U16_I_TotalTimes
 .bss.U16_V_Last_OneCycleTime
                0x20000ac8        0x4 obj/C_HLW8012_debug.o
                0x20000ac8                U16_V_Last_OneCycleTime
 .bss.U16_I_Last_CNT
                0x20000acc        0x4 obj/C_HLW8012_debug.o
                0x20000acc                U16_I_Last_CNT
 .bss.U16_V_CNT
                0x20000ad0        0x4 obj/C_HLW8012_debug.o
                0x20000ad0                U16_V_CNT
 .bss.B_I_Last_OVERFLOW
                0x20000ad4        0x1 obj/C_HLW8012_debug.o
                0x20000ad4                B_I_Last_OVERFLOW
 .bss.B_V_OVERFLOW
                0x20000ad5        0x1 obj/C_HLW8012_debug.o
                0x20000ad5                B_V_OVERFLOW
 *fill*         0x20000ad6        0x2 
 .bss.U32_AC_E  0x20000ad8        0x4 obj/C_HLW8012_debug.o
                0x20000ad8                U32_AC_E
 .bss.U32_V_REF_PLUSEWIDTH_TIME
                0x20000adc        0x4 obj/C_HLW8012_debug.o
                0x20000adc                U32_V_REF_PLUSEWIDTH_TIME
 .bss.U16_P_TotalTimes
                0x20000ae0        0x4 obj/C_HLW8012_debug.o
                0x20000ae0                U16_P_TotalTimes
 .bss.U32_I_CURRENT_PLUSEWIDTH_TIME
                0x20000ae4        0x4 obj/C_HLW8012_debug.o
                0x20000ae4                U32_I_CURRENT_PLUSEWIDTH_TIME
 .bss.B_P_TestOneCycle_Mode
                0x20000ae8        0x1 obj/C_HLW8012_debug.o
                0x20000ae8                B_P_TestOneCycle_Mode
 .bss.B_P_Last_TestOneCycle_Mode
                0x20000ae9        0x1 obj/C_HLW8012_debug.o
                0x20000ae9                B_P_Last_TestOneCycle_Mode
 *fill*         0x20000aea        0x2 
 .bss.U16_AC_I  0x20000aec        0x4 obj/C_HLW8012_debug.o
                0x20000aec                U16_AC_I
 .bss.gpio_mutex
                0x20000af0        0x4 /home/zhouyongjian/wangshi/wmsdk_bundle-3.1.16/bin/wmsdk/libs/libdrv.a(mdev_gpio.o)
 .bss.MDEV_gpio
                0x20000af4       0x14 /home/zhouyongjian/wangshi/wmsdk_bundle-3.1.16/bin/wmsdk/libs/libdrv.a(mdev_gpio.o)
 .bss.gpio_irq_obj_list
                0x20000b08      0x190 /home/zhouyongjian/wangshi/wmsdk_bundle-3.1.16/bin/wmsdk/libs/libdrv.a(mdev_gpio.o)
 .bss.mdev_dma_p_data
                0x20000c98       0x3c /home/zhouyongjian/wangshi/wmsdk_bundle-3.1.16/bin/wmsdk/libs/libdrv.a(mdev_dma.o)
 .bss.mdev_dma  0x20000cd4       0x14 /home/zhouyongjian/wangshi/wmsdk_bundle-3.1.16/bin/wmsdk/libs/libdrv.a(mdev_dma.o)
 .bss.fl_cfg    0x20000ce8       0x10 /home/zhouyongjian/wangshi/wmsdk_bundle-3.1.16/bin/wmsdk/libs/libdrv.a(mdev_iflash.o)
 .bss.MDEV_iflash
                0x20000cf8       0x14 /home/zhouyongjian/wangshi/wmsdk_bundle-3.1.16/bin/wmsdk/libs/libdrv.a(mdev_iflash.o)
 .bss.iflash_mutex
                0x20000d0c        0x4 /home/zhouyongjian/wangshi/wmsdk_bundle-3.1.16/bin/wmsdk/libs/libdrv.a(mdev_iflash.o)
 *(COMMON)
                0x20000d10                _ebss = .

._main_stack    0x20000d10      0x800
                0x20000d10                . = ALIGN (0x4)
                0x20001510                . = (. + _min_stack_size)
 *fill*         0x20000d10      0x800 
                0x20001510                . = ALIGN (0x4)

.nvram          0x480c0000       0x44
                0x480c0000                _nvram_start = .
                0x480c0040                . = (. + 0x40)
 *fill*         0x480c0000       0x40 
                0x480c0040                . = ALIGN (0x4)
                0x480c0040                _nvram_begin = .
 *(.nvram)
 *(.nvram.*)
                0x480c0040                _nvram_end = .
                0x480c0040                . = ALIGN (0x4)
 *(.nvram_uninit)
 .nvram_uninit  0x480c0040        0x4 /home/zhouyongjian/wangshi/wmsdk_bundle-3.1.16/bin/wmsdk/libs/libdrv.a(mdev_pm.o)
                0x480c0040                pm4_sig
 *(.nvram_uninit.*)

/DISCARD/
 *(.ARM.exidx* .gnu.linkonce.armexidx.*)
OUTPUT(bin/HLW_demo.axf elf32-littlearm)

.debug_info     0x00000000    0x2e6ee
 .debug_info    0x00000000     0x3c01 /home/zhouyongjian/wangshi/wmsdk_bundle-3.1.16/bin/wmsdk/libs/libdrv.a(mdev_startup.o)
 .debug_info    0x00003c01     0x4966 /home/zhouyongjian/wangshi/wmsdk_bundle-3.1.16/bin/wmsdk/libs/libdrv.a(mdev_pm.o)
 .debug_info    0x00008567     0x3812 /home/zhouyongjian/wangshi/wmsdk_bundle-3.1.16/bin/wmsdk/libs/libdrv.a(mw300_clock.o)
 .debug_info    0x0000bd79      0x71f /home/zhouyongjian/wangshi/wmsdk_bundle-3.1.16/bin/wmsdk/libs/libdrv.a(mw300_driver.o)
 .debug_info    0x0000c498     0x37de /home/zhouyongjian/wangshi/wmsdk_bundle-3.1.16/bin/wmsdk/libs/libdrv.a(mw300_pmu.o)
 .debug_info    0x0000fc76      0x36f /home/zhouyongjian/wangshi/wmsdk_bundle-3.1.16/bin/wmsdk/libs/libdrv.a(mw300_pinmux.o)
 .debug_info    0x0000ffe5      0x931 /home/zhouyongjian/wangshi/wmsdk_bundle-3.1.16/bin/wmsdk/libs/libdrv.a(mw300_rtc.o)
 .debug_info    0x00010916     0x15af /home/zhouyongjian/wangshi/wmsdk_bundle-3.1.16/bin/wmsdk/libs/libdrv.a(mdev_gpt.o)
 .debug_info    0x00011ec5     0x1b39 /home/zhouyongjian/wangshi/wmsdk_bundle-3.1.16/bin/wmsdk/libs/libdrv.a(mw300_gpt.o)
 .debug_info    0x000139fe      0xf14 /home/zhouyongjian/wangshi/wmsdk_bundle-3.1.16/bin/wmsdk/libs/libfreertos.a(queue.o)
 .debug_info    0x00014912     0x1efd /home/zhouyongjian/wangshi/wmsdk_bundle-3.1.16/bin/wmsdk/libs/libfreertos.a(tasks.o)
 .debug_info    0x0001680f      0xddb /home/zhouyongjian/wangshi/wmsdk_bundle-3.1.16/bin/wmsdk/libs/libfreertos.a(timers.o)
 .debug_info    0x000175ea      0x212 /home/zhouyongjian/wangshi/wmsdk_bundle-3.1.16/bin/wmsdk/libs/libfreertos.a(port.o)
 .debug_info    0x000177fc      0x6c1 /home/zhouyongjian/wangshi/wmsdk_bundle-3.1.16/bin/wmsdk/libs/libfreertos.a(heap_4.o)
 .debug_info    0x00017ebd      0x27e /home/zhouyongjian/wangshi/wmsdk_bundle-3.1.16/bin/wmsdk/libs/libfreertos.a(list.o)
 .debug_info    0x0001813b      0x3d1 /home/zhouyongjian/wangshi/wmsdk_bundle-3.1.16/bin/wmsdk/libs/libmdev.a(mdev.o)
 .debug_info    0x0001850c     0x204b /home/zhouyongjian/wangshi/wmsdk_bundle-3.1.16/bin/wmsdk/libs/libos.a(os.o)
 .debug_info    0x0001a557      0xa20 /home/zhouyongjian/wangshi/wmsdk_bundle-3.1.16/bin/wmsdk/libs/libutil.a(boot_flags.o)
 .debug_info    0x0001af77      0x192 /home/zhouyongjian/wangshi/wmsdk_bundle-3.1.16/bin/wmsdk/libs/libutil.a(critical_error.o)
 .debug_info    0x0001b109      0xa2e /home/zhouyongjian/wangshi/wmsdk_bundle-3.1.16/bin/wmsdk/libs/libwmstdio.a(wmstdio.o)
 .debug_info    0x0001bb37      0x41a /home/zhouyongjian/wangshi/wmsdk_bundle-3.1.16/bin/wmsdk/libs/libwmstdio.a(console.o)
 .debug_info    0x0001bf51      0xb5c obj/board.o
 .debug_info    0x0001caad      0xb31 obj/electric_measure.o
 .debug_info    0x0001d5de      0x6eb obj/C_HLW8012_debug.o
 .debug_info    0x0001dcc9       0xc2 /home/zhouyongjian/wangshi/wmsdk_bundle-3.1.16/bin/wmsdk/libs/libc.a(memcmp.o)
 .debug_info    0x0001dd8b      0x4f3 /home/zhouyongjian/wangshi/wmsdk_bundle-3.1.16/bin/wmsdk/libs/libc.a(vsnprintf.o)
 .debug_info    0x0001e27e       0xc3 /home/zhouyongjian/wangshi/wmsdk_bundle-3.1.16/bin/wmsdk/libs/libc.a(strcmp.o)
 .debug_info    0x0001e341       0xf4 /home/zhouyongjian/wangshi/wmsdk_bundle-3.1.16/bin/wmsdk/libs/libc.a(strncpy.o)
 .debug_info    0x0001e435       0x86 /home/zhouyongjian/wangshi/wmsdk_bundle-3.1.16/bin/wmsdk/libs/libc.a(strlen.o)
 .debug_info    0x0001e4bb      0xb2f /home/zhouyongjian/wangshi/wmsdk_bundle-3.1.16/bin/wmsdk/libs/libdrv.a(mw300_gpio.o)
 .debug_info    0x0001efea     0x1986 /home/zhouyongjian/wangshi/wmsdk_bundle-3.1.16/bin/wmsdk/libs/libdrv.a(mw300_uart.o)
 .debug_info    0x00020970     0x17ee /home/zhouyongjian/wangshi/wmsdk_bundle-3.1.16/bin/wmsdk/libs/libdrv.a(mdev_gpio.o)
 .debug_info    0x0002215e     0x32fe /home/zhouyongjian/wangshi/wmsdk_bundle-3.1.16/bin/wmsdk/libs/libdrv.a(mdev_uart.o)
 .debug_info    0x0002545c     0x31f4 /home/zhouyongjian/wangshi/wmsdk_bundle-3.1.16/bin/wmsdk/libs/libdrv.a(mdev_dma.o)
 .debug_info    0x00028650      0x64b /home/zhouyongjian/wangshi/wmsdk_bundle-3.1.16/bin/wmsdk/libs/libutil.a(flash.o)
 .debug_info    0x00028c9b     0x212d /home/zhouyongjian/wangshi/wmsdk_bundle-3.1.16/bin/wmsdk/libs/libdrv.a(mdev_iflash.o)
 .debug_info    0x0002adc8     0x2602 /home/zhouyongjian/wangshi/wmsdk_bundle-3.1.16/bin/wmsdk/libs/libdrv.a(mw300_flash.o)
 .debug_info    0x0002d3ca     0x1324 /home/zhouyongjian/wangshi/wmsdk_bundle-3.1.16/bin/wmsdk/libs/libdrv.a(mw300_qspi.o)

.debug_abbrev   0x00000000     0x62ba
 .debug_abbrev  0x00000000      0x47b /home/zhouyongjian/wangshi/wmsdk_bundle-3.1.16/bin/wmsdk/libs/libdrv.a(mdev_startup.o)
 .debug_abbrev  0x0000047b      0x5eb /home/zhouyongjian/wangshi/wmsdk_bundle-3.1.16/bin/wmsdk/libs/libdrv.a(mdev_pm.o)
 .debug_abbrev  0x00000a66      0x2d0 /home/zhouyongjian/wangshi/wmsdk_bundle-3.1.16/bin/wmsdk/libs/libdrv.a(mw300_clock.o)
 .debug_abbrev  0x00000d36       0xc1 /home/zhouyongjian/wangshi/wmsdk_bundle-3.1.16/bin/wmsdk/libs/libdrv.a(mw300_driver.o)
 .debug_abbrev  0x00000df7      0x374 /home/zhouyongjian/wangshi/wmsdk_bundle-3.1.16/bin/wmsdk/libs/libdrv.a(mw300_pmu.o)
 .debug_abbrev  0x0000116b      0x130 /home/zhouyongjian/wangshi/wmsdk_bundle-3.1.16/bin/wmsdk/libs/libdrv.a(mw300_pinmux.o)