Archive member included because of file (symbol)

/home/wang/wmsdk_bundle-3.1.16/bin/wmsdk/libs/libdrv.a(mdev_startup.o)
                              (Reset_IRQHandler)
/home/wang/wmsdk_bundle-3.1.16/bin/wmsdk/libs/libdrv.a(mdev_pm.o)
                              /home/wang/wmsdk_bundle-3.1.16/bin/wmsdk/libs/libdrv.a(mdev_startup.o) (pm4_sig)
/home/wang/wmsdk_bundle-3.1.16/bin/wmsdk/libs/libdrv.a(mw300_clock.o)
                              /home/wang/wmsdk_bundle-3.1.16/bin/wmsdk/libs/libdrv.a(mdev_startup.o) (CLK_SystemClkSrc)
/home/wang/wmsdk_bundle-3.1.16/bin/wmsdk/libs/libdrv.a(mw300_driver.o)
                              /home/wang/wmsdk_bundle-3.1.16/bin/wmsdk/libs/libdrv.a(mdev_pm.o) (install_int_callback)
/home/wang/wmsdk_bundle-3.1.16/bin/wmsdk/libs/libdrv.a(mw300_pmu.o)
                              /home/wang/wmsdk_bundle-3.1.16/bin/wmsdk/libs/libdrv.a(mdev_pm.o) (PMU_SetSleepMode)
/home/wang/wmsdk_bundle-3.1.16/bin/wmsdk/libs/libdrv.a(mdev_rtc.o)
                              /home/wang/wmsdk_bundle-3.1.16/bin/wmsdk/libs/libdrv.a(mdev_pm.o) (rtc_drv_set_alarm_cb)
/home/wang/wmsdk_bundle-3.1.16/bin/wmsdk/libs/libdrv.a(mw300_pinmux.o)
                              /home/wang/wmsdk_bundle-3.1.16/bin/wmsdk/libs/libdrv.a(mdev_rtc.o) (GPIO_PinMuxFun)
/home/wang/wmsdk_bundle-3.1.16/bin/wmsdk/libs/libdrv.a(mw300_rtc.o)
                              /home/wang/wmsdk_bundle-3.1.16/bin/wmsdk/libs/libdrv.a(mdev_rtc.o) (RTC_CounterReset)
/home/wang/wmsdk_bundle-3.1.16/bin/wmsdk/libs/libdrv.a(mdev_gpt.o)
                              /home/wang/wmsdk_bundle-3.1.16/bin/wmsdk/libs/libdrv.a(mdev_rtc.o) (gpt_drv_open)
/home/wang/wmsdk_bundle-3.1.16/bin/wmsdk/libs/libdrv.a(mw300_gpt.o)
                              /home/wang/wmsdk_bundle-3.1.16/bin/wmsdk/libs/libdrv.a(mdev_gpt.o) (GPT_Init)
/home/wang/wmsdk_bundle-3.1.16/bin/wmsdk/libs/libfreertos.a(queue.o)
                              /home/wang/wmsdk_bundle-3.1.16/bin/wmsdk/libs/libdrv.a(mdev_gpt.o) (xQueueGenericSend)
/home/wang/wmsdk_bundle-3.1.16/bin/wmsdk/libs/libfreertos.a(tasks.o)
                              /home/wang/wmsdk_bundle-3.1.16/bin/wmsdk/libs/libfreertos.a(queue.o) (vTaskSuspendAll)
/home/wang/wmsdk_bundle-3.1.16/bin/wmsdk/libs/libfreertos.a(timers.o)
                              /home/wang/wmsdk_bundle-3.1.16/bin/wmsdk/libs/libfreertos.a(tasks.o) (xTimerCreateTimerTask)
/home/wang/wmsdk_bundle-3.1.16/bin/wmsdk/libs/libfreertos.a(port.o)
                              /home/wang/wmsdk_bundle-3.1.16/bin/wmsdk/libs/libfreertos.a(tasks.o) (pxPortInitialiseStack)
/home/wang/wmsdk_bundle-3.1.16/bin/wmsdk/libs/libfreertos.a(heap_4.o)
                              /home/wang/wmsdk_bundle-3.1.16/bin/wmsdk/libs/libfreertos.a(queue.o) (pvPortMalloc)
/home/wang/wmsdk_bundle-3.1.16/bin/wmsdk/libs/libfreertos.a(list.o)
                              /home/wang/wmsdk_bundle-3.1.16/bin/wmsdk/libs/libfreertos.a(queue.o) (vListInitialise)
/home/wang/wmsdk_bundle-3.1.16/bin/wmsdk/libs/libmdev.a(mdev.o)
                              /home/wang/wmsdk_bundle-3.1.16/bin/wmsdk/libs/libdrv.a(mdev_rtc.o) (mdev_register)
/home/wang/wmsdk_bundle-3.1.16/bin/wmsdk/libs/libos.a(os.o)
                              /home/wang/wmsdk_bundle-3.1.16/bin/wmsdk/libs/libfreertos.a(tasks.o) (vApplicationStackOverflowHook)
/home/wang/wmsdk_bundle-3.1.16/bin/wmsdk/libs/libpwrmgr.a(pwrmgr.o)
                              /home/wang/wmsdk_bundle-3.1.16/bin/wmsdk/libs/libdrv.a(mdev_rtc.o) (pm_register_cb)
/home/wang/wmsdk_bundle-3.1.16/bin/wmsdk/libs/libutil.a(boot_flags.o)
                              /home/wang/wmsdk_bundle-3.1.16/bin/wmsdk/libs/libdrv.a(mdev_startup.o) (boot_init)
/home/wang/wmsdk_bundle-3.1.16/bin/wmsdk/libs/libutil.a(critical_error.o)
                              /home/wang/wmsdk_bundle-3.1.16/bin/wmsdk/libs/libdrv.a(mdev_startup.o) (critical_error)
/home/wang/wmsdk_bundle-3.1.16/bin/wmsdk/libs/libwmstdio.a(wmstdio.o)
                              /home/wang/wmsdk_bundle-3.1.16/bin/wmsdk/libs/libdrv.a(mdev_pm.o) (wmprintf)
/home/wang/wmsdk_bundle-3.1.16/bin/wmsdk/libs/libwmstdio.a(console.o)
                              /home/wang/wmsdk_bundle-3.1.16/bin/wmsdk/libs/libwmstdio.a(wmstdio.o) (serial_console_printf)
/home/wang/wmsdk_bundle-3.1.16/bin/wmsdk/libs/libwmtime.a(hwrtc.o)
                              /home/wang/wmsdk_bundle-3.1.16/bin/wmsdk/libs/libpwrmgr.a(pwrmgr.o) (hwrtc_time_update)
/home/wang/wmsdk_bundle-3.1.16/bin/wmsdk/libs/libc.a(atoi.o)
                              /home/wang/wmsdk_bundle-3.1.16/bin/wmsdk/libs/libpwrmgr.a(pwrmgr.o) (atoi)
/home/wang/wmsdk_bundle-3.1.16/bin/wmsdk/libs/libc.a(memcmp.o)
                              /home/wang/wmsdk_bundle-3.1.16/bin/wmsdk/libs/libfreertos.a(tasks.o) (memcmp)
/home/wang/wmsdk_bundle-3.1.16/bin/wmsdk/libs/libc.a(snprintf.o)
                              /home/wang/wmsdk_bundle-3.1.16/bin/wmsdk/libs/libfreertos.a(tasks.o) (snprintf)
[...]
Memory Configuration

Name             Origin             Length             Attributes
SRAM0            0x00100000         0x00060000         xrw
SRAM1            0x20000000         0x00020000         xrw
NVRAM            0x480c0000         0x00001000         rw
FLASHC           0x20020000         0x00008000         rw
*default*        0x00000000         0xffffffff

Linker script and memory map

                0x00000040                _rom_data = 0x40
START GROUP
LOAD /home/wang/wmsdk_bundle-3.1.16/bin/wmsdk/libs/libaca.a
LOAD /home/wang/wmsdk_bundle-3.1.16/bin/wmsdk/libs/libaescrypto.a
LOAD /home/wang/wmsdk_bundle-3.1.16/bin/wmsdk/libs/libapp_framework.a
LOAD /home/wang/wmsdk_bundle-3.1.16/bin/wmsdk/libs/libbn.a
LOAD /home/wang/wmsdk_bundle-3.1.16/bin/wmsdk/libs/libbtdriver.a
LOAD /home/wang/wmsdk_bundle-3.1.16/bin/wmsdk/libs/libc.a
LOAD /home/wang/wmsdk_bundle-3.1.16/bin/wmsdk/libs/libcacheprof.a
LOAD /home/wang/wmsdk_bundle-3.1.16/bin/wmsdk/libs/libchacha-20.a
LOAD /home/wang/wmsdk_bundle-3.1.16/bin/wmsdk/libs/libcli.a
LOAD /home/wang/wmsdk_bundle-3.1.16/bin/wmsdk/libs/libctaocrypt.a
LOAD /home/wang/wmsdk_bundle-3.1.16/bin/wmsdk/libs/libcurve25519.a
LOAD /home/wang/wmsdk_bundle-3.1.16/bin/wmsdk/libs/libcyassl.a
LOAD /home/wang/wmsdk_bundle-3.1.16/bin/wmsdk/libs/libdhcpd.a
LOAD /home/wang/wmsdk_bundle-3.1.16/bin/wmsdk/libs/libdiagnostics.a
LOAD /home/wang/wmsdk_bundle-3.1.16/bin/wmsdk/libs/libdrv.a
LOAD /home/wang/wmsdk_bundle-3.1.16/bin/wmsdk/libs/libed25519.a
LOAD /home/wang/wmsdk_bundle-3.1.16/bin/wmsdk/libs/libezxml.a
LOAD /home/wang/wmsdk_bundle-3.1.16/bin/wmsdk/libs/libfreertos.a
LOAD /home/wang/wmsdk_bundle-3.1.16/bin/wmsdk/libs/libftfs.a
LOAD /home/wang/wmsdk_bundle-3.1.16/bin/wmsdk/libs/libhealthmon.a
LOAD /home/wang/wmsdk_bundle-3.1.16/bin/wmsdk/libs/libhkdf-sha512.a
LOAD /home/wang/wmsdk_bundle-3.1.16/bin/wmsdk/libs/libhttpclient.a
LOAD /home/wang/wmsdk_bundle-3.1.16/bin/wmsdk/libs/libhttpd.a
LOAD /home/wang/wmsdk_bundle-3.1.16/bin/wmsdk/libs/libjson.a
LOAD /home/wang/wmsdk_bundle-3.1.16/bin/wmsdk/libs/libjson_generator.a
LOAD /home/wang/wmsdk_bundle-3.1.16/bin/wmsdk/libs/libled_indicator.a
LOAD /home/wang/wmsdk_bundle-3.1.16/bin/wmsdk/libs/liblwip.a
LOAD /home/wang/wmsdk_bundle-3.1.16/bin/wmsdk/libs/libmdev.a
LOAD /home/wang/wmsdk_bundle-3.1.16/bin/wmsdk/libs/libmdns.a
LOAD /home/wang/wmsdk_bundle-3.1.16/bin/wmsdk/libs/libnet.a
LOAD /home/wang/wmsdk_bundle-3.1.16/bin/wmsdk/libs/libnwutils.a
LOAD /home/wang/wmsdk_bundle-3.1.16/bin/wmsdk/libs/libos.a
LOAD /home/wang/wmsdk_bundle-3.1.16/bin/wmsdk/libs/liboverlays.a
LOAD /home/wang/wmsdk_bundle-3.1.16/bin/wmsdk/libs/libpart.a
LOAD /home/wang/wmsdk_bundle-3.1.16/bin/wmsdk/libs/libpoly1305.a
LOAD /home/wang/wmsdk_bundle-3.1.16/bin/wmsdk/libs/libprovisioning.a
LOAD /home/wang/wmsdk_bundle-3.1.16/bin/wmsdk/libs/libpsm.a
LOAD /home/wang/wmsdk_bundle-3.1.16/bin/wmsdk/libs/libpush_button.a
LOAD /home/wang/wmsdk_bundle-3.1.16/bin/wmsdk/libs/libpwrmgr.a
LOAD /home/wang/wmsdk_bundle-3.1.16/bin/wmsdk/libs/librfget.a
LOAD /home/wang/wmsdk_bundle-3.1.16/bin/wmsdk/libs/libsrp6a.a
LOAD /home/wang/wmsdk_bundle-3.1.16/bin/wmsdk/libs/libsysinfo.a
LOAD /home/wang/wmsdk_bundle-3.1.16/bin/wmsdk/libs/libtelnetd.a
LOAD /home/wang/wmsdk_bundle-3.1.16/bin/wmsdk/libs/libtls.a
LOAD /home/wang/wmsdk_bundle-3.1.16/bin/wmsdk/libs/libttcp.a
LOAD /home/wang/wmsdk_bundle-3.1.16/bin/wmsdk/libs/libutil.a
LOAD /home/wang/wmsdk_bundle-3.1.16/bin/wmsdk/libs/libwebsocket.a
LOAD /home/wang/wmsdk_bundle-3.1.16/bin/wmsdk/libs/libwifidriver.a
LOAD /home/wang/wmsdk_bundle-3.1.16/bin/wmsdk/libs/libwlcmgr.a
LOAD /home/wang/wmsdk_bundle-3.1.16/bin/wmsdk/libs/libwmcrypto.a
LOAD /home/wang/wmsdk_bundle-3.1.16/bin/wmsdk/libs/libwmstdio.a
LOAD /home/wang/wmsdk_bundle-3.1.16/bin/wmsdk/libs/libwmtime.a
LOAD /home/wang/wmsdk_bundle-3.1.16/bin/wmsdk/libs/libwps.a
LOAD /home/wang/wmsdk_bundle-3.1.16/bin/wmsdk/libs/libxively.a
LOAD /home/wang/wmsdk_bundle-3.1.16/bin/wmsdk/libs/libxz.a
LOAD obj/main.o
LOAD obj/board.o
LOAD obj/audio_read_write.o
LOAD obj/save_file_addr.o
END GROUP
START GROUP
LOAD /home/wang/work/gcc-arm-none-eabi-4_8-2014q2/bin/../lib/gcc/arm-none-eabi/4.8.4/armv7e-m/libgcc.a
LOAD /home/wang/work/gcc-arm-none-eabi-4_8-2014q2/bin/../lib/gcc/arm-none-eabi/4.8.4/../../../../arm-none-eabi/lib/armv7e-m/libg.a
LOAD /home/wang/work/gcc-arm-none-eabi-4_8-2014q2/bin/../lib/gcc/arm-none-eabi/4.8.4/../../../../arm-none-eabi/lib/armv7e-m/libc.a
END GROUP
                0x20020000                _estack = 0x20020000
                0x00012000                _heap_size = 0x12000
                0x00000800                _min_stack_size = 0x800
                0x1f000000                _flashc_mem_start = 0x1f000000
                0x00001000                _keystore_size = 0x1000
                0x0015f000                _e_sram0 = ((ORIGIN (SRAM0) + 0x60000) - _keystore_size)

.text           0x00100000     0x8398
                0x00100000                . = ALIGN (0x100)
 *(.isr_vector)
 .isr_vector    0x00100000      0x13c /home/wang/wmsdk_bundle-3.1.16/bin/wmsdk/libs/libdrv.a(mdev_startup.o)
                0x00100000                __vector_table
                0x0010013c                . = ALIGN (0x4)
 *(.text.Reset_IRQHandler)
 .text.Reset_IRQHandler
                0x0010013c        0xc /home/wang/wmsdk_bundle-3.1.16/bin/wmsdk/libs/libdrv.a(mdev_startup.o)
                0x0010013c                Reset_IRQHandler
 *(.text .text.* .gnu.linkonce.t.*)
 .text.Default_IRQHandler
                0x00100148       0x12 /home/wang/wmsdk_bundle-3.1.16/bin/wmsdk/libs/libdrv.a(mdev_startup.o)
                0x00100148                GPIO_IRQHandler
                0x00100148                ExtPin24_IRQHandler
                0x00100148                ExtPin11_IRQHandler
                0x00100148                ExtPin8_IRQHandler
                0x00100148                I2C0_IRQHandler
                0x00100148                ExtPin4_IRQHandler
                0x00100148                ExtPin20_IRQHandler
                0x00100148                ExtPin13_IRQHandler
                0x00100148                BRNDET_IRQHandler
                0x00100148                SDIO_IRQHandler
                0x00100148                I2C1_IRQHandler
                0x00100148                ExtPin5_IRQHandler
                0x00100148                ExtPin27_IRQHandler
                0x00100148                ACOMPWKUP_IRQHandler
                0x00100148                ExtPin9_IRQHandler
                0x00100148                ExtPin17_IRQHandler
                0x00100148                ADC0_IRQHandler
                0x00100148                BusFault_IRQHandler
                0x00100148                SSP0_IRQHandler
                0x00100148                ExtPin21_IRQHandler
                0x00100148                ExtPin14_IRQHandler
                0x00100148                ExtPin23_IRQHandler
                0x00100148                ACOMP_IRQHandler
                0x00100148                ExtPin12_IRQHandler
                0x00100148                ExtPin16_IRQHandler
                0x00100148                ExtPin3_IRQHandler
                0x00100148                SSP1_IRQHandler
                0x00100148                ULPCOMP_IRQHandler
                0x00100148                UsageFault_IRQHandler
                0x00100148                USB_IRQHandler
                0x00100148                ExtPin19_IRQHandler
                0x00100148                WDT_IRQHandler
                0x00100148                DebugMonitor_IRQHandler
                0x00100148                PLL_IRQHandler
                0x00100148                Default_IRQHandler
                0x00100148                MemManage_IRQHandler
                0x00100148                SSP2_IRQHandler
                0x00100148                DAC_IRQHandler
                0x00100148                ExtPin26_IRQHandler
                0x00100148                AES_IRQHandler
                0x00100148                ExtPin6_IRQHandler
                0x00100148                CRC_IRQHandler
                0x00100148                ExtPin25_IRQHandler
                0x00100148                NMI_IRQHandler
                0x00100148                ExtPin18_IRQHandler
                0x00100148                ExtPin22_IRQHandler
                0x00100148                ExtPin10_IRQHandler
                0x00100148                ExtPin7_IRQHandler
                0x00100148                ExtPin15_IRQHandler
 .text.HardFault_IRQHandler
                0x0010015a        0xc /home/wang/wmsdk_bundle-3.1.16/bin/wmsdk/libs/libdrv.a(mdev_startup.o)
                0x0010015a                HardFault_IRQHandler
 *fill*         0x00100166        0x2 
 .text.Setup_RC32M
                0x00100168       0xa0 /home/wang/wmsdk_bundle-3.1.16/bin/wmsdk/libs/libdrv.a(mdev_startup.o)
 .text.CLK_Init
                0x00100208      0x1fc /home/wang/wmsdk_bundle-3.1.16/bin/wmsdk/libs/libdrv.a(mdev_startup.o)
                0x00100208                CLK_Init
 .text.Reset_IRQHandler_C
                0x00100404       0xc8 /home/wang/wmsdk_bundle-3.1.16/bin/wmsdk/libs/libdrv.a(mdev_startup.o)
                0x00100404                Reset_IRQHandler_C
 .text.Default_IRQHandler_C
                0x001004cc       0xa4 /home/wang/wmsdk_bundle-3.1.16/bin/wmsdk/libs/libdrv.a(mdev_startup.o)
                0x001004cc                Default_IRQHandler_C
 .text.HardFault_IRQHandler_C
                0x00100570       0xf8 /home/wang/wmsdk_bundle-3.1.16/bin/wmsdk/libs/libdrv.a(mdev_startup.o)
                0x00100570                HardFault_IRQHandler_C
 .text.CLK_SystemClkSrc
                0x00100668       0x98 /home/wang/wmsdk_bundle-3.1.16/bin/wmsdk/libs/libdrv.a(mw300_clock.o)
                0x00100668                CLK_SystemClkSrc
 .text.CLK_UARTDividerSet
                0x00100700       0x50 /home/wang/wmsdk_bundle-3.1.16/bin/wmsdk/libs/libdrv.a(mw300_clock.o)
                0x00100700                CLK_UARTDividerSet
 .text.CLK_GetUARTDivider
                0x00100750       0x38 /home/wang/wmsdk_bundle-3.1.16/bin/wmsdk/libs/libdrv.a(mw300_clock.o)
                0x00100750                CLK_GetUARTDivider
 .text.CLK_GetSystemClk
                0x00100788       0x80 /home/wang/wmsdk_bundle-3.1.16/bin/wmsdk/libs/libdrv.a(mw300_clock.o)
                0x00100788                CLK_GetSystemClk
 .text.CLK_SetUARTClkSrc
                0x00100808       0x78 /home/wang/wmsdk_bundle-3.1.16/bin/wmsdk/libs/libdrv.a(mw300_clock.o)
                0x00100808                CLK_SetUARTClkSrc
 .text.CLK_GetUARTClkSrc
                0x00100880       0x24 /home/wang/wmsdk_bundle-3.1.16/bin/wmsdk/libs/libdrv.a(mw300_clock.o)
                0x00100880                CLK_GetUARTClkSrc
 .text.CLK_SfllEnable
                0x001008a4       0x50 /home/wang/wmsdk_bundle-3.1.16/bin/wmsdk/libs/libdrv.a(mw300_clock.o)
                0x001008a4                CLK_SfllEnable
 .text.CLK_SfllDisable
                0x001008f4       0x10 /home/wang/wmsdk_bundle-3.1.16/bin/wmsdk/libs/libdrv.a(mw300_clock.o)
                0x001008f4                CLK_SfllDisable
 .text.CLK_ModuleClkEnable
                0x00100904      0x188 /home/wang/wmsdk_bundle-3.1.16/bin/wmsdk/libs/libdrv.a(mw300_clock.o)
                0x00100904                CLK_ModuleClkEnable
 .text.CLK_ModuleClkDivider
                0x00100a8c      0x180 /home/wang/wmsdk_bundle-3.1.16/bin/wmsdk/libs/libdrv.a(mw300_clock.o)
                0x00100a8c                CLK_ModuleClkDivider
 .text.CLK_RefClkEnable
                0x00100c0c       0x38 /home/wang/wmsdk_bundle-3.1.16/bin/wmsdk/libs/libdrv.a(mw300_clock.o)
                0x00100c0c                CLK_RefClkEnable
 .text.CLK_RC32MCalibration
                0x00100c44       0xd4 /home/wang/wmsdk_bundle-3.1.16/bin/wmsdk/libs/libdrv.a(mw300_clock.o)
                0x00100c44                CLK_RC32MCalibration
 .text.CLK_GetClkStatus
                0x00100d18       0x70 /home/wang/wmsdk_bundle-3.1.16/bin/wmsdk/libs/libdrv.a(mw300_clock.o)
                0x00100d18                CLK_GetClkStatus
 .text.RC32M_IRQHandler
                0x00100d88       0x54 /home/wang/wmsdk_bundle-3.1.16/bin/wmsdk/libs/libdrv.a(mw300_clock.o)
                0x00100d88                RC32M_IRQHandler
 .text.install_int_callback
                0x00100ddc       0x10 /home/wang/wmsdk_bundle-3.1.16/bin/wmsdk/libs/libdrv.a(mw300_driver.o)
                0x00100ddc                install_int_callback
 .text.PMU_ConfigWakeupPin
                0x00100dec       0x28 /home/wang/wmsdk_bundle-3.1.16/bin/wmsdk/libs/libdrv.a(mw300_pmu.o)
                0x00100dec                PMU_ConfigWakeupPin
 .text.PMU_GetLastResetCause
                0x00100e14       0x10 /home/wang/wmsdk_bundle-3.1.16/bin/wmsdk/libs/libdrv.a(mw300_pmu.o)
                0x00100e14                PMU_GetLastResetCause
 .text.PMU_ClrLastResetCause
                0x00100e24       0x48 /home/wang/wmsdk_bundle-3.1.16/bin/wmsdk/libs/libdrv.a(mw300_pmu.o)
                0x00100e24                PMU_ClrLastResetCause
 .text.PMU_PowerOnVDDIO
                0x00100e6c       0x90 /home/wang/wmsdk_bundle-3.1.16/bin/wmsdk/libs/libdrv.a(mw300_pmu.o)
                0x00100e6c                PMU_PowerOnVDDIO
 .text.PMU_VbatBrndetCmd
                0x00100efc       0x1c /home/wang/wmsdk_bundle-3.1.16/bin/wmsdk/libs/libdrv.a(mw300_pmu.o)
                0x00100efc                PMU_VbatBrndetCmd
 .text.PMU_VbatBrndetRstCmd
                0x00100f18       0x18 /home/wang/wmsdk_bundle-3.1.16/bin/wmsdk/libs/libdrv.a(mw300_pmu.o)
                0x00100f18                PMU_VbatBrndetRstCmd
 .text.PMU_PowerOnWLAN
                0x00100f30       0x14 /home/wang/wmsdk_bundle-3.1.16/bin/wmsdk/libs/libdrv.a(mw300_pmu.o)
                0x00100f30                PMU_PowerOnWLAN
 .text.ExtPin0_IRQHandler
                0x00100f44       0x3c /home/wang/wmsdk_bundle-3.1.16/bin/wmsdk/libs/libdrv.a(mw300_pmu.o)
                0x00100f44                ExtPin0_IRQHandler
 .text.ExtPin1_IRQHandler
                0x00100f80       0x3c /home/wang/wmsdk_bundle-3.1.16/bin/wmsdk/libs/libdrv.a(mw300_pmu.o)
                0x00100f80                ExtPin1_IRQHandler
 .text.WIFIWKUP_IRQHandler
                0x00100fbc       0x40 /home/wang/wmsdk_bundle-3.1.16/bin/wmsdk/libs/libdrv.a(mw300_pmu.o)
                0x00100fbc                WIFIWKUP_IRQHandler
 .text.GPIO_PinMuxFun
                0x00100ffc       0x40 /home/wang/wmsdk_bundle-3.1.16/bin/wmsdk/libs/libdrv.a(mw300_pinmux.o)
                0x00100ffc                GPIO_PinMuxFun
 .text.RTC_IRQHandler
                0x0010103c       0x44 /home/wang/wmsdk_bundle-3.1.16/bin/wmsdk/libs/libdrv.a(mw300_rtc.o)
                0x0010103c                RTC_IRQHandler
 .text.GPT_IRQHandler
                0x00101080       0xe0 /home/wang/wmsdk_bundle-3.1.16/bin/wmsdk/libs/libdrv.a(mw300_gpt.o)
 .text.GPT0_IRQHandler
                0x00101160        0x8 /home/wang/wmsdk_bundle-3.1.16/bin/wmsdk/libs/libdrv.a(mw300_gpt.o)
                0x00101160                GPT0_IRQHandler
 .text.GPT1_IRQHandler
                0x00101168        0x8 /home/wang/wmsdk_bundle-3.1.16/bin/wmsdk/libs/libdrv.a(mw300_gpt.o)
                0x00101168                GPT1_IRQHandler
 .text.GPT2_IRQHandler
                0x00101170        0x8 /home/wang/wmsdk_bundle-3.1.16/bin/wmsdk/libs/libdrv.a(mw300_gpt.o)
                0x00101170                GPT2_IRQHandler
 .text.GPT3_IRQHandler
                0x00101178        0x8 /home/wang/wmsdk_bundle-3.1.16/bin/wmsdk/libs/libdrv.a(mw300_gpt.o)
                0x00101178                GPT3_IRQHandler
 .text.prvCopyDataToQueue
                0x00101180       0x6c /home/wang/wmsdk_bundle-3.1.16/bin/wmsdk/libs/libfreertos.a(queue.o)
 .text.prvCopyDataFromQueue
                0x001011ec       0x28 /home/wang/wmsdk_bundle-3.1.16/bin/wmsdk/libs/libfreertos.a(queue.o)
 .text.prvUnlockQueue
                0x00101214       0x90 /home/wang/wmsdk_bundle-3.1.16/bin/wmsdk/libs/libfreertos.a(queue.o)
 .text.xQueueCreate
                0x001012a4       0x70 /home/wang/wmsdk_bundle-3.1.16/bin/wmsdk/libs/libfreertos.a(queue.o)
                0x001012a4                xQueueCreate
 .text.xQueueGenericSend
                0x00101314       0xe0 /home/wang/wmsdk_bundle-3.1.16/bin/wmsdk/libs/libfreertos.a(queue.o)
                0x00101314                xQueueGenericSend
 .text.xQueueCreateMutex
                0x001013f4       0x44 /home/wang/wmsdk_bundle-3.1.16/bin/wmsdk/libs/libfreertos.a(queue.o)
                0x001013f4                xQueueCreateMutex
 .text.xQueueGenericSendFromISR
                0x00101438       0x54 /home/wang/wmsdk_bundle-3.1.16/bin/wmsdk/libs/libfreertos.a(queue.o)
                0x00101438                xQueueGenericSendFromISR
 .text.xQueueGenericReceive
                0x0010148c      0x118 /home/wang/wmsdk_bundle-3.1.16/bin/wmsdk/libs/libfreertos.a(queue.o)
                0x0010148c                xQueueGenericReceive
 .text.vQueueDelete
                0x001015a4       0x14 /home/wang/wmsdk_bundle-3.1.16/bin/wmsdk/libs/libfreertos.a(queue.o)
                0x001015a4                vQueueDelete
 .text.vQueueWaitForMessageRestricted
                0x001015b8       0x3c /home/wang/wmsdk_bundle-3.1.16/bin/wmsdk/libs/libfreertos.a(queue.o)
                0x001015b8                vQueueWaitForMessageRestricted
 .text.prvAddCurrentTaskToDelayedList
                0x001015f4       0x50 /home/wang/wmsdk_bundle-3.1.16/bin/wmsdk/libs/libfreertos.a(tasks.o)
 .text.xTaskGenericCreate
                0x00101644      0x1c4 /home/wang/wmsdk_bundle-3.1.16/bin/wmsdk/libs/libfreertos.a(tasks.o)
                0x00101644                xTaskGenericCreate
 .text.vTaskDelete
                0x00101808       0x90 /home/wang/wmsdk_bundle-3.1.16/bin/wmsdk/libs/libfreertos.a(tasks.o)
                0x00101808                vTaskDelete
 .text.vTaskStartScheduler
                0x00101898       0x58 /home/wang/wmsdk_bundle-3.1.16/bin/wmsdk/libs/libfreertos.a(tasks.o)
                0x00101898                vTaskStartScheduler
 .text.vTaskSuspendAll
                0x001018f0       0x10 /home/wang/wmsdk_bundle-3.1.16/bin/wmsdk/libs/libfreertos.a(tasks.o)
                0x001018f0                vTaskSuspendAll
 .text.xTaskGetTickCount
                0x00101900       0x18 /home/wang/wmsdk_bundle-3.1.16/bin/wmsdk/libs/libfreertos.a(tasks.o)
                0x00101900                xTaskGetTickCount
 .text.vTaskIncrementTick
                0x00101918      0x120 /home/wang/wmsdk_bundle-3.1.16/bin/wmsdk/libs/libfreertos.a(tasks.o)
                0x00101918                vTaskIncrementTick
 .text.xTaskResumeAll
                0x00101a38       0xd4 /home/wang/wmsdk_bundle-3.1.16/bin/wmsdk/libs/libfreertos.a(tasks.o)
                0x00101a38                xTaskResumeAll
 .text.vTaskDelay
                0x00101b0c       0x50 /home/wang/wmsdk_bundle-3.1.16/bin/wmsdk/libs/libfreertos.a(tasks.o)
                0x00101b0c                vTaskDelay
 .text.prvIdleTask
                0x00101b5c       0x98 /home/wang/wmsdk_bundle-3.1.16/bin/wmsdk/libs/libfreertos.a(tasks.o)
 .text.vTaskSwitchContext
                0x00101bf4      0x104 /home/wang/wmsdk_bundle-3.1.16/bin/wmsdk/libs/libfreertos.a(tasks.o)
                0x00101bf4                vTaskSwitchContext
 .text.vTaskSuspend
                0x00101cf8       0x74 /home/wang/wmsdk_bundle-3.1.16/bin/wmsdk/libs/libfreertos.a(tasks.o)
                0x00101cf8                vTaskSuspend
 .text.vTaskPlaceOnEventList
                0x00101d6c       0x44 /home/wang/wmsdk_bundle-3.1.16/bin/wmsdk/libs/libfreertos.a(tasks.o)
                0x00101d6c                vTaskPlaceOnEventList
 .text.vTaskPlaceOnEventListRestricted
                0x00101db0       0x2c /home/wang/wmsdk_bundle-3.1.16/bin/wmsdk/libs/libfreertos.a(tasks.o)
                0x00101db0                vTaskPlaceOnEventListRestricted
 .text.xTaskRemoveFromEventList
                0x00101ddc       0x6c /home/wang/wmsdk_bundle-3.1.16/bin/wmsdk/libs/libfreertos.a(tasks.o)
                0x00101ddc                xTaskRemoveFromEventList
 .text.vTaskSetTimeOutState
                0x00101e48       0x18 /home/wang/wmsdk_bundle-3.1.16/bin/wmsdk/libs/libfreertos.a(tasks.o)
                0x00101e48                vTaskSetTimeOutState
 .text.xTaskCheckForTimeOut
                0x00101e60       0x74 /home/wang/wmsdk_bundle-3.1.16/bin/wmsdk/libs/libfreertos.a(tasks.o)
                0x00101e60                xTaskCheckForTimeOut
 .text.vTaskMissedYield
                0x00101ed4        0xc /home/wang/wmsdk_bundle-3.1.16/bin/wmsdk/libs/libfreertos.a(tasks.o)
                0x00101ed4                vTaskMissedYield
 .text.xTaskGetCurrentTaskHandle
                0x00101ee0        0xc /home/wang/wmsdk_bundle-3.1.16/bin/wmsdk/libs/libfreertos.a(tasks.o)
                0x00101ee0                xTaskGetCurrentTaskHandle
 .text.xTaskGetSchedulerState
                0x00101eec       0x1c /home/wang/wmsdk_bundle-3.1.16/bin/wmsdk/libs/libfreertos.a(tasks.o)
                0x00101eec                xTaskGetSchedulerState
 .text.vTaskPriorityInherit
                0x00101f08       0x68 /home/wang/wmsdk_bundle-3.1.16/bin/wmsdk/libs/libfreertos.a(tasks.o)
                0x00101f08                vTaskPriorityInherit
 .text.vTaskPriorityDisinherit
                0x00101f70       0x48 /home/wang/wmsdk_bundle-3.1.16/bin/wmsdk/libs/libfreertos.a(tasks.o)
                0x00101f70                vTaskPriorityDisinherit
 .text.get_current_taskname
                0x00101fb8        0xc /home/wang/wmsdk_bundle-3.1.16/bin/wmsdk/libs/libfreertos.a(tasks.o)
                0x00101fb8                get_current_taskname
 .text.prvCheckForValidListAndQueue
                0x00101fc4       0x54 /home/wang/wmsdk_bundle-3.1.16/bin/wmsdk/libs/libfreertos.a(timers.o)
 .text.prvInsertTimerInActiveList
                0x00102018       0x44 /home/wang/wmsdk_bundle-3.1.16/bin/wmsdk/libs/libfreertos.a(timers.o)
 .text.xTimerCreateTimerTask
                0x0010205c       0x38 /home/wang/wmsdk_bundle-3.1.16/bin/wmsdk/libs/libfreertos.a(timers.o)
                0x0010205c                xTimerCreateTimerTask
 .text.xTimerGenericCommand
                0x00102094       0x50 /home/wang/wmsdk_bundle-3.1.16/bin/wmsdk/libs/libfreertos.a(timers.o)
                0x00102094                xTimerGenericCommand
 .text.prvSwitchTimerLists.isra.1
                0x001020e4       0x7c /home/wang/wmsdk_bundle-3.1.16/bin/wmsdk/libs/libfreertos.a(timers.o)
 .text.prvTimerTask
                0x00102160      0x158 /home/wang/wmsdk_bundle-3.1.16/bin/wmsdk/libs/libfreertos.a(timers.o)
 .text.pxPortInitialiseStack
                0x001022b8       0x20 /home/wang/wmsdk_bundle-3.1.16/bin/wmsdk/libs/libfreertos.a(port.o)
                0x001022b8                pxPortInitialiseStack
 .text.SVC_IRQHandler
                0x001022d8       0x20 /home/wang/wmsdk_bundle-3.1.16/bin/wmsdk/libs/libfreertos.a(port.o)
                0x001022d8                SVC_IRQHandler
 .text.vPortStartFirstTask
                0x001022f8       0x14 /home/wang/wmsdk_bundle-3.1.16/bin/wmsdk/libs/libfreertos.a(port.o)
                0x001022f8                vPortStartFirstTask
 .text.xPortStartScheduler
                0x0010230c       0x50 /home/wang/wmsdk_bundle-3.1.16/bin/wmsdk/libs/libfreertos.a(port.o)
                0x0010230c                xPortStartScheduler
 .text.vPortYieldFromISR
                0x0010235c       0x14 /home/wang/wmsdk_bundle-3.1.16/bin/wmsdk/libs/libfreertos.a(port.o)
                0x0010235c                vPortYieldFromISR
 .text.vPortEnterCritical
                0x00102370       0x18 /home/wang/wmsdk_bundle-3.1.16/bin/wmsdk/libs/libfreertos.a(port.o)
                0x00102370                vPortEnterCritical
 .text.vPortExitCritical
                0x00102388       0x18 /home/wang/wmsdk_bundle-3.1.16/bin/wmsdk/libs/libfreertos.a(port.o)
                0x00102388                vPortExitCritical
 .text.PendSV_IRQHandler
                0x001023a0       0x3c /home/wang/wmsdk_bundle-3.1.16/bin/wmsdk/libs/libfreertos.a(port.o)
                0x001023a0                PendSV_IRQHandler
 .text.SysTick_IRQHandler
                0x001023dc       0x24 /home/wang/wmsdk_bundle-3.1.16/bin/wmsdk/libs/libfreertos.a(port.o)
                0x001023dc                SysTick_IRQHandler
 .text.prvInsertBlockIntoFreeList
                0x00102400       0xa0 /home/wang/wmsdk_bundle-3.1.16/bin/wmsdk/libs/libfreertos.a(heap_4.o)
 .text.prvHeapInit
                0x001024a0       0x98 /home/wang/wmsdk_bundle-3.1.16/bin/wmsdk/libs/libfreertos.a(heap_4.o)
                0x001024a0                prvHeapInit
 .text.pvPortMalloc
                0x00102538       0xe8 /home/wang/wmsdk_bundle-3.1.16/bin/wmsdk/libs/libfreertos.a(heap_4.o)
                0x00102538                pvPortMalloc
 .text.vPortFree
                0x00102620       0x5c /home/wang/wmsdk_bundle-3.1.16/bin/wmsdk/libs/libfreertos.a(heap_4.o)
                0x00102620                vPortFree
 .text.vListInitialise
                0x0010267c       0x18 /home/wang/wmsdk_bundle-3.1.16/bin/wmsdk/libs/libfreertos.a(list.o)
                0x0010267c                vListInitialise
 .text.vListInitialiseItem
                0x00102694        0x8 /home/wang/wmsdk_bundle-3.1.16/bin/wmsdk/libs/libfreertos.a(list.o)
                0x00102694                vListInitialiseItem
 .text.vListInsertEnd
                0x0010269c       0x1c /home/wang/wmsdk_bundle-3.1.16/bin/wmsdk/libs/libfreertos.a(list.o)
                0x0010269c                vListInsertEnd
 .text.vListInsert
                0x001026b8       0x3c /home/wang/wmsdk_bundle-3.1.16/bin/wmsdk/libs/libfreertos.a(list.o)
                0x001026b8                vListInsert
 .text.vListRemove
                0x001026f4       0x28 /home/wang/wmsdk_bundle-3.1.16/bin/wmsdk/libs/libfreertos.a(list.o)
                0x001026f4                vListRemove
 .text.mdev_register
                0x0010271c       0x50 /home/wang/wmsdk_bundle-3.1.16/bin/wmsdk/libs/libmdev.a(mdev.o)
                0x0010271c                mdev_register
 .text.mdev_get_handle
                0x0010276c       0x28 /home/wang/wmsdk_bundle-3.1.16/bin/wmsdk/libs/libmdev.a(mdev.o)
                0x0010276c                mdev_get_handle
 .text.app_start
                0x00102794       0x34 /home/wang/wmsdk_bundle-3.1.16/bin/wmsdk/libs/libos.a(os.o)
                0x00102794                app_start
 .text.os_init  0x001027c8       0x34 /home/wang/wmsdk_bundle-3.1.16/bin/wmsdk/libs/libos.a(os.o)
                0x001027c8                os_init
 .text.vApplicationStackOverflowHook
                0x001027fc       0x10 /home/wang/wmsdk_bundle-3.1.16/bin/wmsdk/libs/libos.a(os.o)
                0x001027fc                vApplicationStackOverflowHook
 .text.vApplicationTickHook
                0x0010280c       0x18 /home/wang/wmsdk_bundle-3.1.16/bin/wmsdk/libs/libos.a(os.o)
                0x0010280c                vApplicationTickHook
 .text.vApplicationIdleHook
                0x00102824       0x18 /home/wang/wmsdk_bundle-3.1.16/bin/wmsdk/libs/libos.a(os.o)
                0x00102824                vApplicationIdleHook
 .text.os_mutex_put.constprop.6
                0x0010283c       0x48 /home/wang/wmsdk_bundle-3.1.16/bin/wmsdk/libs/libpwrmgr.a(pwrmgr.o)
 .text.os_mutex_get.constprop.7
                0x00102884       0x28 /home/wang/wmsdk_bundle-3.1.16/bin/wmsdk/libs/libpwrmgr.a(pwrmgr.o)
 .text.pm_register_cb
                0x001028ac       0x48 /home/wang/wmsdk_bundle-3.1.16/bin/wmsdk/libs/libpwrmgr.a(pwrmgr.o)
                0x001028ac                pm_register_cb
 .text.boot_init
                0x001028f4       0x38 /home/wang/wmsdk_bundle-3.1.16/bin/wmsdk/libs/libutil.a(boot_flags.o)
                0x001028f4                boot_init
 .text.critical_error
                0x0010292c       0x28 /home/wang/wmsdk_bundle-3.1.16/bin/wmsdk/libs/libutil.a(critical_error.o)
                0x0010292c                critical_error
 .text.os_mutex_put.constprop.1
                0x00102954       0x48 /home/wang/wmsdk_bundle-3.1.16/bin/wmsdk/libs/libwmstdio.a(wmstdio.o)
 .text.os_mutex_get.constprop.2
                0x0010299c       0x28 /home/wang/wmsdk_bundle-3.1.16/bin/wmsdk/libs/libwmstdio.a(wmstdio.o)
 .text.wmprintf
                0x001029c4       0x44 /home/wang/wmsdk_bundle-3.1.16/bin/wmsdk/libs/libwmstdio.a(wmstdio.o)
                0x001029c4                wmprintf
 .text.ll_printf
                0x00102a08       0x34 /home/wang/wmsdk_bundle-3.1.16/bin/wmsdk/libs/libwmstdio.a(wmstdio.o)
                0x00102a08                ll_printf
 .text.wmstdio_init
                0x00102a3c       0x3c /home/wang/wmsdk_bundle-3.1.16/bin/wmsdk/libs/libwmstdio.a(wmstdio.o)
                0x00102a3c                wmstdio_init
 .text.serial_console_printf
                0x00102a78       0x24 /home/wang/wmsdk_bundle-3.1.16/bin/wmsdk/libs/libwmstdio.a(console.o)
                0x00102a78                serial_console_printf
 .text.serial_console_putchar
                0x00102a9c       0x14 /home/wang/wmsdk_bundle-3.1.16/bin/wmsdk/libs/libwmstdio.a(console.o)
                0x00102a9c                serial_console_putchar
 .text.serial_console_flush
                0x00102ab0       0x14 /home/wang/wmsdk_bundle-3.1.16/bin/wmsdk/libs/libwmstdio.a(console.o)
                0x00102ab0                serial_console_flush
 .text.serial_console_getchar
                0x00102ac4       0x10 /home/wang/wmsdk_bundle-3.1.16/bin/wmsdk/libs/libwmstdio.a(console.o)
                0x00102ac4                serial_console_getchar
 .text.serial_console_init
                0x00102ad4       0x20 /home/wang/wmsdk_bundle-3.1.16/bin/wmsdk/libs/libwmstdio.a(console.o)
                0x00102ad4                serial_console_init
 .text.serial_console_get_portid
                0x00102af4       0x18 /home/wang/wmsdk_bundle-3.1.16/bin/wmsdk/libs/libwmstdio.a(console.o)
                0x00102af4                serial_console_get_portid
 .text.file_type_storage
                0x00102b0c       0x58 obj/main.o
                0x00102b0c                file_type_storage
 .text.struct_build
                0x00102b64       0x90 obj/main.o
                0x00102b64                struct_build
 .text.startup.main
                0x00102bf4       0x48 obj/main.o
                0x00102bf4                main
 .text.board_main_xtal
                0x00102c3c        0x8 obj/board.o
                0x00102c3c                board_main_xtal
 .text.board_cpu_freq
                0x00102c44        0x8 obj/board.o
                0x00102c44                board_cpu_freq
 .text.board_gpio_power_on
                0x00102c4c       0x16 obj/board.o
                0x00102c4c                board_gpio_power_on
 .text.board_uart_pin_config
                0x00102c62       0x3e obj/board.o
                0x00102c62                board_uart_pin_config
 .text.audio_write
                0x00102ca0       0x70 obj/audio_read_write.o
                0x00102ca0                audio_write
 .text.audio_read
                0x00102d10       0x5c obj/audio_read_write.o
                0x00102d10                audio_read
 .text.show_audio_file_info
                0x00102d6c      0x438 obj/audio_read_write.o
                0x00102d6c                show_audio_file_info
 .text.file_read
                0x001031a4       0xac obj/save_file_addr.o
                0x001031a4                file_read
 .text.read_struct
                0x00103250       0x1a obj/save_file_addr.o
                0x00103250                read_struct
 .text.write_struct
                0x0010326a       0x1a obj/save_file_addr.o
                0x0010326a                write_struct
 .text.init_struct_flash
                0x00103284       0x44 obj/save_file_addr.o
                0x00103284                init_struct_flash
 .text.memcmp   0x001032c8       0x1c /home/wang/wmsdk_bundle-3.1.16/bin/wmsdk/libs/libc.a(memcmp.o)
                0x001032c8                memcmp
 .text.snprintf
                0x001032e4       0x1a /home/wang/wmsdk_bundle-3.1.16/bin/wmsdk/libs/libc.a(snprintf.o)
                0x001032e4                snprintf
 *fill*         0x001032fe        0x2 
 .text.vsnprintf
                0x00103300      0x640 /home/wang/wmsdk_bundle-3.1.16/bin/wmsdk/libs/libc.a(vsnprintf.o)
                0x00103300                vsnprintf
 .text.strcmp   0x00103940       0x16 /home/wang/wmsdk_bundle-3.1.16/bin/wmsdk/libs/libc.a(strcmp.o)
                0x00103940                strcmp
 .text.strncpy  0x00103956       0x22 /home/wang/wmsdk_bundle-3.1.16/bin/wmsdk/libs/libc.a(strncpy.o)
                0x00103956                strncpy
 .text.strlen   0x00103978       0x10 /home/wang/wmsdk_bundle-3.1.16/bin/wmsdk/libs/libc.a(strlen.o)
                0x00103978                strlen
 .text.UART_Calculate_Dividers
                0x00103988       0x54 /home/wang/wmsdk_bundle-3.1.16/bin/wmsdk/libs/libdrv.a(mw300_uart.o)
 .text.UART_IntHandler
                0x001039dc       0x78 /home/wang/wmsdk_bundle-3.1.16/bin/wmsdk/libs/libdrv.a(mw300_uart.o)
                0x001039dc                UART_IntHandler
 .text.UART_Init
                0x00103a54      0x1e8 /home/wang/wmsdk_bundle-3.1.16/bin/wmsdk/libs/libdrv.a(mw300_uart.o)
                0x00103a54                UART_Init
 .text.UART_WriteLine
                0x00103c3c       0x20 /home/wang/wmsdk_bundle-3.1.16/bin/wmsdk/libs/libdrv.a(mw300_uart.o)
                0x00103c3c                UART_WriteLine
 .text.UART_FifoConfig
                0x00103c5c       0x84 /home/wang/wmsdk_bundle-3.1.16/bin/wmsdk/libs/libdrv.a(mw300_uart.o)
                0x00103c5c                UART_FifoConfig
 .text.UART_Enable
                0x00103ce0       0x14 /home/wang/wmsdk_bundle-3.1.16/bin/wmsdk/libs/libdrv.a(mw300_uart.o)
                0x00103ce0                UART_Enable
 .text.UART_Disable
                0x00103cf4       0x14 /home/wang/wmsdk_bundle-3.1.16/bin/wmsdk/libs/libdrv.a(mw300_uart.o)
                0x00103cf4                UART_Disable
 .text.UART_ReceiveData
                0x00103d08       0x10 /home/wang/wmsdk_bundle-3.1.16/bin/wmsdk/libs/libdrv.a(mw300_uart.o)
                0x00103d08                UART_ReceiveData
 .text.UART_SendData
                0x00103d18       0x10 /home/wang/wmsdk_bundle-3.1.16/bin/wmsdk/libs/libdrv.a(mw300_uart.o)
                0x00103d18                UART_SendData
 .text.UART_Receive9bits
                0x00103d28       0x3c /home/wang/wmsdk_bundle-3.1.16/bin/wmsdk/libs/libdrv.a(mw300_uart.o)
                0x00103d28                UART_Receive9bits
 .text.UART_Send9bits
                0x00103d64       0x44 /home/wang/wmsdk_bundle-3.1.16/bin/wmsdk/libs/libdrv.a(mw300_uart.o)
                0x00103d64                UART_Send9bits
 .text.UART_SetStopBits
                0x00103da8       0x14 /home/wang/wmsdk_bundle-3.1.16/bin/wmsdk/libs/libdrv.a(mw300_uart.o)
                0x00103da8                UART_SetStopBits
 .text.UART_GetLineStatus
                0x00103dbc       0x60 /home/wang/wmsdk_bundle-3.1.16/bin/wmsdk/libs/libdrv.a(mw300_uart.o)
                0x00103dbc                UART_GetLineStatus
 .text.UART_IntMask
                0x00103e1c       0xec /home/wang/wmsdk_bundle-3.1.16/bin/wmsdk/libs/libdrv.a(mw300_uart.o)
                0x00103e1c                UART_IntMask
 .text.UART0_IRQHandler
                0x00103f08        0x8 /home/wang/wmsdk_bundle-3.1.16/bin/wmsdk/libs/libdrv.a(mw300_uart.o)
                0x00103f08                UART0_IRQHandler
 .text.UART1_IRQHandler
                0x00103f10        0x8 /home/wang/wmsdk_bundle-3.1.16/bin/wmsdk/libs/libdrv.a(mw300_uart.o)
                0x00103f10                UART1_IRQHandler
 .text.UART2_IRQHandler
                0x00103f18        0x8 /home/wang/wmsdk_bundle-3.1.16/bin/wmsdk/libs/libdrv.a(mw300_uart.o)
                0x00103f18                UART2_IRQHandler
 .text.UART_DmaCmd
                0x00103f20       0x14 /home/wang/wmsdk_bundle-3.1.16/bin/wmsdk/libs/libdrv.a(mw300_uart.o)
                0x00103f20                UART_DmaCmd
 .text.uart_ps_cb
                0x00103f34       0xb8 /home/wang/wmsdk_bundle-3.1.16/bin/wmsdk/libs/libdrv.a(mdev_uart.o)
                0x00103f34                uart_ps_cb
 .text.os_mutex_put
                0x00103fec       0x42 /home/wang/wmsdk_bundle-3.1.16/bin/wmsdk/libs/libdrv.a(mdev_uart.o)
 .text.os_semaphore_create
                0x0010402e       0x28 /home/wang/wmsdk_bundle-3.1.16/bin/wmsdk/libs/libdrv.a(mdev_uart.o)
 .text.get_free_rx_buf_size.isra.3
                0x00104056       0x14 /home/wang/wmsdk_bundle-3.1.16/bin/wmsdk/libs/libdrv.a(mdev_uart.o)
 .text.os_semaphore_get.constprop.8
                0x0010406a       0x24 /home/wang/wmsdk_bundle-3.1.16/bin/wmsdk/libs/libdrv.a(mdev_uart.o)
 *fill*         0x0010408e        0x2 
 .text.uart_dma_rd_cb
                0x00104090       0x84 /home/wang/wmsdk_bundle-3.1.16/bin/wmsdk/libs/libdrv.a(mdev_uart.o)
 .text.uart2dma_rd_cb
                0x00104114        0x6 /home/wang/wmsdk_bundle-3.1.16/bin/wmsdk/libs/libdrv.a(mdev_uart.o)
 .text.uart1dma_rd_cb
                0x0010411a        0x6 /home/wang/wmsdk_bundle-3.1.16/bin/wmsdk/libs/libdrv.a(mdev_uart.o)
 .text.uart0dma_rd_cb
                0x00104120        0x6 /home/wang/wmsdk_bundle-3.1.16/bin/wmsdk/libs/libdrv.a(mdev_uart.o)
 *fill*         0x00104126        0x2 
 .text.uart_drv_open
                0x00104128      0x368 /home/wang/wmsdk_bundle-3.1.16/bin/wmsdk/libs/libdrv.a(mdev_uart.o)
                0x00104128                uart_drv_open
 .text.uart_drv_tx_flush
                0x00104490       0x18 /home/wang/wmsdk_bundle-3.1.16/bin/wmsdk/libs/libdrv.a(mdev_uart.o)
                0x00104490                uart_drv_tx_flush
 .text.uart_drv_get_portid
                0x001044a8        0x4 /home/wang/wmsdk_bundle-3.1.16/bin/wmsdk/libs/libdrv.a(mdev_uart.o)
                0x001044a8                uart_drv_get_portid
 .text.uart_drv_write
                0x001044ac      0x180 /home/wang/wmsdk_bundle-3.1.16/bin/wmsdk/libs/libdrv.a(mdev_uart.o)
                0x001044ac                uart_drv_write
 .text.read_rx_buf
                0x0010462c       0x46 /home/wang/wmsdk_bundle-3.1.16/bin/wmsdk/libs/libdrv.a(mdev_uart.o)
 *fill*         0x00104672        0x2 
 .text.uart_drv_read
                0x00104674       0x78 /home/wang/wmsdk_bundle-3.1.16/bin/wmsdk/libs/libdrv.a(mdev_uart.o)
                0x00104674                uart_drv_read
 .text.write_rx_buf
                0x001046ec       0x44 /home/wang/wmsdk_bundle-3.1.16/bin/wmsdk/libs/libdrv.a(mdev_uart.o)
 .text.uart_9bit_cb
                0x00104730       0x40 /home/wang/wmsdk_bundle-3.1.16/bin/wmsdk/libs/libdrv.a(mdev_uart.o)
 .text.uart2_9bit_cb
                0x00104770        0x6 /home/wang/wmsdk_bundle-3.1.16/bin/wmsdk/libs/libdrv.a(mdev_uart.o)
 .text.uart1_9bit_cb
                0x00104776        0x6 /home/wang/wmsdk_bundle-3.1.16/bin/wmsdk/libs/libdrv.a(mdev_uart.o)
 .text.uart0_9bit_cb
                0x0010477c        0x6 /home/wang/wmsdk_bundle-3.1.16/bin/wmsdk/libs/libdrv.a(mdev_uart.o)
 *fill*         0x00104782        0x2 
 .text.uart_8bit_cb
                0x00104784       0x70 /home/wang/wmsdk_bundle-3.1.16/bin/wmsdk/libs/libdrv.a(mdev_uart.o)
 .text.uart2_8bit_cb
                0x001047f4        0x6 /home/wang/wmsdk_bundle-3.1.16/bin/wmsdk/libs/libdrv.a(mdev_uart.o)
 .text.uart1_8bit_cb
                0x001047fa        0x6 /home/wang/wmsdk_bundle-3.1.16/bin/wmsdk/libs/libdrv.a(mdev_uart.o)
 .text.uart0_8bit_cb
                0x00104800        0x6 /home/wang/wmsdk_bundle-3.1.16/bin/wmsdk/libs/libdrv.a(mdev_uart.o)
 *fill*         0x00104806        0x2 
 .text.uart_drv_init
                0x00104808      0x10c /home/wang/wmsdk_bundle-3.1.16/bin/wmsdk/libs/libdrv.a(mdev_uart.o)
                0x00104808                uart_drv_init
 .text.os_semaphore_get
                0x00104914       0x22 /home/wang/wmsdk_bundle-3.1.16/bin/wmsdk/libs/libdrv.a(mdev_dma.o)
 .text.os_mutex_put
                0x00104936       0x42 /home/wang/wmsdk_bundle-3.1.16/bin/wmsdk/libs/libdrv.a(mdev_dma.o)
 .text.os_semaphore_put
                0x00104978       0x42 /home/wang/wmsdk_bundle-3.1.16/bin/wmsdk/libs/libdrv.a(mdev_dma.o)
 .text.os_mutex_get.constprop.4
                0x001049ba       0x24 /home/wang/wmsdk_bundle-3.1.16/bin/wmsdk/libs/libdrv.a(mdev_dma.o)
 *fill*         0x001049de        0x2 
 .text.dma_drv_init
                0x001049e0       0x5c /home/wang/wmsdk_bundle-3.1.16/bin/wmsdk/libs/libdrv.a(mdev_dma.o)
                0x001049e0                dma_drv_init
 .text.dma_drv_open
                0x00104a3c       0xac /home/wang/wmsdk_bundle-3.1.16/bin/wmsdk/libs/libdrv.a(mdev_dma.o)
                0x00104a3c                dma_drv_open
 .text.dma_drv_transfer
                0x00104ae8       0x44 /home/wang/wmsdk_bundle-3.1.16/bin/wmsdk/libs/libdrv.a(mdev_dma.o)
                0x00104ae8                dma_drv_transfer
 .text.dma_drv_wait_for_transfer_complete
                0x00104b2c       0x38 /home/wang/wmsdk_bundle-3.1.16/bin/wmsdk/libs/libdrv.a(mdev_dma.o)
                0x00104b2c                dma_drv_wait_for_transfer_complete
 .text.dma_drv_close
                0x00104b64       0x64 /home/wang/wmsdk_bundle-3.1.16/bin/wmsdk/libs/libdrv.a(mdev_dma.o)
                0x00104b64                dma_drv_close
 .text.DMA_IRQHandler
                0x00104bc8       0x90 /home/wang/wmsdk_bundle-3.1.16/bin/wmsdk/libs/libdrv.a(mdev_dma.o)
                0x00104bc8                DMA_IRQHandler
 .text.DMA_ChannelInit
                0x00104c58       0x6a /home/wang/wmsdk_bundle-3.1.16/bin/wmsdk/libs/libdrv.a(mw300_dma.o)
                0x00104c58                DMA_ChannelInit
 .text.DMA_Enable
                0x00104cc2       0x16 /home/wang/wmsdk_bundle-3.1.16/bin/wmsdk/libs/libdrv.a(mw300_dma.o)
                0x00104cc2                DMA_Enable
 .text.DMA_Disable
                0x00104cd8       0x16 /home/wang/wmsdk_bundle-3.1.16/bin/wmsdk/libs/libdrv.a(mw300_dma.o)
                0x00104cd8                DMA_Disable
 .text.DMA_SetPeripheralType
                0x00104cee       0x16 /home/wang/wmsdk_bundle-3.1.16/bin/wmsdk/libs/libdrv.a(mw300_dma.o)
                0x00104cee                DMA_SetPeripheralType
 .text.DMA_IntMask
                0x00104d04       0x9a /home/wang/wmsdk_bundle-3.1.16/bin/wmsdk/libs/libdrv.a(mw300_dma.o)
                0x00104d04                DMA_IntMask
 .text.DMA_IntClr
                0x00104d9e       0x40 /home/wang/wmsdk_bundle-3.1.16/bin/wmsdk/libs/libdrv.a(mw300_dma.o)
                0x00104d9e                DMA_IntClr
 .text.flash_drv_erase
                0x00104dde       0x10 /home/wang/wmsdk_bundle-3.1.16/bin/wmsdk/libs/libutil.a(flash.o)
                0x00104dde                flash_drv_erase
 .text.flash_drv_read
                0x00104dee       0x16 /home/wang/wmsdk_bundle-3.1.16/bin/wmsdk/libs/libutil.a(flash.o)
                0x00104dee                flash_drv_read
 .text.flash_drv_write
                0x00104e04       0x16 /home/wang/wmsdk_bundle-3.1.16/bin/wmsdk/libs/libutil.a(flash.o)
                0x00104e04                flash_drv_write
 .text.flash_drv_close
                0x00104e1a       0x10 /home/wang/wmsdk_bundle-3.1.16/bin/wmsdk/libs/libutil.a(flash.o)
                0x00104e1a                flash_drv_close
 *fill*         0x00104e2a        0x2 
 .text.flash_drv_open
                0x00104e2c       0x14 /home/wang/wmsdk_bundle-3.1.16/bin/wmsdk/libs/libutil.a(flash.o)
                0x00104e2c                flash_drv_open
 .text.flash_drv_init
                0x00104e40        0x4 /home/wang/wmsdk_bundle-3.1.16/bin/wmsdk/libs/libutil.a(flash.o)
                0x00104e40                flash_drv_init
 .text.os_mutex_put.constprop.1
                0x00104e44       0x48 /home/wang/wmsdk_bundle-3.1.16/bin/wmsdk/libs/libdrv.a(mdev_iflash.o)
 .text.os_mutex_get.constprop.2
                0x00104e8c       0x28 /home/wang/wmsdk_bundle-3.1.16/bin/wmsdk/libs/libdrv.a(mdev_iflash.o)
 .text.iflash_drv_open
                0x00104eb4        0x4 /home/wang/wmsdk_bundle-3.1.16/bin/wmsdk/libs/libdrv.a(mdev_iflash.o)
                0x00104eb4                iflash_drv_open
 .text.iflash_drv_close
                0x00104eb8        0x4 /home/wang/wmsdk_bundle-3.1.16/bin/wmsdk/libs/libdrv.a(mdev_iflash.o)
                0x00104eb8                iflash_drv_close
 .text.iflash_drv_erase
                0x00104ebc       0x40 /home/wang/wmsdk_bundle-3.1.16/bin/wmsdk/libs/libdrv.a(mdev_iflash.o)
                0x00104ebc                iflash_drv_erase
 .text.iflash_drv_read
                0x00104efc       0x7c /home/wang/wmsdk_bundle-3.1.16/bin/wmsdk/libs/libdrv.a(mdev_iflash.o)
                0x00104efc                iflash_drv_read
 .text.iflash_drv_write
                0x00104f78       0x58 /home/wang/wmsdk_bundle-3.1.16/bin/wmsdk/libs/libdrv.a(mdev_iflash.o)
                0x00104f78                iflash_drv_write
 .text.iflash_drv_init
                0x00104fd0       0xe4 /home/wang/wmsdk_bundle-3.1.16/bin/wmsdk/libs/libdrv.a(mdev_iflash.o)
                0x00104fd0                iflash_drv_init
 .text.FLASH_SetWriteEnableBit
                0x001050b4       0x34 /home/wang/wmsdk_bundle-3.1.16/bin/wmsdk/libs/libdrv.a(mw300_flash.o)
                0x001050b4                FLASH_SetWriteEnableBit
 .text.FLASH_WriteEnableVSR
                0x001050e8       0x2c /home/wang/wmsdk_bundle-3.1.16/bin/wmsdk/libs/libdrv.a(mw300_flash.o)
                0x001050e8                FLASH_WriteEnableVSR
 .text.FLASH_ResetFastReadQuad
                0x00105114       0x4c /home/wang/wmsdk_bundle-3.1.16/bin/wmsdk/libs/libdrv.a(mw300_flash.o)
                0x00105114                FLASH_ResetFastReadQuad
 .text.FLASH_GetStatus
                0x00105160       0x58 /home/wang/wmsdk_bundle-3.1.16/bin/wmsdk/libs/libdrv.a(mw300_flash.o)
                0x00105160                FLASH_GetStatus
 .text.FLASH_GetBusyStatus
                0x001051b8       0x4c /home/wang/wmsdk_bundle-3.1.16/bin/wmsdk/libs/libdrv.a(mw300_flash.o)
                0x001051b8                FLASH_GetBusyStatus
 .text.FLASH_WriteStatus
                0x00105204       0x60 /home/wang/wmsdk_bundle-3.1.16/bin/wmsdk/libs/libdrv.a(mw300_flash.o)
                0x00105204                FLASH_WriteStatus
 .text.FLASH_EraseAll
                0x00105264       0x40 /home/wang/wmsdk_bundle-3.1.16/bin/wmsdk/libs/libdrv.a(mw300_flash.o)
                0x00105264                FLASH_EraseAll
 .text.FLASH_SectorErase
                0x001052a4       0x78 /home/wang/wmsdk_bundle-3.1.16/bin/wmsdk/libs/libdrv.a(mw300_flash.o)
                0x001052a4                FLASH_SectorErase
 .text.FLASH_Block32KErase
                0x0010531c       0x6c /home/wang/wmsdk_bundle-3.1.16/bin/wmsdk/libs/libdrv.a(mw300_flash.o)
                0x0010531c                FLASH_Block32KErase
 .text.FLASH_Block64KErase
                0x00105388       0x6c /home/wang/wmsdk_bundle-3.1.16/bin/wmsdk/libs/libdrv.a(mw300_flash.o)
                0x00105388                FLASH_Block64KErase
 .text.FLASH_Erase
                0x001053f4       0x80 /home/wang/wmsdk_bundle-3.1.16/bin/wmsdk/libs/libdrv.a(mw300_flash.o)
                0x001053f4                FLASH_Erase
 .text.FLASH_Read
                0x00105474      0x158 /home/wang/wmsdk_bundle-3.1.16/bin/wmsdk/libs/libdrv.a(mw300_flash.o)
                0x00105474                FLASH_Read
 .text.FLASH_PageWrite
                0x001055cc       0xd4 /home/wang/wmsdk_bundle-3.1.16/bin/wmsdk/libs/libdrv.a(mw300_flash.o)
                0x001055cc                FLASH_PageWrite
 .text.FLASH_Write
                0x001056a0       0x84 /home/wang/wmsdk_bundle-3.1.16/bin/wmsdk/libs/libdrv.a(mw300_flash.o)
                0x001056a0                FLASH_Write
 .text.FLASH_GetUniqueID
                0x00105724       0xe4 /home/wang/wmsdk_bundle-3.1.16/bin/wmsdk/libs/libdrv.a(mw300_flash.o)
                0x00105724                FLASH_GetUniqueID
 .text.FLASH_GetJEDECID
                0x00105808       0x60 /home/wang/wmsdk_bundle-3.1.16/bin/wmsdk/libs/libdrv.a(mw300_flash.o)
                0x00105808                FLASH_GetJEDECID
 .text.FLASH_SetConfig
                0x00105868       0x54 /home/wang/wmsdk_bundle-3.1.16/bin/wmsdk/libs/libdrv.a(mw300_flash.o)
                0x00105868                FLASH_SetConfig
 .text.FLASH_GetConfig
                0x001058bc        0xc /home/wang/wmsdk_bundle-3.1.16/bin/wmsdk/libs/libdrv.a(mw300_flash.o)
                0x001058bc                FLASH_GetConfig
 .text.QSPI_IRQHandler
                0x001058c8      0x164 /home/wang/wmsdk_bundle-3.1.16/bin/wmsdk/libs/libdrv.a(mw300_qspi.o)
                0x001058c8                QSPI_IRQHandler
 .text.QSPI_FlushFIFO
                0x00105a2c       0x38 /home/wang/wmsdk_bundle-3.1.16/bin/wmsdk/libs/libdrv.a(mw300_qspi.o)
                0x00105a2c                QSPI_FlushFIFO
 .text.QSPI_SetHdrcnt
                0x00105a64       0x2c /home/wang/wmsdk_bundle-3.1.16/bin/wmsdk/libs/libdrv.a(mw300_qspi.o)
                0x00105a64                QSPI_SetHdrcnt
 .text.QSPI_SetAddrCnt
                0x00105a90       0x10 /home/wang/wmsdk_bundle-3.1.16/bin/wmsdk/libs/libdrv.a(mw300_qspi.o)
                0x00105a90                QSPI_SetAddrCnt
 .text.QSPI_SetRModeCnt
                0x00105aa0       0x10 /home/wang/wmsdk_bundle-3.1.16/bin/wmsdk/libs/libdrv.a(mw300_qspi.o)
                0x00105aa0                QSPI_SetRModeCnt
 .text.QSPI_SetDummyCnt
                0x00105ab0       0x10 /home/wang/wmsdk_bundle-3.1.16/bin/wmsdk/libs/libdrv.a(mw300_qspi.o)
                0x00105ab0                QSPI_SetDummyCnt
 .text.QSPI_SetInstr
                0x00105ac0        0xc /home/wang/wmsdk_bundle-3.1.16/bin/wmsdk/libs/libdrv.a(mw300_qspi.o)
                0x00105ac0                QSPI_SetInstr
 .text.QSPI_SetAddr
                0x00105acc        0xc /home/wang/wmsdk_bundle-3.1.16/bin/wmsdk/libs/libdrv.a(mw300_qspi.o)
                0x00105acc                QSPI_SetAddr
 .text.QSPI_SetRMode
                0x00105ad8        0xc /home/wang/wmsdk_bundle-3.1.16/bin/wmsdk/libs/libdrv.a(mw300_qspi.o)
                0x00105ad8                QSPI_SetRMode
 .text.QSPI_SetDInCnt
                0x00105ae4       0x10 /home/wang/wmsdk_bundle-3.1.16/bin/wmsdk/libs/libdrv.a(mw300_qspi.o)
                0x00105ae4                QSPI_SetDInCnt
 .text.QSPI_SetSSEnable
                0x00105af4       0x18 /home/wang/wmsdk_bundle-3.1.16/bin/wmsdk/libs/libdrv.a(mw300_qspi.o)
                0x00105af4                QSPI_SetSSEnable
 .text.QSPI_StartTransfer
                0x00105b0c       0x24 /home/wang/wmsdk_bundle-3.1.16/bin/wmsdk/libs/libdrv.a(mw300_qspi.o)
                0x00105b0c                QSPI_StartTransfer
 .text.QSPI_StopTransfer
                0x00105b30       0x2c /home/wang/wmsdk_bundle-3.1.16/bin/wmsdk/libs/libdrv.a(mw300_qspi.o)
                0x00105b30                QSPI_StopTransfer
 .text.QSPI_WriteByte
                0x00105b5c       0x10 /home/wang/wmsdk_bundle-3.1.16/bin/wmsdk/libs/libdrv.a(mw300_qspi.o)
                0x00105b5c                QSPI_WriteByte
 .text.QSPI_ReadByte
                0x00105b6c       0x14 /home/wang/wmsdk_bundle-3.1.16/bin/wmsdk/libs/libdrv.a(mw300_qspi.o)
                0x00105b6c                QSPI_ReadByte
 .text          0x00105b80      0x370 /home/wang/work/gcc-arm-none-eabi-4_8-2014q2/bin/../lib/gcc/arm-none-eabi/4.8.4/armv7e-m/libgcc.a(_arm_addsubdf3.o)
                0x00105b80                __aeabi_drsub
                0x00105b88                __aeabi_dsub
                0x00105b88                __subdf3
                0x00105b8c                __adddf3
                0x00105b8c                __aeabi_dadd
                0x00105e04                __aeabi_ui2d
                0x00105e04                __floatunsidf
                0x00105e24                __floatsidf
                0x00105e24                __aeabi_i2d
                0x00105e48                __extendsfdf2
                0x00105e48                __aeabi_f2d
                0x00105e84                __aeabi_ul2d
                0x00105e84                __floatundidf
                0x00105e94                __floatdidf
                0x00105e94                __aeabi_l2d
 .text          0x00105ef0      0x424 /home/wang/work/gcc-arm-none-eabi-4_8-2014q2/bin/../lib/gcc/arm-none-eabi/4.8.4/armv7e-m/libgcc.a(_arm_muldivdf3.o)
                0x00105ef0                __aeabi_dmul
                0x00105ef0                __muldf3
                0x00106144                __aeabi_ddiv
                0x00106144                __divdf3
 .text          0x00106314       0x50 /home/wang/work/gcc-arm-none-eabi-4_8-2014q2/bin/../lib/gcc/arm-none-eabi/4.8.4/armv7e-m/libgcc.a(_arm_fixdfsi.o)
                0x00106314                __fixdfsi
                0x00106314                __aeabi_d2iz
 .text          0x00106364       0x2c /home/wang/work/gcc-arm-none-eabi-4_8-2014q2/bin/../lib/gcc/arm-none-eabi/4.8.4/armv7e-m/libgcc.a(_aeabi_uldivmod.o)
                0x00106364                __aeabi_uldivmod
 .text          0x00106390       0x60 /home/wang/work/gcc-arm-none-eabi-4_8-2014q2/bin/../lib/gcc/arm-none-eabi/4.8.4/armv7e-m/libgcc.a(bpabi.o)
                0x00106390                __gnu_ldivmod_helper
                0x001063c0                __gnu_uldivmod_helper
 .text          0x001063f0        0x4 /home/wang/work/gcc-arm-none-eabi-4_8-2014q2/bin/../lib/gcc/arm-none-eabi/4.8.4/armv7e-m/libgcc.a(_dvmd_tls.o)
                0x001063f0                __aeabi_ldiv0
                0x001063f0                __aeabi_idiv0
 .text          0x001063f4      0x298 /home/wang/work/gcc-arm-none-eabi-4_8-2014q2/bin/../lib/gcc/arm-none-eabi/4.8.4/armv7e-m/libgcc.a(_divdi3.o)
                0x001063f4                __divdi3
 .text          0x0010668c      0x284 /home/wang/work/gcc-arm-none-eabi-4_8-2014q2/bin/../lib/gcc/arm-none-eabi/4.8.4/armv7e-m/libgcc.a(_udivdi3.o)
                0x0010668c                __udivdi3
 .text          0x00106910      0x134 /home/wang/work/gcc-arm-none-eabi-4_8-2014q2/bin/../lib/gcc/arm-none-eabi/4.8.4/../../../../arm-none-eabi/lib/armv7e-m/libg.a(lib_a-memcpy.o)
                0x00106910                memcpy
 .text.memset   0x00106a44       0x94 /home/wang/work/gcc-arm-none-eabi-4_8-2014q2/bin/../lib/gcc/arm-none-eabi/4.8.4/../../../../arm-none-eabi/lib/armv7e-m/libg.a(lib_a-memset.o)
                0x00106a44                memset
 *(.ram .ram.*)
 .ram           0x00106ad8      0x268 /home/wang/wmsdk_bundle-3.1.16/bin/wmsdk/libs/libdrv.a(mdev_iflash.o)
                0x00106ad8                iflash_flashc_to_qspi_read_jedecid
                0x00106b30                iflash_flashc_to_qspi_read_uniqid
                0x00106b88                iflash_flashc_to_qspi_read
                0x00106c14                iflash_flashc_to_qspi_write
                0x00106c8c                iflash_flashc_to_qspi_erase
                0x00106ce8                iflash_flashc_to_qspi_eraseall
 *(.rodata .rodata.* .gnu.linkonce.r.*)
 .rodata.str1.1
                0x00106d40      0x288 /home/wang/wmsdk_bundle-3.1.16/bin/wmsdk/libs/libdrv.a(mdev_startup.o)
                                0x2b2 (size before relaxing)
 .rodata.gptAddr
                0x00106fc8       0x10 /home/wang/wmsdk_bundle-3.1.16/bin/wmsdk/libs/libdrv.a(mw300_gpt.o)
 .rodata.ucExpectedStackBytes.5962
                0x00106fd8       0x14 /home/wang/wmsdk_bundle-3.1.16/bin/wmsdk/libs/libfreertos.a(tasks.o)
 .rodata.str1.4
                0x00106fec       0x3a /home/wang/wmsdk_bundle-3.1.16/bin/wmsdk/libs/libfreertos.a(tasks.o)
                                 0x3c (size before relaxing)
 *fill*         0x00107026        0x2 
 .rodata.str1.4
                0x00107028        0x8 /home/wang/wmsdk_bundle-3.1.16/bin/wmsdk/libs/libfreertos.a(timers.o)
 .rodata.str1.1
                0x00107030      0x188 /home/wang/wmsdk_bundle-3.1.16/bin/wmsdk/libs/libos.a(os.o)
                                0x18b (size before relaxing)
 .rodata.str1.1
                0x001071b8       0xb6 /home/wang/wmsdk_bundle-3.1.16/bin/wmsdk/libs/libutil.a(critical_error.o)
 .rodata.str1.1
                0x0010726e       0x7e obj/main.o
                                 0x81 (size before relaxing)
 .rodata.str1.1
                0x001072ec      0xb10 obj/audio_read_write.o
 .rodata.str1.1
                0x00107dfc       0x9f obj/save_file_addr.o
                                 0xfc (size before relaxing)
 .rodata.lcdigits.3829
                0x00107e9b       0x11 /home/wang/wmsdk_bundle-3.1.16/bin/wmsdk/libs/libc.a(vsnprintf.o)
 .rodata.str1.1
                0x00107eac        0x7 /home/wang/wmsdk_bundle-3.1.16/bin/wmsdk/libs/libc.a(vsnprintf.o)
 .rodata.ucdigits.3830
                0x00107eb3       0x11 /home/wang/wmsdk_bundle-3.1.16/bin/wmsdk/libs/libc.a(vsnprintf.o)
 .rodata.uartAddr
                0x00107ec4        0xc /home/wang/wmsdk_bundle-3.1.16/bin/wmsdk/libs/libdrv.a(mw300_uart.o)
 .rodata.mdev_uart_name
                0x00107ed0        0xc /home/wang/wmsdk_bundle-3.1.16/bin/wmsdk/libs/libdrv.a(mdev_uart.o)
 .rodata.str1.1
                0x00107edc      0x36d /home/wang/wmsdk_bundle-3.1.16/bin/wmsdk/libs/libdrv.a(mdev_uart.o)
 .rodata.__func__.13723
                0x00108249       0x13 /home/wang/wmsdk_bundle-3.1.16/bin/wmsdk/libs/libdrv.a(mdev_uart.o)
 .rodata.str1.1
                0x0010825c       0x39 /home/wang/wmsdk_bundle-3.1.16/bin/wmsdk/libs/libdrv.a(mdev_dma.o)
                                 0x42 (size before relaxing)
 .rodata.str1.1
                0x00108295        0x7 /home/wang/wmsdk_bundle-3.1.16/bin/wmsdk/libs/libutil.a(flash.o)
 .rodata.str1.1
                0x0010829c       0x46 /home/wang/wmsdk_bundle-3.1.16/bin/wmsdk/libs/libdrv.a(mdev_iflash.o)
                                 0x56 (size before relaxing)
 *fill*         0x001082e2        0x2 
 .rodata.fl_dev_list
                0x001082e4       0xb4 /home/wang/wmsdk_bundle-3.1.16/bin/wmsdk/libs/libdrv.a(mw300_flash.o)
                0x001082e4                fl_dev_list
                0x00108398                . = ALIGN (0x4)
                0x00108398                _etext = .

.glue_7         0x00108398        0x0
 .glue_7        0x00000000        0x0 linker stubs

.glue_7t        0x00108398        0x0
 .glue_7t       0x00000000        0x0 linker stubs

.vfp11_veneer   0x00108398        0x0
 .vfp11_veneer  0x00000000        0x0 linker stubs

.v4_bx          0x00108398        0x0
 .v4_bx         0x00000000        0x0 linker stubs

.iplt           0x00108398        0x0
 .iplt          0x00000000        0x0 /home/wang/wmsdk_bundle-3.1.16/bin/wmsdk/libs/libdrv.a(mdev_startup.o)

.rel.dyn        0x00108398        0x0
 .rel.iplt      0x00000000        0x0 /home/wang/wmsdk_bundle-3.1.16/bin/wmsdk/libs/libdrv.a(mdev_startup.o)
                0x00108398                . = ALIGN (0x4)
                0x00108398                _heap_start = .
                0x0015f000                . = _e_sram0
                0x0015f000                _heap_end = .
                0x00056c68                _actual_heap_size = (_heap_end - _heap_start)
                0x00000001                ASSERT ((_actual_heap_size >= _heap_size), Text overflow in heap area.)

.rom_data       0x20000000       0x40
                0x20000000                _rom_data_start = .
                0x20000040                . = (. + _rom_data)
 *fill*         0x20000000       0x40 
                0x00000001                ASSERT ((_rom_data_start == ORIGIN (SRAM1)), Invalid start address of .rom_data)

.data           0x20000040      0x114
                0x20000040                _data = .
 *(.data)
 *(.data.*)
 .data.intCbfArra
                0x20000040       0xf0 /home/wang/wmsdk_bundle-3.1.16/bin/wmsdk/libs/libdrv.a(mw300_driver.o)
                0x20000040                intCbfArra
 .data.uxPreviousTask
                0x20000130        0x4 /home/wang/wmsdk_bundle-3.1.16/bin/wmsdk/libs/libfreertos.a(tasks.o)
 .data.xNextTaskUnblockTime
                0x20000134        0x4 /home/wang/wmsdk_bundle-3.1.16/bin/wmsdk/libs/libfreertos.a(tasks.o)
 .data.uxCriticalNesting
                0x20000138        0x4 /home/wang/wmsdk_bundle-3.1.16/bin/wmsdk/libs/libfreertos.a(port.o)
 .data.c_stdio_funcs
                0x2000013c        0x4 /home/wang/wmsdk_bundle-3.1.16/bin/wmsdk/libs/libwmstdio.a(wmstdio.o)
                0x2000013c                c_stdio_funcs
 .data.serial_console_funcs
                0x20000140       0x10 /home/wang/wmsdk_bundle-3.1.16/bin/wmsdk/libs/libwmstdio.a(console.o)
                0x20000140                serial_console_funcs
 .data.g_fl_cfg
                0x20000150        0x4 /home/wang/wmsdk_bundle-3.1.16/bin/wmsdk/libs/libdrv.a(mw300_flash.o)
                0x20000154                _edata = .

.igot.plt       0x20000154        0x0
 .igot.plt      0x00000000        0x0 /home/wang/wmsdk_bundle-3.1.16/bin/wmsdk/libs/libdrv.a(mdev_startup.o)

.bss            0x20000158      0xba8
                0x20000158                _bss = .
 *(.bss)
 *(.bss.*)
 .bss.stptr     0x20000158        0x4 /home/wang/wmsdk_bundle-3.1.16/bin/wmsdk/libs/libdrv.a(mdev_startup.o)
 .bss.dmaCh24IntCb
                0x2000015c       0x10 /home/wang/wmsdk_bundle-3.1.16/bin/wmsdk/libs/libdrv.a(mw300_driver.o)
                0x2000015c                dmaCh24IntCb
 .bss.dmaCh9IntCb
                0x2000016c       0x10 /home/wang/wmsdk_bundle-3.1.16/bin/wmsdk/libs/libdrv.a(mw300_driver.o)
                0x2000016c                dmaCh9IntCb
 .bss.rtcIntCb  0x2000017c       0x20 /home/wang/wmsdk_bundle-3.1.16/bin/wmsdk/libs/libdrv.a(mw300_driver.o)
                0x2000017c                rtcIntCb
 .bss.dacIntCb  0x2000019c       0x14 /home/wang/wmsdk_bundle-3.1.16/bin/wmsdk/libs/libdrv.a(mw300_driver.o)
                0x2000019c                dacIntCb
 .bss.wdtIntCb  0x200001b0       0x14 /home/wang/wmsdk_bundle-3.1.16/bin/wmsdk/libs/libdrv.a(mw300_driver.o)
                0x200001b0                wdtIntCb
 .bss.usbIntCb  0x200001c4        0xc /home/wang/wmsdk_bundle-3.1.16/bin/wmsdk/libs/libdrv.a(mw300_driver.o)
                0x200001c4                usbIntCb
 .bss.wifiwakeupIntCb
                0x200001d0        0x4 /home/wang/wmsdk_bundle-3.1.16/bin/wmsdk/libs/libdrv.a(mw300_driver.o)
                0x200001d0                wifiwakeupIntCb
 .bss.dmaCh0IntCb
                0x200001d4       0x10 /home/wang/wmsdk_bundle-3.1.16/bin/wmsdk/libs/libdrv.a(mw300_driver.o)
                0x200001d4                dmaCh0IntCb
 .bss.dmaCh15IntCb
                0x200001e4       0x10 /home/wang/wmsdk_bundle-3.1.16/bin/wmsdk/libs/libdrv.a(mw300_driver.o)
                0x200001e4                dmaCh15IntCb
 .bss.dmaCh31IntCb
                0x200001f4       0x10 /home/wang/wmsdk_bundle-3.1.16/bin/wmsdk/libs/libdrv.a(mw300_driver.o)
                0x200001f4                dmaCh31IntCb
 .bss.dmaCh28IntCb
                0x20000204       0x10 /home/wang/wmsdk_bundle-3.1.16/bin/wmsdk/libs/libdrv.a(mw300_driver.o)
                0x20000204                dmaCh28IntCb
 .bss.i2c1IntCb
                0x20000214       0x30 /home/wang/wmsdk_bundle-3.1.16/bin/wmsdk/libs/libdrv.a(mw300_driver.o)
                0x20000214                i2c1IntCb
 .bss.dmaCh12IntCb
                0x20000244       0x10 /home/wang/wmsdk_bundle-3.1.16/bin/wmsdk/libs/libdrv.a(mw300_driver.o)
                0x20000244                dmaCh12IntCb
 .bss.gpt1IntCb
                0x20000254       0x3c /home/wang/wmsdk_bundle-3.1.16/bin/wmsdk/libs/libdrv.a(mw300_driver.o)
                0x20000254                gpt1IntCb
 .bss.rc32mIntCb
                0x20000290        0x8 /home/wang/wmsdk_bundle-3.1.16/bin/wmsdk/libs/libdrv.a(mw300_driver.o)
                0x20000290                rc32mIntCb
 .bss.dmaCh25IntCb
                0x20000298       0x10 /home/wang/wmsdk_bundle-3.1.16/bin/wmsdk/libs/libdrv.a(mw300_driver.o)
                0x20000298                dmaCh25IntCb
 .bss.uart1IntCb
                0x200002a8       0x18 /home/wang/wmsdk_bundle-3.1.16/bin/wmsdk/libs/libdrv.a(mw300_driver.o)
                0x200002a8                uart1IntCb
 .bss.adc0IntCb
                0x200002c0       0x1c /home/wang/wmsdk_bundle-3.1.16/bin/wmsdk/libs/libdrv.a(mw300_driver.o)
                0x200002c0                adc0IntCb
 .bss.dmaCh3IntCb
                0x200002dc       0x10 /home/wang/wmsdk_bundle-3.1.16/bin/wmsdk/libs/libdrv.a(mw300_driver.o)
                0x200002dc                dmaCh3IntCb
 .bss.dmaCh22IntCb
                0x200002ec       0x10 /home/wang/wmsdk_bundle-3.1.16/bin/wmsdk/libs/libdrv.a(mw300_driver.o)
                0x200002ec                dmaCh22IntCb
 .bss.dmaCh7IntCb
                0x200002fc       0x10 /home/wang/wmsdk_bundle-3.1.16/bin/wmsdk/libs/libdrv.a(mw300_driver.o)
                0x200002fc                dmaCh7IntCb
 .bss.acompIntCb
                0x2000030c       0x10 /home/wang/wmsdk_bundle-3.1.16/bin/wmsdk/libs/libdrv.a(mw300_driver.o)
                0x2000030c                acompIntCb
 .bss.ssp2IntCb
                0x2000031c       0x20 /home/wang/wmsdk_bundle-3.1.16/bin/wmsdk/libs/libdrv.a(mw300_driver.o)
                0x2000031c                ssp2IntCb
 .bss.dmaCh6IntCb
                0x2000033c       0x10 /home/wang/wmsdk_bundle-3.1.16/bin/wmsdk/libs/libdrv.a(mw300_driver.o)
                0x2000033c                dmaCh6IntCb
 .bss.dmaCh19IntCb
                0x2000034c       0x10 /home/wang/wmsdk_bundle-3.1.16/bin/wmsdk/libs/libdrv.a(mw300_driver.o)
                0x2000034c                dmaCh19IntCb
 .bss.gpt2IntCb
                0x2000035c       0x3c /home/wang/wmsdk_bundle-3.1.16/bin/wmsdk/libs/libdrv.a(mw300_driver.o)
                0x2000035c                gpt2IntCb
 .bss.uart0IntCb
                0x20000398       0x18 /home/wang/wmsdk_bundle-3.1.16/bin/wmsdk/libs/libdrv.a(mw300_driver.o)
                0x20000398                uart0IntCb
 .bss.mpuIntCb  0x200003b0       0x10 /home/wang/wmsdk_bundle-3.1.16/bin/wmsdk/libs/libdrv.a(mw300_driver.o)
                0x200003b0                mpuIntCb
 .bss.dmaCh16IntCb
                0x200003c0       0x10 /home/wang/wmsdk_bundle-3.1.16/bin/wmsdk/libs/libdrv.a(mw300_driver.o)
                0x200003c0                dmaCh16IntCb
 .bss.uart2IntCb
                0x200003d0       0x18 /home/wang/wmsdk_bundle-3.1.16/bin/wmsdk/libs/libdrv.a(mw300_driver.o)
                0x200003d0                uart2IntCb
 .bss.dmaCh29IntCb
                0x200003e8       0x10 /home/wang/wmsdk_bundle-3.1.16/bin/wmsdk/libs/libdrv.a(mw300_driver.o)
                0x200003e8                dmaCh29IntCb
 .bss.gpt3IntCb
                0x200003f8       0x3c /home/wang/wmsdk_bundle-3.1.16/bin/wmsdk/libs/libdrv.a(mw300_driver.o)
                0x200003f8                gpt3IntCb
 .bss.dmaCh13IntCb
                0x20000434       0x10 /home/wang/wmsdk_bundle-3.1.16/bin/wmsdk/libs/libdrv.a(mw300_driver.o)
                0x20000434                dmaCh13IntCb
 .bss.dmaCh18IntCb
                0x20000444       0x10 /home/wang/wmsdk_bundle-3.1.16/bin/wmsdk/libs/libdrv.a(mw300_driver.o)
                0x20000444                dmaCh18IntCb
 .bss.extpin0IntCb
                0x20000454        0x4 /home/wang/wmsdk_bundle-3.1.16/bin/wmsdk/libs/libdrv.a(mw300_driver.o)
                0x20000454                extpin0IntCb
 .bss.sdioIntCb
                0x20000458       0x50 /home/wang/wmsdk_bundle-3.1.16/bin/wmsdk/libs/libdrv.a(mw300_driver.o)
                0x20000458                sdioIntCb
 .bss.ssp0IntCb
                0x200004a8       0x20 /home/wang/wmsdk_bundle-3.1.16/bin/wmsdk/libs/libdrv.a(mw300_driver.o)
                0x200004a8                ssp0IntCb
 .bss.dmaCh10IntCb
                0x200004c8       0x10 /home/wang/wmsdk_bundle-3.1.16/bin/wmsdk/libs/libdrv.a(mw300_driver.o)
                0x200004c8                dmaCh10IntCb
 .bss.dmaCh23IntCb
                0x200004d8       0x10 /home/wang/wmsdk_bundle-3.1.16/bin/wmsdk/libs/libdrv.a(mw300_driver.o)
                0x200004d8                dmaCh23IntCb
 .bss.dmaCh8IntCb
                0x200004e8       0x10 /home/wang/wmsdk_bundle-3.1.16/bin/wmsdk/libs/libdrv.a(mw300_driver.o)
                0x200004e8                dmaCh8IntCb
 .bss.aesIntCb  0x200004f8       0x20 /home/wang/wmsdk_bundle-3.1.16/bin/wmsdk/libs/libdrv.a(mw300_driver.o)
                0x200004f8                aesIntCb
 .bss.dmaCh1IntCb
                0x20000518       0x10 /home/wang/wmsdk_bundle-3.1.16/bin/wmsdk/libs/libdrv.a(mw300_driver.o)
                0x20000518                dmaCh1IntCb
 .bss.dmaCh20IntCb
                0x20000528       0x10 /home/wang/wmsdk_bundle-3.1.16/bin/wmsdk/libs/libdrv.a(mw300_driver.o)
                0x20000528                dmaCh20IntCb
 .bss.dmaCh5IntCb
                0x20000538       0x10 /home/wang/wmsdk_bundle-3.1.16/bin/wmsdk/libs/libdrv.a(mw300_driver.o)
                0x20000538                dmaCh5IntCb
 .bss.qspiIntCb
                0x20000548       0x30 /home/wang/wmsdk_bundle-3.1.16/bin/wmsdk/libs/libdrv.a(mw300_driver.o)
                0x20000548                qspiIntCb
 .bss.dmaCh2IntCb
                0x20000578       0x10 /home/wang/wmsdk_bundle-3.1.16/bin/wmsdk/libs/libdrv.a(mw300_driver.o)
                0x20000578                dmaCh2IntCb
 .bss.dmaCh21IntCb
                0x20000588       0x10 /home/wang/wmsdk_bundle-3.1.16/bin/wmsdk/libs/libdrv.a(mw300_driver.o)
                0x20000588                dmaCh21IntCb
 .bss.extpin1IntCb
                0x20000598        0x4 /home/wang/wmsdk_bundle-3.1.16/bin/wmsdk/libs/libdrv.a(mw300_driver.o)
                0x20000598                extpin1IntCb
 .bss.dmaCh30IntCb
                0x2000059c       0x10 /home/wang/wmsdk_bundle-3.1.16/bin/wmsdk/libs/libdrv.a(mw300_driver.o)
                0x2000059c                dmaCh30IntCb
 .bss.ssp1IntCb
                0x200005ac       0x20 /home/wang/wmsdk_bundle-3.1.16/bin/wmsdk/libs/libdrv.a(mw300_driver.o)
                0x200005ac                ssp1IntCb
 .bss.dmaCh17IntCb
                0x200005cc       0x10 /home/wang/wmsdk_bundle-3.1.16/bin/wmsdk/libs/libdrv.a(mw300_driver.o)
                0x200005cc                dmaCh17IntCb
 .bss.gpt0IntCb
                0x200005dc       0x3c /home/wang/wmsdk_bundle-3.1.16/bin/wmsdk/libs/libdrv.a(mw300_driver.o)
                0x200005dc                gpt0IntCb
 .bss.dmaCh26IntCb
                0x20000618       0x10 /home/wang/wmsdk_bundle-3.1.16/bin/wmsdk/libs/libdrv.a(mw300_driver.o)
                0x20000618                dmaCh26IntCb
 .bss.dmaCh14IntCb
                0x20000628       0x10 /home/wang/wmsdk_bundle-3.1.16/bin/wmsdk/libs/libdrv.a(mw300_driver.o)
                0x20000628                dmaCh14IntCb
 .bss.dmaCh27IntCb
                0x20000638       0x10 /home/wang/wmsdk_bundle-3.1.16/bin/wmsdk/libs/libdrv.a(mw300_driver.o)
                0x20000638                dmaCh27IntCb
 .bss.crcIntCb  0x20000648       0x20 /home/wang/wmsdk_bundle-3.1.16/bin/wmsdk/libs/libdrv.a(mw300_driver.o)
                0x20000648                crcIntCb
 .bss.i2c0IntCb
                0x20000668       0x30 /home/wang/wmsdk_bundle-3.1.16/bin/wmsdk/libs/libdrv.a(mw300_driver.o)
                0x20000668                i2c0IntCb
 .bss.dmaCh11IntCb
                0x20000698       0x10 /home/wang/wmsdk_bundle-3.1.16/bin/wmsdk/libs/libdrv.a(mw300_driver.o)
                0x20000698                dmaCh11IntCb
 .bss.dmaCh4IntCb
                0x200006a8       0x10 /home/wang/wmsdk_bundle-3.1.16/bin/wmsdk/libs/libdrv.a(mw300_driver.o)
                0x200006a8                dmaCh4IntCb
 .bss.uxTopReadyPriority
                0x200006b8        0x4 /home/wang/wmsdk_bundle-3.1.16/bin/wmsdk/libs/libfreertos.a(tasks.o)
 .bss.uxTasksDeleted
                0x200006bc        0x4 /home/wang/wmsdk_bundle-3.1.16/bin/wmsdk/libs/libfreertos.a(tasks.o)
 .bss.xTickCount
                0x200006c0        0x4 /home/wang/wmsdk_bundle-3.1.16/bin/wmsdk/libs/libfreertos.a(tasks.o)
 .bss.pxReadyTasksLists
                0x200006c4       0x64 /home/wang/wmsdk_bundle-3.1.16/bin/wmsdk/libs/libfreertos.a(tasks.o)
 .bss.pxOverflowDelayedTaskList
                0x20000728        0x4 /home/wang/wmsdk_bundle-3.1.16/bin/wmsdk/libs/libfreertos.a(tasks.o)
 .bss.xTasksWaitingTermination
                0x2000072c       0x14 /home/wang/wmsdk_bundle-3.1.16/bin/wmsdk/libs/libfreertos.a(tasks.o)
 .bss.xTracing  0x20000740        0x4 /home/wang/wmsdk_bundle-3.1.16/bin/wmsdk/libs/libfreertos.a(tasks.o)
 .bss.pxDelayedTaskList
                0x20000744        0x4 /home/wang/wmsdk_bundle-3.1.16/bin/wmsdk/libs/libfreertos.a(tasks.o)
 .bss.uxCurrentNumberOfTasks
                0x20000748        0x4 /home/wang/wmsdk_bundle-3.1.16/bin/wmsdk/libs/libfreertos.a(tasks.o)
 .bss.xPendingReadyList
                0x2000074c       0x14 /home/wang/wmsdk_bundle-3.1.16/bin/wmsdk/libs/libfreertos.a(tasks.o)
 .bss.xSchedulerRunning
                0x20000760        0x4 /home/wang/wmsdk_bundle-3.1.16/bin/wmsdk/libs/libfreertos.a(tasks.o)
 .bss.xMissedYield
                0x20000764        0x4 /home/wang/wmsdk_bundle-3.1.16/bin/wmsdk/libs/libfreertos.a(tasks.o)
 .bss.uxTaskNumber
                0x20000768        0x4 /home/wang/wmsdk_bundle-3.1.16/bin/wmsdk/libs/libfreertos.a(tasks.o)
 .bss.pcTraceBuffer
                0x2000076c        0x4 /home/wang/wmsdk_bundle-3.1.16/bin/wmsdk/libs/libfreertos.a(tasks.o)
 .bss.pxCurrentTCB
                0x20000770        0x4 /home/wang/wmsdk_bundle-3.1.16/bin/wmsdk/libs/libfreertos.a(tasks.o)
                0x20000770                pxCurrentTCB
 .bss.xSuspendedTaskList
                0x20000774       0x14 /home/wang/wmsdk_bundle-3.1.16/bin/wmsdk/libs/libfreertos.a(tasks.o)
 .bss.xDelayedTaskList1
                0x20000788       0x14 /home/wang/wmsdk_bundle-3.1.16/bin/wmsdk/libs/libfreertos.a(tasks.o)
 .bss.xDelayedTaskList2
                0x2000079c       0x14 /home/wang/wmsdk_bundle-3.1.16/bin/wmsdk/libs/libfreertos.a(tasks.o)
 .bss.uxSchedulerSuspended
                0x200007b0        0x4 /home/wang/wmsdk_bundle-3.1.16/bin/wmsdk/libs/libfreertos.a(tasks.o)
 .bss.uxMissedTicks
                0x200007b4        0x4 /home/wang/wmsdk_bundle-3.1.16/bin/wmsdk/libs/libfreertos.a(tasks.o)
 .bss.pcTraceBufferEnd
                0x200007b8        0x4 /home/wang/wmsdk_bundle-3.1.16/bin/wmsdk/libs/libfreertos.a(tasks.o)
 .bss.xNumOfOverflows
                0x200007bc        0x4 /home/wang/wmsdk_bundle-3.1.16/bin/wmsdk/libs/libfreertos.a(tasks.o)
 .bss.uxTopUsedPriority
                0x200007c0        0x4 /home/wang/wmsdk_bundle-3.1.16/bin/wmsdk/libs/libfreertos.a(tasks.o)
 .bss.pxCurrentTimerList
                0x200007c4        0x4 /home/wang/wmsdk_bundle-3.1.16/bin/wmsdk/libs/libfreertos.a(timers.o)
 .bss.xActiveTimerList1
                0x200007c8       0x14 /home/wang/wmsdk_bundle-3.1.16/bin/wmsdk/libs/libfreertos.a(timers.o)
 .bss.xActiveTimerList2
                0x200007dc       0x14 /home/wang/wmsdk_bundle-3.1.16/bin/wmsdk/libs/libfreertos.a(timers.o)
 .bss.xLastTime.4447
                0x200007f0        0x4 /home/wang/wmsdk_bundle-3.1.16/bin/wmsdk/libs/libfreertos.a(timers.o)
 .bss.xTimerQueue
                0x200007f4        0x4 /home/wang/wmsdk_bundle-3.1.16/bin/wmsdk/libs/libfreertos.a(timers.o)
 .bss.pxOverflowTimerList
                0x200007f8        0x4 /home/wang/wmsdk_bundle-3.1.16/bin/wmsdk/libs/libfreertos.a(timers.o)
 .bss.hI        0x200007fc       0x18 /home/wang/wmsdk_bundle-3.1.16/bin/wmsdk/libs/libfreertos.a(heap_4.o)
 .bss.lastHeapAddress
                0x20000814        0x4 /home/wang/wmsdk_bundle-3.1.16/bin/wmsdk/libs/libfreertos.a(heap_4.o)
 .bss.xFreeBytesRemaining
                0x20000818        0x4 /home/wang/wmsdk_bundle-3.1.16/bin/wmsdk/libs/libfreertos.a(heap_4.o)
 .bss.xStart    0x2000081c        0xc /home/wang/wmsdk_bundle-3.1.16/bin/wmsdk/libs/libfreertos.a(heap_4.o)
 .bss.startHeapAddress
                0x20000828        0x4 /home/wang/wmsdk_bundle-3.1.16/bin/wmsdk/libs/libfreertos.a(heap_4.o)
 .bss.configTOTAL_HEAP_SIZE
                0x2000082c        0x4 /home/wang/wmsdk_bundle-3.1.16/bin/wmsdk/libs/libfreertos.a(heap_4.o)
 .bss.xEnd      0x20000830        0xc /home/wang/wmsdk_bundle-3.1.16/bin/wmsdk/libs/libfreertos.a(heap_4.o)
 .bss.xHeapHasBeenInitialised.5075
                0x2000083c        0x4 /home/wang/wmsdk_bundle-3.1.16/bin/wmsdk/libs/libfreertos.a(heap_4.o)
 .bss.xHeap     0x20000840        0x8 /home/wang/wmsdk_bundle-3.1.16/bin/wmsdk/libs/libfreertos.a(heap_4.o)
 .bss.pMdevList
                0x20000848        0x4 /home/wang/wmsdk_bundle-3.1.16/bin/wmsdk/libs/libmdev.a(mdev.o)
                0x20000848                pMdevList
 .bss.g_os_tick_hooks
                0x2000084c       0x10 /home/wang/wmsdk_bundle-3.1.16/bin/wmsdk/libs/libos.a(os.o)
                0x2000084c                g_os_tick_hooks
 .bss.g_sys_lock
                0x2000085c        0x4 /home/wang/wmsdk_bundle-3.1.16/bin/wmsdk/libs/libos.a(os.o)
                0x2000085c                g_sys_lock
 .bss.g_os_idle_hooks
                0x20000860       0x10 /home/wang/wmsdk_bundle-3.1.16/bin/wmsdk/libs/libos.a(os.o)
                0x20000860                g_os_idle_hooks
 .bss.ps_cb_list
                0x20000870       0x78 /home/wang/wmsdk_bundle-3.1.16/bin/wmsdk/libs/libpwrmgr.a(pwrmgr.o)
 .bss.g_rst_cause
                0x200008e8        0x4 /home/wang/wmsdk_bundle-3.1.16/bin/wmsdk/libs/libutil.a(boot_flags.o)
                0x200008e8                g_rst_cause
 .bss.g_boot_flags
                0x200008ec        0x4 /home/wang/wmsdk_bundle-3.1.16/bin/wmsdk/libs/libutil.a(boot_flags.o)
                0x200008ec                g_boot_flags
 .bss.g_prev_version_fw
                0x200008f0        0x4 /home/wang/wmsdk_bundle-3.1.16/bin/wmsdk/libs/libutil.a(boot_flags.o)
                0x200008f0                g_prev_version_fw
 .bss.ll_msg_buf_
                0x200008f4       0x7f /home/wang/wmsdk_bundle-3.1.16/bin/wmsdk/libs/libwmstdio.a(wmstdio.o)
 *fill*         0x20000973        0x1 
 .bss.wmstdio_mutex
                0x20000974        0x4 /home/wang/wmsdk_bundle-3.1.16/bin/wmsdk/libs/libwmstdio.a(wmstdio.o)
 .bss.empty_funcs
                0x20000978       0x10 /home/wang/wmsdk_bundle-3.1.16/bin/wmsdk/libs/libwmstdio.a(wmstdio.o)
                0x20000978                empty_funcs
 .bss.init_done.13540
                0x20000988        0x1 /home/wang/wmsdk_bundle-3.1.16/bin/wmsdk/libs/libwmstdio.a(wmstdio.o)
 .bss.wmstdio_msg_buf_
                0x20000989       0x7f /home/wang/wmsdk_bundle-3.1.16/bin/wmsdk/libs/libwmstdio.a(wmstdio.o)
 .bss.mdev_uart_
                0x20000a08        0x4 /home/wang/wmsdk_bundle-3.1.16/bin/wmsdk/libs/libwmstdio.a(console.o)
 .bss.file_info
                0x20000a0c      0x140 obj/main.o
                0x20000a0c                file_info
 .bss.uart_block_read_sem
                0x20000b4c        0xc /home/wang/wmsdk_bundle-3.1.16/bin/wmsdk/libs/libdrv.a(mdev_uart.o)
 .bss.uart_block_dma_wr_sem
                0x20000b58        0xc /home/wang/wmsdk_bundle-3.1.16/bin/wmsdk/libs/libdrv.a(mdev_uart.o)
 .bss.read_dma  0x20000b64       0x3c /home/wang/wmsdk_bundle-3.1.16/bin/wmsdk/libs/libdrv.a(mdev_uart.o)
                0x20000b64                read_dma
 .bss.uart_8bit_cb_p
                0x20000ba0        0xc /home/wang/wmsdk_bundle-3.1.16/bin/wmsdk/libs/libdrv.a(mdev_uart.o)
 .bss.uart_mutex
                0x20000bac        0xc /home/wang/wmsdk_bundle-3.1.16/bin/wmsdk/libs/libdrv.a(mdev_uart.o)
 .bss.uart_9bit_cb_p
                0x20000bb8        0xc /home/wang/wmsdk_bundle-3.1.16/bin/wmsdk/libs/libdrv.a(mdev_uart.o)
 .bss.uart_dma_rd_cb_p
                0x20000bc4        0xc /home/wang/wmsdk_bundle-3.1.16/bin/wmsdk/libs/libdrv.a(mdev_uart.o)
 .bss.mdev_uart
                0x20000bd0       0x3c /home/wang/wmsdk_bundle-3.1.16/bin/wmsdk/libs/libdrv.a(mdev_uart.o)
 .bss.uartdev_data
                0x20000c0c       0x78 /home/wang/wmsdk_bundle-3.1.16/bin/wmsdk/libs/libdrv.a(mdev_uart.o)
 .bss.mdev_dma_p_data
                0x20000c84       0x3c /home/wang/wmsdk_bundle-3.1.16/bin/wmsdk/libs/libdrv.a(mdev_dma.o)
 .bss.mdev_dma  0x20000cc0       0x14 /home/wang/wmsdk_bundle-3.1.16/bin/wmsdk/libs/libdrv.a(mdev_dma.o)
 .bss.dma_init_done
                0x20000cd4        0x1 /home/wang/wmsdk_bundle-3.1.16/bin/wmsdk/libs/libdrv.a(mdev_dma.o)
 *fill*         0x20000cd5        0x3 
 .bss.fl_cfg    0x20000cd8       0x10 /home/wang/wmsdk_bundle-3.1.16/bin/wmsdk/libs/libdrv.a(mdev_iflash.o)
 .bss.MDEV_iflash
                0x20000ce8       0x14 /home/wang/wmsdk_bundle-3.1.16/bin/wmsdk/libs/libdrv.a(mdev_iflash.o)
 .bss.iflash_mutex
                0x20000cfc        0x4 /home/wang/wmsdk_bundle-3.1.16/bin/wmsdk/libs/libdrv.a(mdev_iflash.o)
 *(COMMON)
                0x20000d00                _ebss = .

._main_stack    0x20000d00      0x800
                0x20000d00                . = ALIGN (0x4)
                0x20001500                . = (. + _min_stack_size)
 *fill*         0x20000d00      0x800 
                0x20001500                . = ALIGN (0x4)

.nvram          0x480c0000       0x44
                0x480c0000                _nvram_start = .
                0x480c0040                . = (. + 0x40)
 *fill*         0x480c0000       0x40 
                0x480c0040                . = ALIGN (0x4)
                0x480c0040                _nvram_begin = .
 *(.nvram)
 *(.nvram.*)
                0x480c0040                _nvram_end = .
                0x480c0040                . = ALIGN (0x4)
 *(.nvram_uninit)
 .nvram_uninit  0x480c0040        0x4 /home/wang/wmsdk_bundle-3.1.16/bin/wmsdk/libs/libdrv.a(mdev_pm.o)
                0x480c0040                pm4_sig
 *(.nvram_uninit.*)

/DISCARD/
 *(.ARM.exidx* .gnu.linkonce.armexidx.*)
OUTPUT(bin/audio_demo.axf elf32-littlearm)

.debug_info     0x00000000    0x2f483
 .debug_info    0x00000000     0x3c01 /home/wang/wmsdk_bundle-3.1.16/bin/wmsdk/libs/libdrv.a(mdev_startup.o)
 .debug_info    0x00003c01     0x4966 /home/wang/wmsdk_bundle-3.1.16/bin/wmsdk/libs/libdrv.a(mdev_pm.o)
 .debug_info    0x00008567     0x3812 /home/wang/wmsdk_bundle-3.1.16/bin/wmsdk/libs/libdrv.a(mw300_clock.o)
 .debug_info    0x0000bd79      0x71f /home/wang/wmsdk_bundle-3.1.16/bin/wmsdk/libs/libdrv.a(mw300_driver.o)
 .debug_info    0x0000c498     0x37de /home/wang/wmsdk_bundle-3.1.16/bin/wmsdk/libs/libdrv.a(mw300_pmu.o)
 .debug_info    0x0000fc76      0x36f /home/wang/wmsdk_bundle-3.1.16/bin/wmsdk/libs/libdrv.a(mw300_pinmux.o)
 .debug_info    0x0000ffe5      0x931 /home/wang/wmsdk_bundle-3.1.16/bin/wmsdk/libs/libdrv.a(mw300_rtc.o)
 .debug_info    0x00010916     0x1b39 /home/wang/wmsdk_bundle-3.1.16/bin/wmsdk/libs/libdrv.a(mw300_gpt.o)
 .debug_info    0x0001244f      0xf14 /home/wang/wmsdk_bundle-3.1.16/bin/wmsdk/libs/libfreertos.a(queue.o)
 .debug_info    0x00013363     0x1efd /home/wang/wmsdk_bundle-3.1.16/bin/wmsdk/libs/libfreertos.a(tasks.o)
 .debug_info    0x00015260      0xddb /home/wang/wmsdk_bundle-3.1.16/bin/wmsdk/libs/libfreertos.a(timers.o)
 .debug_info    0x0001603b      0x212 /home/wang/wmsdk_bundle-3.1.16/bin/wmsdk/libs/libfreertos.a(port.o)
 .debug_info    0x0001624d      0x6c1 /home/wang/wmsdk_bundle-3.1.16/bin/wmsdk/libs/libfreertos.a(heap_4.o)
 .debug_info    0x0001690e      0x27e /home/wang/wmsdk_bundle-3.1.16/bin/wmsdk/libs/libfreertos.a(list.o)
 .debug_info    0x00016b8c      0x3d1 /home/wang/wmsdk_bundle-3.1.16/bin/wmsdk/libs/libmdev.a(mdev.o)
 .debug_info    0x00016f5d     0x204b /home/wang/wmsdk_bundle-3.1.16/bin/wmsdk/libs/libos.a(os.o)
 .debug_info    0x00018fa8     0x10d0 /home/wang/wmsdk_bundle-3.1.16/bin/wmsdk/libs/libpwrmgr.a(pwrmgr.o)
 .debug_info    0x0001a078      0xa20 /home/wang/wmsdk_bundle-3.1.16/bin/wmsdk/libs/libutil.a(boot_flags.o)
 .debug_info    0x0001aa98      0x192 /home/wang/wmsdk_bundle-3.1.16/bin/wmsdk/libs/libutil.a(critical_error.o)
 .debug_info    0x0001ac2a      0xa2e /home/wang/wmsdk_bundle-3.1.16/bin/wmsdk/libs/libwmstdio.a(wmstdio.o)
 .debug_info    0x0001b658      0x41a /home/wang/wmsdk_bundle-3.1.16/bin/wmsdk/libs/libwmstdio.a(console.o)
 .debug_info    0x0001ba72      0x992 obj/main.o
 .debug_info    0x0001c404      0xb5c obj/board.o
 .debug_info    0x0001cf60     0x1068 obj/audio_read_write.o
 .debug_info    0x0001dfc8      0xad6 obj/save_file_addr.o
 .debug_info    0x0001ea9e       0xc2 /home/wang/wmsdk_bundle-3.1.16/bin/wmsdk/libs/libc.a(memcmp.o)
 .debug_info    0x0001eb60      0x129 /home/wang/wmsdk_bundle-3.1.16/bin/wmsdk/libs/libc.a(snprintf.o)
 .debug_info    0x0001ec89      0x4f3 /home/wang/wmsdk_bundle-3.1.16/bin/wmsdk/libs/libc.a(vsnprintf.o)
 .debug_info    0x0001f17c       0xc3 /home/wang/wmsdk_bundle-3.1.16/bin/wmsdk/libs/libc.a(strcmp.o)
 .debug_info    0x0001f23f       0xf4 /home/wang/wmsdk_bundle-3.1.16/bin/wmsdk/libs/libc.a(strncpy.o)
 .debug_info    0x0001f333       0x86 /home/wang/wmsdk_bundle-3.1.16/bin/wmsdk/libs/libc.a(strlen.o)
 .debug_info    0x0001f3b9     0x1986 /home/wang/wmsdk_bundle-3.1.16/bin/wmsdk/libs/libdrv.a(mw300_uart.o)
 .debug_info    0x00020d3f     0x32fe /home/wang/wmsdk_bundle-3.1.16/bin/wmsdk/libs/libdrv.a(mdev_uart.o)
 .debug_info    0x0002403d     0x31f4 /home/wang/wmsdk_bundle-3.1.16/bin/wmsdk/libs/libdrv.a(mdev_dma.o)
 .debug_info    0x00027231     0x21b4 /home/wang/wmsdk_bundle-3.1.16/bin/wmsdk/libs/libdrv.a(mw300_dma.o)
 .debug_info    0x000293e5      0x64b /home/wang/wmsdk_bundle-3.1.16/bin/wmsdk/libs/libutil.a(flash.o)
 .debug_info    0x00029a30     0x212d /home/wang/wmsdk_bundle-3.1.16/bin/wmsdk/libs/libdrv.a(mdev_iflash.o)
 .debug_info    0x0002bb5d     0x2602 /home/wang/wmsdk_bundle-3.1.16/bin/wmsdk/libs/libdrv.a(mw300_flash.o)
 .debug_info    0x0002e15f     0x1324 /home/wang/wmsdk_bundle-3.1.16/bin/wmsdk/libs/libdrv.a(mw300_qspi.o)

.debug_abbrev   0x00000000     0x6297
 .debug_abbrev  0x00000000      0x47b /home/wang/wmsdk_bundle-3.1.16/bin/wmsdk/libs/libdrv.a(mdev_startup.o)
 .debug_abbrev  0x0000047b      0x5eb /home/wang/wmsdk_bundle-3.1.16/bin/wmsdk/libs/libdrv.a(mdev_pm.o)
 .debug_abbrev  0x00000a66      0x2d0 /home/wang/wmsdk_bundle-3.1.16/bin/wmsdk/libs/libdrv.a(mw300_clock.o)
 .debug_abbrev  0x00000d36       0xc1 /home/wang/wmsdk_bundle-3.1.16/bin/wmsdk/libs/libdrv.a(mw300_driver.o)
 .debug_abbrev  0x00000df7      0x374 /home/wang/wmsdk_bundle-3.1.16/bin/wmsdk/libs/libdrv.a(mw300_pmu.o)
 .debug_abbrev  0x0000116b      0x130 /home/wang/wmsdk_bundle-3.1.16/bin/wmsdk/libs/libdrv.a(mw300_pinmux.o)
 .debug_abbrev  0x0000129b      0x21f /home/wang/wmsdk_bundle-3.1.16/bin/wmsdk/libs/libdrv.a(mw300_rtc.o)
 .debug_abbrev  0x000014ba      0x344 /home/wang/wmsdk_bundle-3.1.16/bin/wmsdk/libs/libdrv.a(mw300_gpt.o)
 .debug_abbrev  0x000017fe      0x288 /home/wang/wmsdk_bundle-3.1.16/bin/wmsdk/libs/libfreertos.a(queue.o)
 .debug_abbrev  0x00001a86      0x3a9 /home/wang/wmsdk_bundle-3.1.16/bin/wmsdk/libs/libfreertos.a(tasks.o)
 .debug_abbrev  0x00001e2f      0x2e0 /home/wang/wmsdk_bundle-3.1.16/bin/wmsdk/libs/libfreertos.a(timers.o)
 .debug_abbrev  0x0000210f      0x167 /home/wang/wmsdk_bundle-3.1.16/bin/wmsdk/libs/libfreertos.a(port.o)
 .debug_abbrev  0x00002276      0x34d /home/wang/wmsdk_bundle-3.1.16/bin/wmsdk/libs/libfreertos.a(heap_4.o)
 .debug_abbrev  0x000025c3       0xcb /home/wang/wmsdk_bundle-3.1.16/bin/wmsdk/libs/libfreertos.a(list.o)
 .debug_abbrev  0x0000268e      0x18f /home/wang/wmsdk_bundle-3.1.16/bin/wmsdk/libs/libmdev.a(mdev.o)
 .debug_abbrev  0x0000281d      0x532 /home/wang/wmsdk_bundle-3.1.16/bin/wmsdk/libs/libos.a(os.o)
 .debug_abbrev  0x00002d4f      0x453 /home/wang/wmsdk_bundle-3.1.16/bin/wmsdk/libs/libpwrmgr.a(pwrmgr.o)
 .debug_abbrev  0x000031a2      0x21c /home/wang/wmsdk_bundle-3.1.16/bin/wmsdk/libs/libutil.a(boot_flags.o)
 .debug_abbrev  0x000033be      0x104 /home/wang/wmsdk_bundle-3.1.16/bin/wmsdk/libs/libutil.a(critical_error.o)
 .debug_abbrev  0x000034c2      0x36d /home/wang/wmsdk_bundle-3.1.16/bin/wmsdk/libs/libwmstdio.a(wmstdio.o)
 .debug_abbrev  0x0000382f      0x1bf /home/wang/wmsdk_bundle-3.1.16/bin/wmsdk/libs/libwmstdio.a(console.o)
 .debug_abbrev  0x000039ee      0x229 obj/main.o
 .debug_abbrev  0x00003c17      0x273 obj/board.o
 .debug_abbrev  0x00003e8a      0x1a6 obj/audio_read_write.o
 .debug_abbrev  0x00004030      0x1f5 obj/save_file_addr.o
 .debug_abbrev  0x00004225       0x95 /home/wang/wmsdk_bundle-3.1.16/bin/wmsdk/libs/libc.a(memcmp.o)
 .debug_abbrev  0x000042ba       0xf8 /home/wang/wmsdk_bundle-3.1.16/bin/wmsdk/libs/libc.a(snprintf.o)
 .debug_abbrev  0x000043b2      0x1f0 /home/wang/wmsdk_bundle-3.1.16/bin/wmsdk/libs/libc.a(vsnprintf.o)
 .debug_abbrev  0x000045a2       0x83 /home/wang/wmsdk_bundle-3.1.16/bin/wmsdk/libs/libc.a(strcmp.o)
 .debug_abbrev  0x00004625       0xbb /home/wang/wmsdk_bundle-3.1.16/bin/wmsdk/libs/libc.a(strncpy.o)
 .debug_abbrev  0x000046e0       0x81 /home/wang/wmsdk_bundle-3.1.16/bin/wmsdk/libs/libc.a(strlen.o)
 .debug_abbrev  0x00004761      0x3f6 /home/wang/wmsdk_bundle-3.1.16/bin/wmsdk/libs/libdrv.a(mw300_uart.o)
 .debug_abbrev  0x00004b57      0x58c /home/wang/wmsdk_bundle-3.1.16/bin/wmsdk/libs/libdrv.a(mdev_uart.o)
 .debug_abbrev  0x000050e3      0x4ae /home/wang/wmsdk_bundle-3.1.16/bin/wmsdk/libs/libdrv.a(mdev_dma.o)
 .debug_abbrev  0x00005591      0x237 /home/wang/wmsdk_bundle-3.1.16/bin/wmsdk/libs/libdrv.a(mw300_dma.o)
 .debug_abbrev  0x000057c8      0x184 /home/wang/wmsdk_bundle-3.1.16/bin/wmsdk/libs/libutil.a(flash.o)
 .debug_abbrev  0x0000594c      0x40b /home/wang/wmsdk_bundle-3.1.16/bin/wmsdk/libs/libdrv.a(mdev_iflash.o)
 .debug_abbrev  0x00005d57      0x31d /home/wang/wmsdk_bundle-3.1.16/bin/wmsdk/libs/libdrv.a(mw300_flash.o)
 .debug_abbrev  0x00006074      0x223 /home/wang/wmsdk_bundle-3.1.16/bin/wmsdk/libs/libdrv.a(mw300_qspi.o)

.debug_loc      0x00000000     0xcb44
 .debug_loc     0x00000000      0x209 /home/wang/wmsdk_bundle-3.1.16/bin/wmsdk/libs/libdrv.a(mdev_startup.o)
 .debug_loc     0x00000209      0x501 /home/wang/wmsdk_bundle-3.1.16/bin/wmsdk/libs/libdrv.a(mdev_pm.o)
 .debug_loc     0x0000070a      0x89e /home/wang/wmsdk_bundle-3.1.16/bin/wmsdk/libs/libdrv.a(mw300_clock.o)
 .debug_loc     0x00000fa8      0x30f /home/wang/wmsdk_bundle-3.1.16/bin/wmsdk/libs/libdrv.a(mw300_pmu.o)
 .debug_loc     0x000012b7       0xa8 /home/wang/wmsdk_bundle-3.1.16/bin/wmsdk/libs/libdrv.a(mw300_rtc.o)
 .debug_loc     0x0000135f      0x7d3 /home/wang/wmsdk_bundle-3.1.16/bin/wmsdk/libs/libdrv.a(mw300_gpt.o)
 .debug_loc     0x00001b32      0x93a /home/wang/wmsdk_bundle-3.1.16/bin/wmsdk/libs/libfreertos.a(queue.o)
 .debug_loc     0x0000246c     0x15d1 /home/wang/wmsdk_bundle-3.1.16/bin/wmsdk/libs/libfreertos.a(tasks.o)
 .debug_loc     0x00003a3d      0x80d /home/wang/wmsdk_bundle-3.1.16/bin/wmsdk/libs/libfreertos.a(timers.o)
 .debug_loc     0x0000424a       0x45 /home/wang/wmsdk_bundle-3.1.16/bin/wmsdk/libs/libfreertos.a(port.o)
 .debug_loc     0x0000428f      0x6cc /home/wang/wmsdk_bundle-3.1.16/bin/wmsdk/libs/libfreertos.a(heap_4.o)
 .debug_loc     0x0000495b       0x73 /home/wang/wmsdk_bundle-3.1.16/bin/wmsdk/libs/libfreertos.a(list.o)
 .debug_loc     0x000049ce      0x13f /home/wang/wmsdk_bundle-3.1.16/bin/wmsdk/libs/libmdev.a(mdev.o)
 .debug_loc     0x00004b0d      0xcb7 /home/wang/wmsdk_bundle-3.1.16/bin/wmsdk/libs/libos.a(os.o)
 .debug_loc     0x000057c4      0x6f1 /home/wang/wmsdk_bundle-3.1.16/bin/wmsdk/libs/libpwrmgr.a(pwrmgr.o)
 .debug_loc     0x00005eb5       0x2d /home/wang/wmsdk_bundle-3.1.16/bin/wmsdk/libs/libutil.a(boot_flags.o)
 .debug_loc     0x00005ee2       0x6e /home/wang/wmsdk_bundle-3.1.16/bin/wmsdk/libs/libutil.a(critical_error.o)
 .debug_loc     0x00005f50      0x1a1 /home/wang/wmsdk_bundle-3.1.16/bin/wmsdk/libs/libwmstdio.a(wmstdio.o)
 .debug_loc     0x000060f1      0x11b /home/wang/wmsdk_bundle-3.1.16/bin/wmsdk/libs/libwmstdio.a(console.o)
 .debug_loc     0x0000620c      0x303 obj/main.o
 .debug_loc     0x0000650f      0x12f obj/board.o
 .debug_loc     0x0000663e      0x22b obj/audio_read_write.o
 .debug_loc     0x00006869      0x432 obj/save_file_addr.o
 .debug_loc     0x00006c9b       0xfd /home/wang/wmsdk_bundle-3.1.16/bin/wmsdk/libs/libc.a(memcmp.o)
 .debug_loc     0x00006d98       0x42 /home/wang/wmsdk_bundle-3.1.16/bin/wmsdk/libs/libc.a(snprintf.o)
 .debug_loc     0x00006dda      0xf78 /home/wang/wmsdk_bundle-3.1.16/bin/wmsdk/libs/libc.a(vsnprintf.o)
 .debug_loc     0x00007d52       0xfd /home/wang/wmsdk_bundle-3.1.16/bin/wmsdk/libs/libc.a(strcmp.o)
 .debug_loc     0x00007e4f       0xc6 /home/wang/wmsdk_bundle-3.1.16/bin/wmsdk/libs/libc.a(strncpy.o)
 .debug_loc     0x00007f15       0x3f /home/wang/wmsdk_bundle-3.1.16/bin/wmsdk/libs/libc.a(strlen.o)
 .debug_loc     0x00007f54      0xc0f /home/wang/wmsdk_bundle-3.1.16/bin/wmsdk/libs/libdrv.a(mw300_uart.o)
 .debug_loc     0x00008b63     0x1595 /home/wang/wmsdk_bundle-3.1.16/bin/wmsdk/libs/libdrv.a(mdev_uart.o)
 .debug_loc     0x0000a0f8      0x670 /home/wang/wmsdk_bundle-3.1.16/bin/wmsdk/libs/libdrv.a(mdev_dma.o)
 .debug_loc     0x0000a768      0x209 /home/wang/wmsdk_bundle-3.1.16/bin/wmsdk/libs/libdrv.a(mw300_dma.o)
 .debug_loc     0x0000a971      0x44f /home/wang/wmsdk_bundle-3.1.16/bin/wmsdk/libs/libutil.a(flash.o)
 .debug_loc     0x0000adc0      0x7eb /home/wang/wmsdk_bundle-3.1.16/bin/wmsdk/libs/libdrv.a(mdev_iflash.o)
 .debug_loc     0x0000b5ab      0xe96 /home/wang/wmsdk_bundle-3.1.16/bin/wmsdk/libs/libdrv.a(mw300_flash.o)
 .debug_loc     0x0000c441      0x703 /home/wang/wmsdk_bundle-3.1.16/bin/wmsdk/libs/libdrv.a(mw300_qspi.o)

.debug_aranges  0x00000000     0x1430
 .debug_aranges
                0x00000000       0x58 /home/wang/wmsdk_bundle-3.1.16/bin/wmsdk/libs/libdrv.a(mdev_startup.o)
 .debug_aranges
                0x00000058       0xd8 /home/wang/wmsdk_bundle-3.1.16/bin/wmsdk/libs/libdrv.a(mdev_pm.o)
 .debug_aranges
                0x00000130      0x140 /home/wang/wmsdk_bundle-3.1.16/bin/wmsdk/libs/libdrv.a(mw300_clock.o)
 .debug_aranges
                0x00000270       0x20 /home/wang/wmsdk_bundle-3.1.16/bin/wmsdk/libs/libdrv.a(mw300_driver.o)
 .debug_aranges